C:/SpaceX/STM32Cube_FW_U0_V1.2.0/Projects/STM32U083HCY6/USBX/App/app_usbx_device.c:73:6:MX_USBX_Device_Init	88	static
C:/SpaceX/STM32Cube_FW_U0_V1.2.0/Projects/STM32U083HCY6/USBX/App/app_usbx_device.c:175:12:_ux_utility_interrupt_disable	16	static,ignoring_inline_asm
C:/SpaceX/STM32Cube_FW_U0_V1.2.0/Projects/STM32U083HCY6/USBX/App/app_usbx_device.c:192:6:_ux_utility_interrupt_restore	24	static,ignoring_inline_asm
C:/SpaceX/STM32Cube_FW_U0_V1.2.0/Projects/STM32U083HCY6/USBX/App/app_usbx_device.c:206:7:_ux_utility_time_get	16	static
C:/SpaceX/STM32Cube_FW_U0_V1.2.0/Projects/STM32U083HCY6/USBX/App/app_usbx_device.c:219:6:USBX_Device_Process	16	static
C:/SpaceX/STM32Cube_FW_U0_V1.2.0/Projects/STM32U083HCY6/USBX/App/app_usbx_device.c:227:6:USBX_APP_Device_Init	8	static
