C:/SpaceX/STM32Cube_FW_U0_V1.2.0/Projects/STM32U083HCY6/USBX/App/ux_device_keyboard.c:93:6:USBD_HID_Keyboard_Activate	16	static
C:/SpaceX/STM32Cube_FW_U0_V1.2.0/Projects/STM32U083HCY6/USBX/App/ux_device_keyboard.c:108:6:USBD_HID_Keyboard_Deactivate	16	static
C:/SpaceX/STM32Cube_FW_U0_V1.2.0/Projects/STM32U083HCY6/USBX/App/ux_device_keyboard.c:125:6:USBD_HID_Keyboard_SetReport	32	static
C:/SpaceX/STM32Cube_FW_U0_V1.2.0/Projects/STM32U083HCY6/USBX/App/ux_device_keyboard.c:162:6:USBD_HID_Keyboard_GetReport	24	static
C:/SpaceX/STM32Cube_FW_U0_V1.2.0/Projects/STM32U083HCY6/USBX/App/ux_device_keyboard.c:176:6:USBD_HID_Keyboard_SendReport	80	static
C:/SpaceX/STM32Cube_FW_U0_V1.2.0/Projects/STM32U083HCY6/USBX/App/ux_device_keyboard.c:211:17:GetPage	16	static
C:/SpaceX/STM32Cube_FW_U0_V1.2.0/Projects/STM32U083HCY6/USBX/App/ux_device_keyboard.c:216:6:Erase_Flash_Page	8	static
C:/SpaceX/STM32Cube_FW_U0_V1.2.0/Projects/STM32U083HCY6/USBX/App/ux_device_keyboard.c:258:19:Flash_Write64	56	static
C:/SpaceX/STM32Cube_FW_U0_V1.2.0/Projects/STM32U083HCY6/USBX/App/ux_device_keyboard.c:289:6:USBX_DEVICE_HID_CUSTOMER_Task	40	static
