C:/SpaceX/STM32Cube_FW_U0_V1.2.0/Projects/STM32U083HCY6/USBX/App/ux_device_keyboard.c:99:6:USBD_HID_Keyboard_Activate	16	static
C:/SpaceX/STM32Cube_FW_U0_V1.2.0/Projects/STM32U083HCY6/USBX/App/ux_device_keyboard.c:114:6:USBD_HID_Keyboard_Deactivate	16	static
C:/SpaceX/STM32Cube_FW_U0_V1.2.0/Projects/STM32U083HCY6/USBX/App/ux_device_keyboard.c:131:6:USBD_HID_Keyboard_SetReport	32	static
C:/SpaceX/STM32Cube_FW_U0_V1.2.0/Projects/STM32U083HCY6/USBX/App/ux_device_keyboard.c:168:6:USBD_HID_Keyboard_GetReport	24	static
C:/SpaceX/STM32Cube_FW_U0_V1.2.0/Projects/STM32U083HCY6/USBX/App/ux_device_keyboard.c:182:6:USBD_HID_Keyboard_SendReport	80	static
C:/SpaceX/STM32Cube_FW_U0_V1.2.0/Projects/STM32U083HCY6/USBX/App/ux_device_keyboard.c:217:17:GetPage	16	static
C:/SpaceX/STM32Cube_FW_U0_V1.2.0/Projects/STM32U083HCY6/USBX/App/ux_device_keyboard.c:222:6:Erase_Flash_Page	8	static
C:/SpaceX/STM32Cube_FW_U0_V1.2.0/Projects/STM32U083HCY6/USBX/App/ux_device_keyboard.c:260:19:Flash_Write64	56	static
C:/SpaceX/STM32Cube_FW_U0_V1.2.0/Projects/STM32U083HCY6/USBX/App/ux_device_keyboard.c:291:6:flash_read	32	static
C:/SpaceX/STM32Cube_FW_U0_V1.2.0/Projects/STM32U083HCY6/USBX/App/ux_device_keyboard.c:300:6:USBX_DEVICE_HID_CUSTOMER_Task	56	static
