<!doctype html public "-//w3c//dtd html 4.0 transitional//en">
<html><head>
<title>Static Call Graph - [STM32U083HCY6\STM32U083HCY6.axf]</title></head>
<body><HR>
<H1>Static Call Graph for image STM32U083HCY6\STM32U083HCY6.axf</H1><HR>
<BR><P>#&#060CALLGRAPH&#062# ARM Linker, 6160001: Last Updated: Wed Apr 30 15:39:39 2025
<BR><P>
<H3>Maximum Stack Usage =        376 bytes + Unknown(Functions without stacksize, Cycles, Untraceable Function Pointers)</H3><H3>
Call chain for Maximum Stack Depth:</H3>
_ux_dcd_stm32_function &rArr; _ux_dcd_stm32_setup_isr_pending &rArr; _ux_device_stack_control_request_process &rArr; _ux_device_stack_configuration_set &rArr; _ux_device_stack_interface_set &rArr; _ux_device_stack_interface_start
<P>
<H3>
Functions with no stack information
</H3><UL>
 <LI><a href="#[57]">__user_initial_stackheap</a>
</UL>
</UL>
<P>
<H3>
Mutually Recursive functions
</H3> <LI><a href="#[12]">ADC_COMP1_2_IRQHandler</a>&nbsp;&nbsp;&nbsp;&rArr;&nbsp;&nbsp;&nbsp;<a href="#[12]">ADC_COMP1_2_IRQHandler</a><BR>
 <LI><a href="#[2]">HardFault_Handler</a>&nbsp;&nbsp;&nbsp;&rArr;&nbsp;&nbsp;&nbsp;<a href="#[2]">HardFault_Handler</a><BR>
 <LI><a href="#[1]">NMI_Handler</a>&nbsp;&nbsp;&nbsp;&rArr;&nbsp;&nbsp;&nbsp;<a href="#[1]">NMI_Handler</a><BR>
</UL>
<P>
<H3>
Function Pointers
</H3><UL>
 <LI><a href="#[12]">ADC_COMP1_2_IRQHandler</a> from startup_stm32u083xx.o(.text) referenced from startup_stm32u083xx.o(RESET)
 <LI><a href="#[11]">DMA1_Ch4_7_DMA2_Ch1_5_DMAMUX_OVR_IRQHandler</a> from startup_stm32u083xx.o(.text) referenced from startup_stm32u083xx.o(RESET)
 <LI><a href="#[f]">DMA1_Channel1_IRQHandler</a> from startup_stm32u083xx.o(.text) referenced from startup_stm32u083xx.o(RESET)
 <LI><a href="#[10]">DMA1_Channel2_3_IRQHandler</a> from startup_stm32u083xx.o(.text) referenced from startup_stm32u083xx.o(RESET)
 <LI><a href="#[b]">EXTI0_1_IRQHandler</a> from startup_stm32u083xx.o(.text) referenced from startup_stm32u083xx.o(RESET)
 <LI><a href="#[c]">EXTI2_3_IRQHandler</a> from startup_stm32u083xx.o(.text) referenced from startup_stm32u083xx.o(RESET)
 <LI><a href="#[d]">EXTI4_15_IRQHandler</a> from startup_stm32u083xx.o(.text) referenced from startup_stm32u083xx.o(RESET)
 <LI><a href="#[9]">FLASH_ECC_IRQHandler</a> from startup_stm32u083xx.o(.text) referenced from startup_stm32u083xx.o(RESET)
 <LI><a href="#[2]">HardFault_Handler</a> from stm32u0xx_it.o(.text.HardFault_Handler) referenced from startup_stm32u083xx.o(RESET)
 <LI><a href="#[1d]">I2C1_IRQHandler</a> from startup_stm32u083xx.o(.text) referenced from startup_stm32u083xx.o(RESET)
 <LI><a href="#[1e]">I2C2_3_4_IRQHandler</a> from startup_stm32u083xx.o(.text) referenced from startup_stm32u083xx.o(RESET)
 <LI><a href="#[1c]">LCD_IRQHandler</a> from startup_stm32u083xx.o(.text) referenced from startup_stm32u083xx.o(RESET)
 <LI><a href="#[1]">NMI_Handler</a> from stm32u0xx_it.o(.text.NMI_Handler) referenced from startup_stm32u083xx.o(RESET)
 <LI><a href="#[7]">PVD_PVM_IRQHandler</a> from startup_stm32u083xx.o(.text) referenced from startup_stm32u083xx.o(RESET)
 <LI><a href="#[4]">PendSV_Handler</a> from stm32u0xx_it.o(.text.PendSV_Handler) referenced from startup_stm32u083xx.o(RESET)
 <LI><a href="#[a]">RCC_CRS_IRQHandler</a> from startup_stm32u083xx.o(.text) referenced from startup_stm32u083xx.o(RESET)
 <LI><a href="#[25]">RNG_CRYP_IRQHandler</a> from startup_stm32u083xx.o(.text) referenced from startup_stm32u083xx.o(RESET)
 <LI><a href="#[8]">RTC_TAMP_IRQHandler</a> from startup_stm32u083xx.o(.text) referenced from startup_stm32u083xx.o(RESET)
 <LI><a href="#[0]">Reset_Handler</a> from startup_stm32u083xx.o(.text) referenced from startup_stm32u083xx.o(RESET)
 <LI><a href="#[1f]">SPI1_IRQHandler</a> from startup_stm32u083xx.o(.text) referenced from startup_stm32u083xx.o(RESET)
 <LI><a href="#[20]">SPI2_3_IRQHandler</a> from startup_stm32u083xx.o(.text) referenced from startup_stm32u083xx.o(RESET)
 <LI><a href="#[3]">SVC_Handler</a> from stm32u0xx_it.o(.text.SVC_Handler) referenced from startup_stm32u083xx.o(RESET)
 <LI><a href="#[5]">SysTick_Handler</a> from stm32u0xx_it.o(.text.SysTick_Handler) referenced from startup_stm32u083xx.o(RESET)
 <LI><a href="#[26]">SystemInit</a> from system_stm32u0xx.o(.text.SystemInit) referenced from startup_stm32u083xx.o(.text)
 <LI><a href="#[19]">TIM15_LPTIM3_IRQHandler</a> from startup_stm32u083xx.o(.text) referenced from startup_stm32u083xx.o(RESET)
 <LI><a href="#[1a]">TIM16_IRQHandler</a> from startup_stm32u083xx.o(.text) referenced from startup_stm32u083xx.o(RESET)
 <LI><a href="#[13]">TIM1_BRK_UP_TRG_COM_IRQHandler</a> from startup_stm32u083xx.o(.text) referenced from startup_stm32u083xx.o(RESET)
 <LI><a href="#[14]">TIM1_CC_IRQHandler</a> from startup_stm32u083xx.o(.text) referenced from startup_stm32u083xx.o(RESET)
 <LI><a href="#[15]">TIM2_IRQHandler</a> from startup_stm32u083xx.o(.text) referenced from startup_stm32u083xx.o(RESET)
 <LI><a href="#[16]">TIM3_IRQHandler</a> from startup_stm32u083xx.o(.text) referenced from startup_stm32u083xx.o(RESET)
 <LI><a href="#[17]">TIM6_DAC_LPTIM1_IRQHandler</a> from startup_stm32u083xx.o(.text) referenced from startup_stm32u083xx.o(RESET)
 <LI><a href="#[18]">TIM7_LPTIM2_IRQHandler</a> from startup_stm32u083xx.o(.text) referenced from startup_stm32u083xx.o(RESET)
 <LI><a href="#[1b]">TSC_IRQHandler</a> from startup_stm32u083xx.o(.text) referenced from startup_stm32u083xx.o(RESET)
 <LI><a href="#[21]">USART1_IRQHandler</a> from startup_stm32u083xx.o(.text) referenced from startup_stm32u083xx.o(RESET)
 <LI><a href="#[22]">USART2_LPUART2_IRQHandler</a> from startup_stm32u083xx.o(.text) referenced from startup_stm32u083xx.o(RESET)
 <LI><a href="#[23]">USART3_LPUART1_IRQHandler</a> from startup_stm32u083xx.o(.text) referenced from startup_stm32u083xx.o(RESET)
 <LI><a href="#[24]">USART4_LPUART3_IRQHandler</a> from startup_stm32u083xx.o(.text) referenced from startup_stm32u083xx.o(RESET)
 <LI><a href="#[2b]">USBD_HID_Keyboard_Activate</a> from ux_device_keyboard.o(.text.USBD_HID_Keyboard_Activate) referenced from app_usbx_device.o(.text.MX_USBX_Device_Init)
 <LI><a href="#[2a]">USBD_HID_Keyboard_Deactivate</a> from ux_device_keyboard.o(.text.USBD_HID_Keyboard_Deactivate) referenced from app_usbx_device.o(.text.MX_USBX_Device_Init)
 <LI><a href="#[2c]">USBD_HID_Keyboard_GetReport</a> from ux_device_keyboard.o(.text.USBD_HID_Keyboard_GetReport) referenced from app_usbx_device.o(.text.MX_USBX_Device_Init)
 <LI><a href="#[2d]">USBD_HID_Keyboard_SetReport</a> from ux_device_keyboard.o(.text.USBD_HID_Keyboard_SetReport) referenced from app_usbx_device.o(.text.MX_USBX_Device_Init)
 <LI><a href="#[e]">USB_DRD_FS_IRQHandler</a> from stm32u0xx_it.o(.text.USB_DRD_FS_IRQHandler) referenced from startup_stm32u083xx.o(RESET)
 <LI><a href="#[6]">WWDG_IWDG_IRQHandler</a> from startup_stm32u083xx.o(.text) referenced from startup_stm32u083xx.o(RESET)
 <LI><a href="#[27]">__main</a> from __main.o(!!!main) referenced from startup_stm32u083xx.o(.text)
 <LI><a href="#[29]">_printf_input_char</a> from _printf_char_common.o(.text) referenced from _printf_char_common.o(.text)
 <LI><a href="#[2f]">_ux_dcd_stm32_function</a> from ux_dcd_stm32_function.o(.text._ux_dcd_stm32_function) referenced from ux_dcd_stm32_initialize.o(.text._ux_dcd_stm32_initialize)
 <LI><a href="#[2e]">_ux_device_class_hid_entry</a> from ux_device_class_hid_entry.o(.text._ux_device_class_hid_entry) referenced from app_usbx_device.o(.text.MX_USBX_Device_Init)
 <LI><a href="#[30]">_ux_device_class_hid_tasks_run</a> from ux_device_class_hid_tasks_run.o(.text._ux_device_class_hid_tasks_run) referenced from ux_device_class_hid_initialize.o(.text._ux_device_class_hid_initialize)
 <LI><a href="#[28]">fputc</a> from fputc.o(i.fputc) referenced from _printf_char_file.o(.text)
</UL>
<P>
<H3>
Global Symbols
</H3>
<P><STRONG><a name="[27]"></a>__main</STRONG> (Thumb, 8 bytes, Stack size 0 bytes, __main.o(!!!main))
<BR><BR>[Calls]<UL><LI><a href="#[32]">&gt;&gt;</a>&nbsp;&nbsp;&nbsp;__rt_entry
<LI><a href="#[31]">&gt;&gt;</a>&nbsp;&nbsp;&nbsp;__scatterload
</UL>
<BR>[Address Reference Count : 1]<UL><LI> startup_stm32u083xx.o(.text)
</UL>
<P><STRONG><a name="[31]"></a>__scatterload</STRONG> (Thumb, 0 bytes, Stack size unknown bytes, __scatter.o(!!!scatter))
<BR><BR>[Called By]<UL><LI><a href="#[27]">&gt;&gt;</a>&nbsp;&nbsp;&nbsp;__main
</UL>

<P><STRONG><a name="[33]"></a>__scatterload_rt2</STRONG> (Thumb, 52 bytes, Stack size unknown bytes, __scatter.o(!!!scatter), UNUSED)
<BR><BR>[Calls]<UL><LI><a href="#[32]">&gt;&gt;</a>&nbsp;&nbsp;&nbsp;__rt_entry
</UL>

<P><STRONG><a name="[10d]"></a>__scatterload_rt2_thumb_only</STRONG> (Thumb, 0 bytes, Stack size unknown bytes, __scatter.o(!!!scatter), UNUSED)

<P><STRONG><a name="[10e]"></a>__scatterload_null</STRONG> (Thumb, 0 bytes, Stack size unknown bytes, __scatter.o(!!!scatter), UNUSED)

<P><STRONG><a name="[34]"></a>__scatterload_copy</STRONG> (Thumb, 26 bytes, Stack size unknown bytes, __scatter_copy.o(!!handler_copy), UNUSED)
<BR><BR>[Calls]<UL><LI><a href="#[34]">&gt;&gt;</a>&nbsp;&nbsp;&nbsp;__scatterload_copy
</UL>
<BR>[Called By]<UL><LI><a href="#[34]">&gt;&gt;</a>&nbsp;&nbsp;&nbsp;__scatterload_copy
</UL>

<P><STRONG><a name="[10f]"></a>__scatterload_zeroinit</STRONG> (Thumb, 28 bytes, Stack size unknown bytes, __scatter_zi.o(!!handler_zi), UNUSED)

<P><STRONG><a name="[3e]"></a>__rt_lib_init</STRONG> (Thumb, 0 bytes, Stack size unknown bytes, libinit.o(.ARM.Collect$$libinit$$00000000))
<BR><BR>[Called By]<UL><LI><a href="#[3d]">&gt;&gt;</a>&nbsp;&nbsp;&nbsp;__rt_entry_li
</UL>

<P><STRONG><a name="[110]"></a>__rt_lib_init_fp_1</STRONG> (Thumb, 0 bytes, Stack size unknown bytes, libinit2.o(.ARM.Collect$$libinit$$00000002))

<P><STRONG><a name="[35]"></a>__rt_lib_init_heap_2</STRONG> (Thumb, 0 bytes, Stack size unknown bytes, libinit2.o(.ARM.Collect$$libinit$$00000005))
<BR><BR>[Stack]<UL><LI>Max Depth = 64 + Unknown Stack Size
<LI>Call Chain = __rt_lib_init_heap_2 &rArr; _init_alloc &rArr; __rt_SIGRTMEM &rArr; __rt_SIGRTMEM_inner &rArr; __default_signal_display &rArr; _ttywrch
</UL>
<BR>[Calls]<UL><LI><a href="#[36]">&gt;&gt;</a>&nbsp;&nbsp;&nbsp;_init_alloc
</UL>

<P><STRONG><a name="[111]"></a>__rt_lib_init_preinit_1</STRONG> (Thumb, 0 bytes, Stack size unknown bytes, libinit2.o(.ARM.Collect$$libinit$$00000004))

<P><STRONG><a name="[112]"></a>__rt_lib_init_atexit_1</STRONG> (Thumb, 0 bytes, Stack size unknown bytes, libinit2.o(.ARM.Collect$$libinit$$0000001B))

<P><STRONG><a name="[113]"></a>__rt_lib_init_clock_1</STRONG> (Thumb, 0 bytes, Stack size unknown bytes, libinit2.o(.ARM.Collect$$libinit$$00000021))

<P><STRONG><a name="[114]"></a>__rt_lib_init_fp_trap_1</STRONG> (Thumb, 0 bytes, Stack size unknown bytes, libinit2.o(.ARM.Collect$$libinit$$0000001F))

<P><STRONG><a name="[115]"></a>__rt_lib_init_getenv_1</STRONG> (Thumb, 0 bytes, Stack size unknown bytes, libinit2.o(.ARM.Collect$$libinit$$00000023))

<P><STRONG><a name="[116]"></a>__rt_lib_init_heap_1</STRONG> (Thumb, 0 bytes, Stack size unknown bytes, libinit2.o(.ARM.Collect$$libinit$$0000000A))

<P><STRONG><a name="[117]"></a>__rt_lib_init_lc_collate_1</STRONG> (Thumb, 0 bytes, Stack size unknown bytes, libinit2.o(.ARM.Collect$$libinit$$00000011))

<P><STRONG><a name="[118]"></a>__rt_lib_init_lc_ctype_1</STRONG> (Thumb, 0 bytes, Stack size unknown bytes, libinit2.o(.ARM.Collect$$libinit$$00000013))

<P><STRONG><a name="[119]"></a>__rt_lib_init_lc_monetary_1</STRONG> (Thumb, 0 bytes, Stack size unknown bytes, libinit2.o(.ARM.Collect$$libinit$$00000015))

<P><STRONG><a name="[11a]"></a>__rt_lib_init_lc_numeric_1</STRONG> (Thumb, 0 bytes, Stack size unknown bytes, libinit2.o(.ARM.Collect$$libinit$$00000017))

<P><STRONG><a name="[11b]"></a>__rt_lib_init_lc_time_1</STRONG> (Thumb, 0 bytes, Stack size unknown bytes, libinit2.o(.ARM.Collect$$libinit$$00000019))

<P><STRONG><a name="[11c]"></a>__rt_lib_init_rand_1</STRONG> (Thumb, 0 bytes, Stack size unknown bytes, libinit2.o(.ARM.Collect$$libinit$$0000000E))

<P><STRONG><a name="[11d]"></a>__rt_lib_init_signal_1</STRONG> (Thumb, 0 bytes, Stack size unknown bytes, libinit2.o(.ARM.Collect$$libinit$$0000001D))

<P><STRONG><a name="[37]"></a>__rt_lib_init_stdio_2</STRONG> (Thumb, 0 bytes, Stack size unknown bytes, libinit2.o(.ARM.Collect$$libinit$$00000024))
<BR><BR>[Stack]<UL><LI>Max Depth = 144 + Unknown Stack Size
<LI>Call Chain = __rt_lib_init_stdio_2 &rArr; _initio &rArr; freopen &rArr; _fclose_internal &rArr; _fflush &rArr; _writebuf &rArr; _sys_write
</UL>
<BR>[Calls]<UL><LI><a href="#[38]">&gt;&gt;</a>&nbsp;&nbsp;&nbsp;_initio
</UL>

<P><STRONG><a name="[11e]"></a>__rt_lib_init_user_alloc_1</STRONG> (Thumb, 0 bytes, Stack size unknown bytes, libinit2.o(.ARM.Collect$$libinit$$0000000C))

<P><STRONG><a name="[11f]"></a>__rt_lib_init_alloca_1</STRONG> (Thumb, 0 bytes, Stack size unknown bytes, libinit2.o(.ARM.Collect$$libinit$$0000002E))

<P><STRONG><a name="[120]"></a>__rt_lib_init_argv_1</STRONG> (Thumb, 0 bytes, Stack size unknown bytes, libinit2.o(.ARM.Collect$$libinit$$0000002C))

<P><STRONG><a name="[121]"></a>__rt_lib_init_cpp_1</STRONG> (Thumb, 0 bytes, Stack size unknown bytes, libinit2.o(.ARM.Collect$$libinit$$00000032))

<P><STRONG><a name="[122]"></a>__rt_lib_init_exceptions_1</STRONG> (Thumb, 0 bytes, Stack size unknown bytes, libinit2.o(.ARM.Collect$$libinit$$00000030))

<P><STRONG><a name="[123]"></a>__rt_lib_init_return</STRONG> (Thumb, 0 bytes, Stack size unknown bytes, libinit2.o(.ARM.Collect$$libinit$$00000033))

<P><STRONG><a name="[124]"></a>__rt_lib_init_stdio_1</STRONG> (Thumb, 0 bytes, Stack size unknown bytes, libinit2.o(.ARM.Collect$$libinit$$00000025))

<P><STRONG><a name="[43]"></a>__rt_lib_shutdown</STRONG> (Thumb, 0 bytes, Stack size unknown bytes, libshutdown.o(.ARM.Collect$$libshutdown$$00000000))
<BR><BR>[Called By]<UL><LI><a href="#[42]">&gt;&gt;</a>&nbsp;&nbsp;&nbsp;__rt_exit_ls
</UL>

<P><STRONG><a name="[125]"></a>__rt_lib_shutdown_cpp_1</STRONG> (Thumb, 0 bytes, Stack size unknown bytes, libshutdown2.o(.ARM.Collect$$libshutdown$$00000002))

<P><STRONG><a name="[39]"></a>__rt_lib_shutdown_stdio_2</STRONG> (Thumb, 0 bytes, Stack size unknown bytes, libshutdown2.o(.ARM.Collect$$libshutdown$$00000003))
<BR><BR>[Stack]<UL><LI>Max Depth = 120 + Unknown Stack Size
<LI>Call Chain = __rt_lib_shutdown_stdio_2 &rArr; _terminateio &rArr; _fclose_internal &rArr; _fflush &rArr; _writebuf &rArr; _sys_write
</UL>
<BR>[Calls]<UL><LI><a href="#[3a]">&gt;&gt;</a>&nbsp;&nbsp;&nbsp;_terminateio
</UL>

<P><STRONG><a name="[126]"></a>__rt_lib_shutdown_fp_trap_1</STRONG> (Thumb, 0 bytes, Stack size unknown bytes, libshutdown2.o(.ARM.Collect$$libshutdown$$00000007))

<P><STRONG><a name="[127]"></a>__rt_lib_shutdown_heap_1</STRONG> (Thumb, 0 bytes, Stack size unknown bytes, libshutdown2.o(.ARM.Collect$$libshutdown$$0000000F))

<P><STRONG><a name="[128]"></a>__rt_lib_shutdown_return</STRONG> (Thumb, 0 bytes, Stack size unknown bytes, libshutdown2.o(.ARM.Collect$$libshutdown$$00000010))

<P><STRONG><a name="[129]"></a>__rt_lib_shutdown_signal_1</STRONG> (Thumb, 0 bytes, Stack size unknown bytes, libshutdown2.o(.ARM.Collect$$libshutdown$$0000000A))

<P><STRONG><a name="[12a]"></a>__rt_lib_shutdown_stdio_1</STRONG> (Thumb, 0 bytes, Stack size unknown bytes, libshutdown2.o(.ARM.Collect$$libshutdown$$00000004))

<P><STRONG><a name="[12b]"></a>__rt_lib_shutdown_user_alloc_1</STRONG> (Thumb, 0 bytes, Stack size unknown bytes, libshutdown2.o(.ARM.Collect$$libshutdown$$0000000C))

<P><STRONG><a name="[32]"></a>__rt_entry</STRONG> (Thumb, 0 bytes, Stack size unknown bytes, __rtentry.o(.ARM.Collect$$rtentry$$00000000))
<BR><BR>[Called By]<UL><LI><a href="#[27]">&gt;&gt;</a>&nbsp;&nbsp;&nbsp;__main
<LI><a href="#[33]">&gt;&gt;</a>&nbsp;&nbsp;&nbsp;__scatterload_rt2
</UL>

<P><STRONG><a name="[12c]"></a>__rt_entry_presh_1</STRONG> (Thumb, 0 bytes, Stack size unknown bytes, __rtentry2.o(.ARM.Collect$$rtentry$$00000002))

<P><STRONG><a name="[3b]"></a>__rt_entry_sh</STRONG> (Thumb, 0 bytes, Stack size unknown bytes, __rtentry4.o(.ARM.Collect$$rtentry$$00000004))
<BR><BR>[Stack]<UL><LI>Max Depth = 8 + Unknown Stack Size
<LI>Call Chain = __rt_entry_sh &rArr; __user_setup_stackheap
</UL>
<BR>[Calls]<UL><LI><a href="#[3c]">&gt;&gt;</a>&nbsp;&nbsp;&nbsp;__user_setup_stackheap
</UL>

<P><STRONG><a name="[3d]"></a>__rt_entry_li</STRONG> (Thumb, 0 bytes, Stack size unknown bytes, __rtentry2.o(.ARM.Collect$$rtentry$$0000000A))
<BR><BR>[Calls]<UL><LI><a href="#[3e]">&gt;&gt;</a>&nbsp;&nbsp;&nbsp;__rt_lib_init
</UL>

<P><STRONG><a name="[12d]"></a>__rt_entry_postsh_1</STRONG> (Thumb, 0 bytes, Stack size unknown bytes, __rtentry2.o(.ARM.Collect$$rtentry$$00000009))

<P><STRONG><a name="[3f]"></a>__rt_entry_main</STRONG> (Thumb, 0 bytes, Stack size unknown bytes, __rtentry2.o(.ARM.Collect$$rtentry$$0000000D))
<BR><BR>[Stack]<UL><LI>Max Depth = 264 + Unknown Stack Size
<LI>Call Chain = __rt_entry_main &rArr; main &rArr; MX_USBX_Device_Init &rArr; MX_USB_PCD_Init &rArr; HAL_PCD_Init &rArr; HAL_PCD_MspInit &rArr; HAL_RCCEx_PeriphCLKConfig
</UL>
<BR>[Calls]<UL><LI><a href="#[40]">&gt;&gt;</a>&nbsp;&nbsp;&nbsp;main
<LI><a href="#[41]">&gt;&gt;</a>&nbsp;&nbsp;&nbsp;exit
</UL>

<P><STRONG><a name="[12e]"></a>__rt_entry_postli_1</STRONG> (Thumb, 0 bytes, Stack size unknown bytes, __rtentry2.o(.ARM.Collect$$rtentry$$0000000C))

<P><STRONG><a name="[66]"></a>__rt_exit</STRONG> (Thumb, 0 bytes, Stack size unknown bytes, rtexit.o(.ARM.Collect$$rtexit$$00000000))
<BR><BR>[Called By]<UL><LI><a href="#[41]">&gt;&gt;</a>&nbsp;&nbsp;&nbsp;exit
</UL>

<P><STRONG><a name="[42]"></a>__rt_exit_ls</STRONG> (Thumb, 0 bytes, Stack size unknown bytes, rtexit2.o(.ARM.Collect$$rtexit$$00000003))
<BR><BR>[Calls]<UL><LI><a href="#[43]">&gt;&gt;</a>&nbsp;&nbsp;&nbsp;__rt_lib_shutdown
</UL>

<P><STRONG><a name="[12f]"></a>__rt_exit_prels_1</STRONG> (Thumb, 0 bytes, Stack size unknown bytes, rtexit2.o(.ARM.Collect$$rtexit$$00000002))

<P><STRONG><a name="[44]"></a>__rt_exit_exit</STRONG> (Thumb, 0 bytes, Stack size unknown bytes, rtexit2.o(.ARM.Collect$$rtexit$$00000004))
<BR><BR>[Calls]<UL><LI><a href="#[45]">&gt;&gt;</a>&nbsp;&nbsp;&nbsp;_sys_exit
</UL>

<P><STRONG><a name="[0]"></a>Reset_Handler</STRONG> (Thumb, 8 bytes, Stack size 0 bytes, startup_stm32u083xx.o(.text))
<BR>[Address Reference Count : 1]<UL><LI> startup_stm32u083xx.o(RESET)
</UL>
<P><STRONG><a name="[12]"></a>ADC_COMP1_2_IRQHandler</STRONG> (Thumb, 0 bytes, Stack size 0 bytes, startup_stm32u083xx.o(.text))
<BR><BR>[Calls]<UL><LI><a href="#[12]">&gt;&gt;</a>&nbsp;&nbsp;&nbsp;ADC_COMP1_2_IRQHandler
</UL>
<BR>[Called By]<UL><LI><a href="#[12]">&gt;&gt;</a>&nbsp;&nbsp;&nbsp;ADC_COMP1_2_IRQHandler
</UL>
<BR>[Address Reference Count : 1]<UL><LI> startup_stm32u083xx.o(RESET)
</UL>
<P><STRONG><a name="[11]"></a>DMA1_Ch4_7_DMA2_Ch1_5_DMAMUX_OVR_IRQHandler</STRONG> (Thumb, 0 bytes, Stack size 0 bytes, startup_stm32u083xx.o(.text))
<BR>[Address Reference Count : 1]<UL><LI> startup_stm32u083xx.o(RESET)
</UL>
<P><STRONG><a name="[f]"></a>DMA1_Channel1_IRQHandler</STRONG> (Thumb, 0 bytes, Stack size 0 bytes, startup_stm32u083xx.o(.text))
<BR>[Address Reference Count : 1]<UL><LI> startup_stm32u083xx.o(RESET)
</UL>
<P><STRONG><a name="[10]"></a>DMA1_Channel2_3_IRQHandler</STRONG> (Thumb, 0 bytes, Stack size 0 bytes, startup_stm32u083xx.o(.text))
<BR>[Address Reference Count : 1]<UL><LI> startup_stm32u083xx.o(RESET)
</UL>
<P><STRONG><a name="[b]"></a>EXTI0_1_IRQHandler</STRONG> (Thumb, 0 bytes, Stack size 0 bytes, startup_stm32u083xx.o(.text))
<BR>[Address Reference Count : 1]<UL><LI> startup_stm32u083xx.o(RESET)
</UL>
<P><STRONG><a name="[c]"></a>EXTI2_3_IRQHandler</STRONG> (Thumb, 0 bytes, Stack size 0 bytes, startup_stm32u083xx.o(.text))
<BR>[Address Reference Count : 1]<UL><LI> startup_stm32u083xx.o(RESET)
</UL>
<P><STRONG><a name="[d]"></a>EXTI4_15_IRQHandler</STRONG> (Thumb, 0 bytes, Stack size 0 bytes, startup_stm32u083xx.o(.text))
<BR>[Address Reference Count : 1]<UL><LI> startup_stm32u083xx.o(RESET)
</UL>
<P><STRONG><a name="[9]"></a>FLASH_ECC_IRQHandler</STRONG> (Thumb, 0 bytes, Stack size 0 bytes, startup_stm32u083xx.o(.text))
<BR>[Address Reference Count : 1]<UL><LI> startup_stm32u083xx.o(RESET)
</UL>
<P><STRONG><a name="[1d]"></a>I2C1_IRQHandler</STRONG> (Thumb, 0 bytes, Stack size 0 bytes, startup_stm32u083xx.o(.text))
<BR>[Address Reference Count : 1]<UL><LI> startup_stm32u083xx.o(RESET)
</UL>
<P><STRONG><a name="[1e]"></a>I2C2_3_4_IRQHandler</STRONG> (Thumb, 0 bytes, Stack size 0 bytes, startup_stm32u083xx.o(.text))
<BR>[Address Reference Count : 1]<UL><LI> startup_stm32u083xx.o(RESET)
</UL>
<P><STRONG><a name="[1c]"></a>LCD_IRQHandler</STRONG> (Thumb, 0 bytes, Stack size 0 bytes, startup_stm32u083xx.o(.text))
<BR>[Address Reference Count : 1]<UL><LI> startup_stm32u083xx.o(RESET)
</UL>
<P><STRONG><a name="[7]"></a>PVD_PVM_IRQHandler</STRONG> (Thumb, 0 bytes, Stack size 0 bytes, startup_stm32u083xx.o(.text))
<BR>[Address Reference Count : 1]<UL><LI> startup_stm32u083xx.o(RESET)
</UL>
<P><STRONG><a name="[a]"></a>RCC_CRS_IRQHandler</STRONG> (Thumb, 0 bytes, Stack size 0 bytes, startup_stm32u083xx.o(.text))
<BR>[Address Reference Count : 1]<UL><LI> startup_stm32u083xx.o(RESET)
</UL>
<P><STRONG><a name="[25]"></a>RNG_CRYP_IRQHandler</STRONG> (Thumb, 0 bytes, Stack size 0 bytes, startup_stm32u083xx.o(.text))
<BR>[Address Reference Count : 1]<UL><LI> startup_stm32u083xx.o(RESET)
</UL>
<P><STRONG><a name="[8]"></a>RTC_TAMP_IRQHandler</STRONG> (Thumb, 0 bytes, Stack size 0 bytes, startup_stm32u083xx.o(.text))
<BR>[Address Reference Count : 1]<UL><LI> startup_stm32u083xx.o(RESET)
</UL>
<P><STRONG><a name="[1f]"></a>SPI1_IRQHandler</STRONG> (Thumb, 0 bytes, Stack size 0 bytes, startup_stm32u083xx.o(.text))
<BR>[Address Reference Count : 1]<UL><LI> startup_stm32u083xx.o(RESET)
</UL>
<P><STRONG><a name="[20]"></a>SPI2_3_IRQHandler</STRONG> (Thumb, 0 bytes, Stack size 0 bytes, startup_stm32u083xx.o(.text))
<BR>[Address Reference Count : 1]<UL><LI> startup_stm32u083xx.o(RESET)
</UL>
<P><STRONG><a name="[19]"></a>TIM15_LPTIM3_IRQHandler</STRONG> (Thumb, 0 bytes, Stack size 0 bytes, startup_stm32u083xx.o(.text))
<BR>[Address Reference Count : 1]<UL><LI> startup_stm32u083xx.o(RESET)
</UL>
<P><STRONG><a name="[1a]"></a>TIM16_IRQHandler</STRONG> (Thumb, 0 bytes, Stack size 0 bytes, startup_stm32u083xx.o(.text))
<BR>[Address Reference Count : 1]<UL><LI> startup_stm32u083xx.o(RESET)
</UL>
<P><STRONG><a name="[13]"></a>TIM1_BRK_UP_TRG_COM_IRQHandler</STRONG> (Thumb, 0 bytes, Stack size 0 bytes, startup_stm32u083xx.o(.text))
<BR>[Address Reference Count : 1]<UL><LI> startup_stm32u083xx.o(RESET)
</UL>
<P><STRONG><a name="[14]"></a>TIM1_CC_IRQHandler</STRONG> (Thumb, 0 bytes, Stack size 0 bytes, startup_stm32u083xx.o(.text))
<BR>[Address Reference Count : 1]<UL><LI> startup_stm32u083xx.o(RESET)
</UL>
<P><STRONG><a name="[15]"></a>TIM2_IRQHandler</STRONG> (Thumb, 0 bytes, Stack size 0 bytes, startup_stm32u083xx.o(.text))
<BR>[Address Reference Count : 1]<UL><LI> startup_stm32u083xx.o(RESET)
</UL>
<P><STRONG><a name="[16]"></a>TIM3_IRQHandler</STRONG> (Thumb, 0 bytes, Stack size 0 bytes, startup_stm32u083xx.o(.text))
<BR>[Address Reference Count : 1]<UL><LI> startup_stm32u083xx.o(RESET)
</UL>
<P><STRONG><a name="[17]"></a>TIM6_DAC_LPTIM1_IRQHandler</STRONG> (Thumb, 0 bytes, Stack size 0 bytes, startup_stm32u083xx.o(.text))
<BR>[Address Reference Count : 1]<UL><LI> startup_stm32u083xx.o(RESET)
</UL>
<P><STRONG><a name="[18]"></a>TIM7_LPTIM2_IRQHandler</STRONG> (Thumb, 0 bytes, Stack size 0 bytes, startup_stm32u083xx.o(.text))
<BR>[Address Reference Count : 1]<UL><LI> startup_stm32u083xx.o(RESET)
</UL>
<P><STRONG><a name="[1b]"></a>TSC_IRQHandler</STRONG> (Thumb, 0 bytes, Stack size 0 bytes, startup_stm32u083xx.o(.text))
<BR>[Address Reference Count : 1]<UL><LI> startup_stm32u083xx.o(RESET)
</UL>
<P><STRONG><a name="[21]"></a>USART1_IRQHandler</STRONG> (Thumb, 0 bytes, Stack size 0 bytes, startup_stm32u083xx.o(.text))
<BR>[Address Reference Count : 1]<UL><LI> startup_stm32u083xx.o(RESET)
</UL>
<P><STRONG><a name="[22]"></a>USART2_LPUART2_IRQHandler</STRONG> (Thumb, 0 bytes, Stack size 0 bytes, startup_stm32u083xx.o(.text))
<BR>[Address Reference Count : 1]<UL><LI> startup_stm32u083xx.o(RESET)
</UL>
<P><STRONG><a name="[23]"></a>USART3_LPUART1_IRQHandler</STRONG> (Thumb, 0 bytes, Stack size 0 bytes, startup_stm32u083xx.o(.text))
<BR>[Address Reference Count : 1]<UL><LI> startup_stm32u083xx.o(RESET)
</UL>
<P><STRONG><a name="[24]"></a>USART4_LPUART3_IRQHandler</STRONG> (Thumb, 0 bytes, Stack size 0 bytes, startup_stm32u083xx.o(.text))
<BR>[Address Reference Count : 1]<UL><LI> startup_stm32u083xx.o(RESET)
</UL>
<P><STRONG><a name="[6]"></a>WWDG_IWDG_IRQHandler</STRONG> (Thumb, 0 bytes, Stack size 0 bytes, startup_stm32u083xx.o(.text))
<BR>[Address Reference Count : 1]<UL><LI> startup_stm32u083xx.o(RESET)
</UL>
<P><STRONG><a name="[57]"></a>__user_initial_stackheap</STRONG> (Thumb, 0 bytes, Stack size unknown bytes, startup_stm32u083xx.o(.text))
<BR><BR>[Called By]<UL><LI><a href="#[3c]">&gt;&gt;</a>&nbsp;&nbsp;&nbsp;__user_setup_stackheap
</UL>

<P><STRONG><a name="[108]"></a>__aeabi_lmul</STRONG> (Thumb, 48 bytes, Stack size 12 bytes, llmul.o(.text))
<BR><BR>[Stack]<UL><LI>Max Depth = 12<LI>Call Chain = __aeabi_lmul
</UL>
<BR>[Called By]<UL><LI><a href="#[100]">&gt;&gt;</a>&nbsp;&nbsp;&nbsp;_ux_utility_memory_allocate_mulc_safe
</UL>

<P><STRONG><a name="[130]"></a>_ll_mul</STRONG> (Thumb, 0 bytes, Stack size 12 bytes, llmul.o(.text), UNUSED)

<P><STRONG><a name="[d1]"></a>__aeabi_uldivmod</STRONG> (Thumb, 272 bytes, Stack size 32 bytes, lludiv.o(.text))
<BR><BR>[Stack]<UL><LI>Max Depth = 32<LI>Call Chain = __aeabi_uldivmod
</UL>
<BR>[Called By]<UL><LI><a href="#[bc]">&gt;&gt;</a>&nbsp;&nbsp;&nbsp;UART_SetConfig
</UL>

<P><STRONG><a name="[131]"></a>_ll_udiv</STRONG> (Thumb, 0 bytes, Stack size 32 bytes, lludiv.o(.text), UNUSED)

<P><STRONG><a name="[46]"></a>__2printf</STRONG> (Thumb, 22 bytes, Stack size 24 bytes, noretval__2printf.o(.text))
<BR><BR>[Stack]<UL><LI>Max Depth = 128<LI>Call Chain = __2printf &rArr; _printf_char_file &rArr; _printf_char_common &rArr; __printf
</UL>
<BR>[Calls]<UL><LI><a href="#[47]">&gt;&gt;</a>&nbsp;&nbsp;&nbsp;_printf_char_file
</UL>
<BR>[Called By]<UL><LI><a href="#[40]">&gt;&gt;</a>&nbsp;&nbsp;&nbsp;main
</UL>

<P><STRONG><a name="[69]"></a>strlen</STRONG> (Thumb, 62 bytes, Stack size 12 bytes, strlen.o(.text))
<BR><BR>[Stack]<UL><LI>Max Depth = 12<LI>Call Chain = strlen
</UL>
<BR>[Called By]<UL><LI><a href="#[c2]">&gt;&gt;</a>&nbsp;&nbsp;&nbsp;USBD_Get_String_Framework
<LI><a href="#[c3]">&gt;&gt;</a>&nbsp;&nbsp;&nbsp;USBD_Get_Language_Id_Framework
<LI><a href="#[60]">&gt;&gt;</a>&nbsp;&nbsp;&nbsp;_sys_open
</UL>

<P><STRONG><a name="[48]"></a>__aeabi_memset</STRONG> (Thumb, 18 bytes, Stack size 8 bytes, aeabi_memset.o(.text))
<BR><BR>[Stack]<UL><LI>Max Depth = 8<LI>Call Chain = __aeabi_memset
</UL>
<BR>[Calls]<UL><LI><a href="#[49]">&gt;&gt;</a>&nbsp;&nbsp;&nbsp;_memset
</UL>
<BR>[Called By]<UL><LI><a href="#[e4]">&gt;&gt;</a>&nbsp;&nbsp;&nbsp;_ux_utility_memory_set
<LI><a href="#[c2]">&gt;&gt;</a>&nbsp;&nbsp;&nbsp;USBD_Get_String_Framework
</UL>

<P><STRONG><a name="[4a]"></a>_memset_w</STRONG> (Thumb, 26 bytes, Stack size 0 bytes, rt_memclr.o(.text))
<BR><BR>[Called By]<UL><LI><a href="#[4c]">&gt;&gt;</a>&nbsp;&nbsp;&nbsp;__rt_memclr_w
<LI><a href="#[49]">&gt;&gt;</a>&nbsp;&nbsp;&nbsp;_memset
</UL>

<P><STRONG><a name="[49]"></a>_memset</STRONG> (Thumb, 30 bytes, Stack size 0 bytes, rt_memclr.o(.text))
<BR><BR>[Calls]<UL><LI><a href="#[4a]">&gt;&gt;</a>&nbsp;&nbsp;&nbsp;_memset_w
</UL>
<BR>[Called By]<UL><LI><a href="#[4b]">&gt;&gt;</a>&nbsp;&nbsp;&nbsp;__aeabi_memclr
<LI><a href="#[48]">&gt;&gt;</a>&nbsp;&nbsp;&nbsp;__aeabi_memset
</UL>

<P><STRONG><a name="[4b]"></a>__aeabi_memclr</STRONG> (Thumb, 4 bytes, Stack size 0 bytes, rt_memclr.o(.text))
<BR><BR>[Calls]<UL><LI><a href="#[49]">&gt;&gt;</a>&nbsp;&nbsp;&nbsp;_memset
</UL>
<BR>[Called By]<UL><LI><a href="#[e1]">&gt;&gt;</a>&nbsp;&nbsp;&nbsp;_ux_utility_descriptor_parse
</UL>

<P><STRONG><a name="[132]"></a>__rt_memclr</STRONG> (Thumb, 0 bytes, Stack size 0 bytes, rt_memclr.o(.text), UNUSED)

<P><STRONG><a name="[50]"></a>__aeabi_memclr4</STRONG> (Thumb, 0 bytes, Stack size 0 bytes, rt_memclr.o(.text))
<BR><BR>[Called By]<UL><LI><a href="#[ba]">&gt;&gt;</a>&nbsp;&nbsp;&nbsp;HAL_UART_MspInit
<LI><a href="#[9b]">&gt;&gt;</a>&nbsp;&nbsp;&nbsp;HAL_PCD_MspInit
<LI><a href="#[ce]">&gt;&gt;</a>&nbsp;&nbsp;&nbsp;SystemClock_Config
<LI><a href="#[54]">&gt;&gt;</a>&nbsp;&nbsp;&nbsp;_fclose_internal
<LI><a href="#[62]">&gt;&gt;</a>&nbsp;&nbsp;&nbsp;fopen
<LI><a href="#[38]">&gt;&gt;</a>&nbsp;&nbsp;&nbsp;_initio
</UL>

<P><STRONG><a name="[133]"></a>__aeabi_memclr8</STRONG> (Thumb, 0 bytes, Stack size 0 bytes, rt_memclr.o(.text), UNUSED)

<P><STRONG><a name="[4c]"></a>__rt_memclr_w</STRONG> (Thumb, 4 bytes, Stack size 0 bytes, rt_memclr.o(.text), UNUSED)
<BR><BR>[Calls]<UL><LI><a href="#[4a]">&gt;&gt;</a>&nbsp;&nbsp;&nbsp;_memset_w
</UL>

<P><STRONG><a name="[103]"></a>__aeabi_uidivmod</STRONG> (Thumb, 28 bytes, Stack size 0 bytes, aeabi_sdivfast.o(.text))
<BR><BR>[Called By]<UL><LI><a href="#[f2]">&gt;&gt;</a>&nbsp;&nbsp;&nbsp;_ux_device_stack_transfer_run
</UL>

<P><STRONG><a name="[134]"></a>__aeabi_idivmod</STRONG> (Thumb, 472 bytes, Stack size 8 bytes, aeabi_sdivfast.o(.text), UNUSED)

<P><STRONG><a name="[135]"></a>__use_two_region_memory</STRONG> (Thumb, 2 bytes, Stack size 0 bytes, heapauxi.o(.text), UNUSED)

<P><STRONG><a name="[136]"></a>__rt_heap_escrow</STRONG> (Thumb, 2 bytes, Stack size 0 bytes, heapauxi.o(.text), UNUSED)

<P><STRONG><a name="[137]"></a>__rt_heap_expand</STRONG> (Thumb, 2 bytes, Stack size 0 bytes, heapauxi.o(.text), UNUSED)

<P><STRONG><a name="[47]"></a>_printf_char_file</STRONG> (Thumb, 34 bytes, Stack size 16 bytes, _printf_char_file.o(.text))
<BR><BR>[Stack]<UL><LI>Max Depth = 104<LI>Call Chain = _printf_char_file &rArr; _printf_char_common &rArr; __printf
</UL>
<BR>[Calls]<UL><LI><a href="#[4e]">&gt;&gt;</a>&nbsp;&nbsp;&nbsp;ferror
<LI><a href="#[4d]">&gt;&gt;</a>&nbsp;&nbsp;&nbsp;_printf_char_common
</UL>
<BR>[Called By]<UL><LI><a href="#[46]">&gt;&gt;</a>&nbsp;&nbsp;&nbsp;__2printf
</UL>

<P><STRONG><a name="[4d]"></a>_printf_char_common</STRONG> (Thumb, 32 bytes, Stack size 64 bytes, _printf_char_common.o(.text))
<BR><BR>[Stack]<UL><LI>Max Depth = 88<LI>Call Chain = _printf_char_common &rArr; __printf
</UL>
<BR>[Calls]<UL><LI><a href="#[4f]">&gt;&gt;</a>&nbsp;&nbsp;&nbsp;__printf
</UL>
<BR>[Called By]<UL><LI><a href="#[47]">&gt;&gt;</a>&nbsp;&nbsp;&nbsp;_printf_char_file
</UL>

<P><STRONG><a name="[4e]"></a>ferror</STRONG> (Thumb, 8 bytes, Stack size 0 bytes, ferror.o(.text))
<BR><BR>[Called By]<UL><LI><a href="#[47]">&gt;&gt;</a>&nbsp;&nbsp;&nbsp;_printf_char_file
</UL>

<P><STRONG><a name="[38]"></a>_initio</STRONG> (Thumb, 216 bytes, Stack size 8 bytes, initio.o(.text))
<BR><BR>[Stack]<UL><LI>Max Depth = 144<LI>Call Chain = _initio &rArr; freopen &rArr; _fclose_internal &rArr; _fflush &rArr; _writebuf &rArr; _sys_write
</UL>
<BR>[Calls]<UL><LI><a href="#[52]">&gt;&gt;</a>&nbsp;&nbsp;&nbsp;__rt_SIGRTRED
<LI><a href="#[51]">&gt;&gt;</a>&nbsp;&nbsp;&nbsp;freopen
<LI><a href="#[53]">&gt;&gt;</a>&nbsp;&nbsp;&nbsp;setvbuf
<LI><a href="#[50]">&gt;&gt;</a>&nbsp;&nbsp;&nbsp;__aeabi_memclr4
</UL>
<BR>[Called By]<UL><LI><a href="#[37]">&gt;&gt;</a>&nbsp;&nbsp;&nbsp;__rt_lib_init_stdio_2
</UL>

<P><STRONG><a name="[3a]"></a>_terminateio</STRONG> (Thumb, 56 bytes, Stack size 16 bytes, initio.o(.text))
<BR><BR>[Stack]<UL><LI>Max Depth = 120<LI>Call Chain = _terminateio &rArr; _fclose_internal &rArr; _fflush &rArr; _writebuf &rArr; _sys_write
</UL>
<BR>[Calls]<UL><LI><a href="#[54]">&gt;&gt;</a>&nbsp;&nbsp;&nbsp;_fclose_internal
<LI><a href="#[55]">&gt;&gt;</a>&nbsp;&nbsp;&nbsp;free
</UL>
<BR>[Called By]<UL><LI><a href="#[39]">&gt;&gt;</a>&nbsp;&nbsp;&nbsp;__rt_lib_shutdown_stdio_2
</UL>

<P><STRONG><a name="[3c]"></a>__user_setup_stackheap</STRONG> (Thumb, 62 bytes, Stack size 8 bytes, sys_stackheap_outer.o(.text))
<BR><BR>[Stack]<UL><LI>Max Depth = 8 + Unknown Stack Size
<LI>Call Chain = __user_setup_stackheap
</UL>
<BR>[Calls]<UL><LI><a href="#[57]">&gt;&gt;</a>&nbsp;&nbsp;&nbsp;__user_initial_stackheap
<LI><a href="#[56]">&gt;&gt;</a>&nbsp;&nbsp;&nbsp;__user_perproc_libspace
</UL>
<BR>[Called By]<UL><LI><a href="#[3b]">&gt;&gt;</a>&nbsp;&nbsp;&nbsp;__rt_entry_sh
</UL>

<P><STRONG><a name="[55]"></a>free</STRONG> (Thumb, 76 bytes, Stack size 16 bytes, h1_free.o(.text))
<BR><BR>[Stack]<UL><LI>Max Depth = 16<LI>Call Chain = free
</UL>
<BR>[Calls]<UL><LI><a href="#[58]">&gt;&gt;</a>&nbsp;&nbsp;&nbsp;__rt_heap_descriptor
</UL>
<BR>[Called By]<UL><LI><a href="#[54]">&gt;&gt;</a>&nbsp;&nbsp;&nbsp;_fclose_internal
<LI><a href="#[3a]">&gt;&gt;</a>&nbsp;&nbsp;&nbsp;_terminateio
<LI><a href="#[6b]">&gt;&gt;</a>&nbsp;&nbsp;&nbsp;__Heap_ProvideMemory
</UL>

<P><STRONG><a name="[4f]"></a>__printf</STRONG> (Thumb, 36 bytes, Stack size 24 bytes, __printf_nopercent.o(.text))
<BR><BR>[Stack]<UL><LI>Max Depth = 24<LI>Call Chain = __printf
</UL>
<BR>[Called By]<UL><LI><a href="#[4d]">&gt;&gt;</a>&nbsp;&nbsp;&nbsp;_printf_char_common
</UL>

<P><STRONG><a name="[59]"></a>__flsbuf</STRONG> (Thumb, 486 bytes, Stack size 24 bytes, flsbuf.o(.text), UNUSED)
<BR><BR>[Calls]<UL><LI><a href="#[5a]">&gt;&gt;</a>&nbsp;&nbsp;&nbsp;_deferredlazyseek
<LI><a href="#[5f]">&gt;&gt;</a>&nbsp;&nbsp;&nbsp;_writebuf
<LI><a href="#[5b]">&gt;&gt;</a>&nbsp;&nbsp;&nbsp;_seterr
<LI><a href="#[5e]">&gt;&gt;</a>&nbsp;&nbsp;&nbsp;malloc
<LI><a href="#[5c]">&gt;&gt;</a>&nbsp;&nbsp;&nbsp;_sys_flen
<LI><a href="#[5d]">&gt;&gt;</a>&nbsp;&nbsp;&nbsp;_sys_istty
</UL>

<P><STRONG><a name="[10c]"></a>__flsbuf_byte</STRONG> (Thumb, 0 bytes, Stack size 24 bytes, flsbuf.o(.text))
<BR><BR>[Stack]<UL><LI>Max Depth = 24<LI>Call Chain = __flsbuf_byte
</UL>
<BR>[Called By]<UL><LI><a href="#[28]">&gt;&gt;</a>&nbsp;&nbsp;&nbsp;fputc
</UL>

<P><STRONG><a name="[138]"></a>__flsbuf_wide</STRONG> (Thumb, 0 bytes, Stack size 24 bytes, flsbuf.o(.text), UNUSED)

<P><STRONG><a name="[53]"></a>setvbuf</STRONG> (Thumb, 72 bytes, Stack size 16 bytes, setvbuf.o(.text))
<BR><BR>[Stack]<UL><LI>Max Depth = 16<LI>Call Chain = setvbuf
</UL>
<BR>[Called By]<UL><LI><a href="#[38]">&gt;&gt;</a>&nbsp;&nbsp;&nbsp;_initio
</UL>

<P><STRONG><a name="[51]"></a>freopen</STRONG> (Thumb, 154 bytes, Stack size 32 bytes, fopen.o(.text))
<BR><BR>[Stack]<UL><LI>Max Depth = 136<LI>Call Chain = freopen &rArr; _fclose_internal &rArr; _fflush &rArr; _writebuf &rArr; _sys_write
</UL>
<BR>[Calls]<UL><LI><a href="#[54]">&gt;&gt;</a>&nbsp;&nbsp;&nbsp;_fclose_internal
<LI><a href="#[61]">&gt;&gt;</a>&nbsp;&nbsp;&nbsp;_fseek
<LI><a href="#[60]">&gt;&gt;</a>&nbsp;&nbsp;&nbsp;_sys_open
</UL>
<BR>[Called By]<UL><LI><a href="#[62]">&gt;&gt;</a>&nbsp;&nbsp;&nbsp;fopen
<LI><a href="#[38]">&gt;&gt;</a>&nbsp;&nbsp;&nbsp;_initio
</UL>

<P><STRONG><a name="[62]"></a>fopen</STRONG> (Thumb, 76 bytes, Stack size 24 bytes, fopen.o(.text), UNUSED)
<BR><BR>[Calls]<UL><LI><a href="#[51]">&gt;&gt;</a>&nbsp;&nbsp;&nbsp;freopen
<LI><a href="#[50]">&gt;&gt;</a>&nbsp;&nbsp;&nbsp;__aeabi_memclr4
<LI><a href="#[5e]">&gt;&gt;</a>&nbsp;&nbsp;&nbsp;malloc
</UL>

<P><STRONG><a name="[54]"></a>_fclose_internal</STRONG> (Thumb, 72 bytes, Stack size 32 bytes, fclose.o(.text))
<BR><BR>[Stack]<UL><LI>Max Depth = 104<LI>Call Chain = _fclose_internal &rArr; _fflush &rArr; _writebuf &rArr; _sys_write
</UL>
<BR>[Calls]<UL><LI><a href="#[55]">&gt;&gt;</a>&nbsp;&nbsp;&nbsp;free
<LI><a href="#[50]">&gt;&gt;</a>&nbsp;&nbsp;&nbsp;__aeabi_memclr4
<LI><a href="#[63]">&gt;&gt;</a>&nbsp;&nbsp;&nbsp;_fflush
<LI><a href="#[64]">&gt;&gt;</a>&nbsp;&nbsp;&nbsp;_sys_close
</UL>
<BR>[Called By]<UL><LI><a href="#[51]">&gt;&gt;</a>&nbsp;&nbsp;&nbsp;freopen
<LI><a href="#[3a]">&gt;&gt;</a>&nbsp;&nbsp;&nbsp;_terminateio
</UL>

<P><STRONG><a name="[139]"></a>fclose</STRONG> (Thumb, 0 bytes, Stack size 32 bytes, fclose.o(.text), UNUSED)

<P><STRONG><a name="[41]"></a>exit</STRONG> (Thumb, 16 bytes, Stack size 8 bytes, exit.o(.text))
<BR><BR>[Stack]<UL><LI>Max Depth = 8 + Unknown Stack Size
<LI>Call Chain = exit
</UL>
<BR>[Calls]<UL><LI><a href="#[65]">&gt;&gt;</a>&nbsp;&nbsp;&nbsp;_call_atexit_fns (Weak Reference)
<LI><a href="#[66]">&gt;&gt;</a>&nbsp;&nbsp;&nbsp;__rt_exit
</UL>
<BR>[Called By]<UL><LI><a href="#[3f]">&gt;&gt;</a>&nbsp;&nbsp;&nbsp;__rt_entry_main
</UL>

<P><STRONG><a name="[52]"></a>__rt_SIGRTRED</STRONG> (Thumb, 12 bytes, Stack size 8 bytes, defsig_rtred_outer.o(.text))
<BR><BR>[Stack]<UL><LI>Max Depth = 40<LI>Call Chain = __rt_SIGRTRED &rArr; __rt_SIGRTRED_inner &rArr; __default_signal_display &rArr; _ttywrch
</UL>
<BR>[Calls]<UL><LI><a href="#[67]">&gt;&gt;</a>&nbsp;&nbsp;&nbsp;__rt_SIGRTRED_inner
<LI><a href="#[68]">&gt;&gt;</a>&nbsp;&nbsp;&nbsp;__sig_exit
</UL>
<BR>[Called By]<UL><LI><a href="#[38]">&gt;&gt;</a>&nbsp;&nbsp;&nbsp;_initio
</UL>

<P><STRONG><a name="[60]"></a>_sys_open</STRONG> (Thumb, 20 bytes, Stack size 16 bytes, sys_io.o(.text))
<BR><BR>[Stack]<UL><LI>Max Depth = 28<LI>Call Chain = _sys_open &rArr; strlen
</UL>
<BR>[Calls]<UL><LI><a href="#[69]">&gt;&gt;</a>&nbsp;&nbsp;&nbsp;strlen
</UL>
<BR>[Called By]<UL><LI><a href="#[51]">&gt;&gt;</a>&nbsp;&nbsp;&nbsp;freopen
</UL>

<P><STRONG><a name="[64]"></a>_sys_close</STRONG> (Thumb, 12 bytes, Stack size 8 bytes, sys_io.o(.text))
<BR><BR>[Stack]<UL><LI>Max Depth = 8<LI>Call Chain = _sys_close
</UL>
<BR>[Called By]<UL><LI><a href="#[54]">&gt;&gt;</a>&nbsp;&nbsp;&nbsp;_fclose_internal
</UL>

<P><STRONG><a name="[71]"></a>_sys_write</STRONG> (Thumb, 16 bytes, Stack size 24 bytes, sys_io.o(.text))
<BR><BR>[Stack]<UL><LI>Max Depth = 24<LI>Call Chain = _sys_write
</UL>
<BR>[Called By]<UL><LI><a href="#[5f]">&gt;&gt;</a>&nbsp;&nbsp;&nbsp;_writebuf
</UL>

<P><STRONG><a name="[13a]"></a>_sys_read</STRONG> (Thumb, 14 bytes, Stack size 24 bytes, sys_io.o(.text), UNUSED)

<P><STRONG><a name="[5d]"></a>_sys_istty</STRONG> (Thumb, 12 bytes, Stack size 8 bytes, sys_io.o(.text))
<BR><BR>[Stack]<UL><LI>Max Depth = 8<LI>Call Chain = _sys_istty
</UL>
<BR>[Called By]<UL><LI><a href="#[59]">&gt;&gt;</a>&nbsp;&nbsp;&nbsp;__flsbuf
<LI><a href="#[61]">&gt;&gt;</a>&nbsp;&nbsp;&nbsp;_fseek
</UL>

<P><STRONG><a name="[70]"></a>_sys_seek</STRONG> (Thumb, 14 bytes, Stack size 16 bytes, sys_io.o(.text))
<BR><BR>[Stack]<UL><LI>Max Depth = 16<LI>Call Chain = _sys_seek
</UL>
<BR>[Called By]<UL><LI><a href="#[5f]">&gt;&gt;</a>&nbsp;&nbsp;&nbsp;_writebuf
</UL>

<P><STRONG><a name="[13b]"></a>_sys_ensure</STRONG> (Thumb, 2 bytes, Stack size 0 bytes, sys_io.o(.text), UNUSED)

<P><STRONG><a name="[5c]"></a>_sys_flen</STRONG> (Thumb, 12 bytes, Stack size 8 bytes, sys_io.o(.text))
<BR><BR>[Stack]<UL><LI>Max Depth = 8<LI>Call Chain = _sys_flen
</UL>
<BR>[Called By]<UL><LI><a href="#[59]">&gt;&gt;</a>&nbsp;&nbsp;&nbsp;__flsbuf
<LI><a href="#[61]">&gt;&gt;</a>&nbsp;&nbsp;&nbsp;_fseek
</UL>

<P><STRONG><a name="[13c]"></a>__user_libspace</STRONG> (Thumb, 8 bytes, Stack size 0 bytes, libspace.o(.text), UNUSED)

<P><STRONG><a name="[56]"></a>__user_perproc_libspace</STRONG> (Thumb, 0 bytes, Stack size 0 bytes, libspace.o(.text))
<BR><BR>[Called By]<UL><LI><a href="#[3c]">&gt;&gt;</a>&nbsp;&nbsp;&nbsp;__user_setup_stackheap
</UL>

<P><STRONG><a name="[13d]"></a>__user_perthread_libspace</STRONG> (Thumb, 0 bytes, Stack size 0 bytes, libspace.o(.text), UNUSED)

<P><STRONG><a name="[58]"></a>__rt_heap_descriptor</STRONG> (Thumb, 8 bytes, Stack size 0 bytes, rt_heap_descriptor_intlibspace.o(.text))
<BR><BR>[Called By]<UL><LI><a href="#[55]">&gt;&gt;</a>&nbsp;&nbsp;&nbsp;free
<LI><a href="#[5e]">&gt;&gt;</a>&nbsp;&nbsp;&nbsp;malloc
<LI><a href="#[36]">&gt;&gt;</a>&nbsp;&nbsp;&nbsp;_init_alloc
</UL>

<P><STRONG><a name="[13e]"></a>__use_no_heap</STRONG> (Thumb, 2 bytes, Stack size 0 bytes, hguard.o(.text), UNUSED)

<P><STRONG><a name="[13f]"></a>__heap$guard</STRONG> (Thumb, 2 bytes, Stack size 0 bytes, hguard.o(.text), UNUSED)

<P><STRONG><a name="[140]"></a>_terminate_user_alloc</STRONG> (Thumb, 2 bytes, Stack size 0 bytes, init_alloc.o(.text), UNUSED)

<P><STRONG><a name="[141]"></a>_init_user_alloc</STRONG> (Thumb, 2 bytes, Stack size 0 bytes, init_alloc.o(.text), UNUSED)

<P><STRONG><a name="[6a]"></a>__Heap_Full</STRONG> (Thumb, 32 bytes, Stack size 16 bytes, init_alloc.o(.text), UNUSED)
<BR><BR>[Calls]<UL><LI><a href="#[6b]">&gt;&gt;</a>&nbsp;&nbsp;&nbsp;__Heap_ProvideMemory
</UL>
<BR>[Called By]<UL><LI><a href="#[5e]">&gt;&gt;</a>&nbsp;&nbsp;&nbsp;malloc
</UL>

<P><STRONG><a name="[6c]"></a>__Heap_Broken</STRONG> (Thumb, 10 bytes, Stack size 8 bytes, init_alloc.o(.text), UNUSED)
<BR><BR>[Calls]<UL><LI><a href="#[6d]">&gt;&gt;</a>&nbsp;&nbsp;&nbsp;__rt_SIGRTMEM
</UL>

<P><STRONG><a name="[36]"></a>_init_alloc</STRONG> (Thumb, 90 bytes, Stack size 24 bytes, init_alloc.o(.text))
<BR><BR>[Stack]<UL><LI>Max Depth = 64<LI>Call Chain = _init_alloc &rArr; __rt_SIGRTMEM &rArr; __rt_SIGRTMEM_inner &rArr; __default_signal_display &rArr; _ttywrch
</UL>
<BR>[Calls]<UL><LI><a href="#[6d]">&gt;&gt;</a>&nbsp;&nbsp;&nbsp;__rt_SIGRTMEM
<LI><a href="#[6b]">&gt;&gt;</a>&nbsp;&nbsp;&nbsp;__Heap_ProvideMemory
<LI><a href="#[6e]">&gt;&gt;</a>&nbsp;&nbsp;&nbsp;__Heap_Initialize
<LI><a href="#[58]">&gt;&gt;</a>&nbsp;&nbsp;&nbsp;__rt_heap_descriptor
</UL>
<BR>[Called By]<UL><LI><a href="#[35]">&gt;&gt;</a>&nbsp;&nbsp;&nbsp;__rt_lib_init_heap_2
</UL>

<P><STRONG><a name="[5e]"></a>malloc</STRONG> (Thumb, 98 bytes, Stack size 16 bytes, h1_alloc.o(.text), UNUSED)
<BR><BR>[Calls]<UL><LI><a href="#[6a]">&gt;&gt;</a>&nbsp;&nbsp;&nbsp;__Heap_Full
<LI><a href="#[58]">&gt;&gt;</a>&nbsp;&nbsp;&nbsp;__rt_heap_descriptor
</UL>
<BR>[Called By]<UL><LI><a href="#[62]">&gt;&gt;</a>&nbsp;&nbsp;&nbsp;fopen
<LI><a href="#[59]">&gt;&gt;</a>&nbsp;&nbsp;&nbsp;__flsbuf
</UL>

<P><STRONG><a name="[61]"></a>_fseek</STRONG> (Thumb, 240 bytes, Stack size 24 bytes, fseek.o(.text))
<BR><BR>[Stack]<UL><LI>Max Depth = 32<LI>Call Chain = _fseek &rArr; _ftell_internal
</UL>
<BR>[Calls]<UL><LI><a href="#[6f]">&gt;&gt;</a>&nbsp;&nbsp;&nbsp;_ftell_internal
<LI><a href="#[5b]">&gt;&gt;</a>&nbsp;&nbsp;&nbsp;_seterr
<LI><a href="#[5c]">&gt;&gt;</a>&nbsp;&nbsp;&nbsp;_sys_flen
<LI><a href="#[5d]">&gt;&gt;</a>&nbsp;&nbsp;&nbsp;_sys_istty
</UL>
<BR>[Called By]<UL><LI><a href="#[51]">&gt;&gt;</a>&nbsp;&nbsp;&nbsp;freopen
</UL>

<P><STRONG><a name="[142]"></a>fseek</STRONG> (Thumb, 0 bytes, Stack size 24 bytes, fseek.o(.text), UNUSED)

<P><STRONG><a name="[5b]"></a>_seterr</STRONG> (Thumb, 20 bytes, Stack size 0 bytes, stdio.o(.text))
<BR><BR>[Called By]<UL><LI><a href="#[59]">&gt;&gt;</a>&nbsp;&nbsp;&nbsp;__flsbuf
<LI><a href="#[5f]">&gt;&gt;</a>&nbsp;&nbsp;&nbsp;_writebuf
<LI><a href="#[61]">&gt;&gt;</a>&nbsp;&nbsp;&nbsp;_fseek
</UL>

<P><STRONG><a name="[5f]"></a>_writebuf</STRONG> (Thumb, 76 bytes, Stack size 32 bytes, stdio.o(.text))
<BR><BR>[Stack]<UL><LI>Max Depth = 56<LI>Call Chain = _writebuf &rArr; _sys_write
</UL>
<BR>[Calls]<UL><LI><a href="#[5b]">&gt;&gt;</a>&nbsp;&nbsp;&nbsp;_seterr
<LI><a href="#[70]">&gt;&gt;</a>&nbsp;&nbsp;&nbsp;_sys_seek
<LI><a href="#[71]">&gt;&gt;</a>&nbsp;&nbsp;&nbsp;_sys_write
</UL>
<BR>[Called By]<UL><LI><a href="#[59]">&gt;&gt;</a>&nbsp;&nbsp;&nbsp;__flsbuf
<LI><a href="#[63]">&gt;&gt;</a>&nbsp;&nbsp;&nbsp;_fflush
</UL>

<P><STRONG><a name="[63]"></a>_fflush</STRONG> (Thumb, 76 bytes, Stack size 16 bytes, stdio.o(.text))
<BR><BR>[Stack]<UL><LI>Max Depth = 72<LI>Call Chain = _fflush &rArr; _writebuf &rArr; _sys_write
</UL>
<BR>[Calls]<UL><LI><a href="#[5f]">&gt;&gt;</a>&nbsp;&nbsp;&nbsp;_writebuf
</UL>
<BR>[Called By]<UL><LI><a href="#[54]">&gt;&gt;</a>&nbsp;&nbsp;&nbsp;_fclose_internal
<LI><a href="#[5a]">&gt;&gt;</a>&nbsp;&nbsp;&nbsp;_deferredlazyseek
</UL>

<P><STRONG><a name="[5a]"></a>_deferredlazyseek</STRONG> (Thumb, 60 bytes, Stack size 8 bytes, stdio.o(.text), UNUSED)
<BR><BR>[Calls]<UL><LI><a href="#[63]">&gt;&gt;</a>&nbsp;&nbsp;&nbsp;_fflush
</UL>
<BR>[Called By]<UL><LI><a href="#[59]">&gt;&gt;</a>&nbsp;&nbsp;&nbsp;__flsbuf
</UL>

<P><STRONG><a name="[68]"></a>__sig_exit</STRONG> (Thumb, 12 bytes, Stack size 8 bytes, defsig_exit.o(.text))
<BR><BR>[Stack]<UL><LI>Max Depth = 8<LI>Call Chain = __sig_exit
</UL>
<BR>[Calls]<UL><LI><a href="#[45]">&gt;&gt;</a>&nbsp;&nbsp;&nbsp;_sys_exit
</UL>
<BR>[Called By]<UL><LI><a href="#[52]">&gt;&gt;</a>&nbsp;&nbsp;&nbsp;__rt_SIGRTRED
<LI><a href="#[6d]">&gt;&gt;</a>&nbsp;&nbsp;&nbsp;__rt_SIGRTMEM
</UL>

<P><STRONG><a name="[67]"></a>__rt_SIGRTRED_inner</STRONG> (Thumb, 14 bytes, Stack size 8 bytes, defsig_rtred_inner.o(.text))
<BR><BR>[Stack]<UL><LI>Max Depth = 32<LI>Call Chain = __rt_SIGRTRED_inner &rArr; __default_signal_display &rArr; _ttywrch
</UL>
<BR>[Calls]<UL><LI><a href="#[72]">&gt;&gt;</a>&nbsp;&nbsp;&nbsp;__default_signal_display
</UL>
<BR>[Called By]<UL><LI><a href="#[52]">&gt;&gt;</a>&nbsp;&nbsp;&nbsp;__rt_SIGRTRED
</UL>

<P><STRONG><a name="[45]"></a>_sys_exit</STRONG> (Thumb, 8 bytes, Stack size 0 bytes, sys_exit.o(.text))
<BR><BR>[Called By]<UL><LI><a href="#[44]">&gt;&gt;</a>&nbsp;&nbsp;&nbsp;__rt_exit_exit
<LI><a href="#[68]">&gt;&gt;</a>&nbsp;&nbsp;&nbsp;__sig_exit
</UL>

<P><STRONG><a name="[143]"></a>__I$use$semihosting</STRONG> (Thumb, 0 bytes, Stack size 0 bytes, use_no_semi.o(.text), UNUSED)

<P><STRONG><a name="[144]"></a>__use_no_semihosting_swi</STRONG> (Thumb, 2 bytes, Stack size 0 bytes, use_no_semi.o(.text), UNUSED)

<P><STRONG><a name="[6e]"></a>__Heap_Initialize</STRONG> (Thumb, 10 bytes, Stack size 0 bytes, h1_init.o(.text))
<BR><BR>[Called By]<UL><LI><a href="#[36]">&gt;&gt;</a>&nbsp;&nbsp;&nbsp;_init_alloc
</UL>

<P><STRONG><a name="[145]"></a>__semihosting_library_function</STRONG> (Thumb, 0 bytes, Stack size 0 bytes, indicate_semi.o(.text), UNUSED)

<P><STRONG><a name="[146]"></a>_maybe_terminate_alloc</STRONG> (Thumb, 0 bytes, Stack size 0 bytes, maybetermalloc1.o(.text), UNUSED)

<P><STRONG><a name="[147]"></a>__Heap_DescSize</STRONG> (Thumb, 4 bytes, Stack size 0 bytes, h1_init.o(.text), UNUSED)

<P><STRONG><a name="[6b]"></a>__Heap_ProvideMemory</STRONG> (Thumb, 52 bytes, Stack size 8 bytes, h1_extend.o(.text))
<BR><BR>[Stack]<UL><LI>Max Depth = 24<LI>Call Chain = __Heap_ProvideMemory &rArr; free
</UL>
<BR>[Calls]<UL><LI><a href="#[55]">&gt;&gt;</a>&nbsp;&nbsp;&nbsp;free
</UL>
<BR>[Called By]<UL><LI><a href="#[36]">&gt;&gt;</a>&nbsp;&nbsp;&nbsp;_init_alloc
<LI><a href="#[6a]">&gt;&gt;</a>&nbsp;&nbsp;&nbsp;__Heap_Full
</UL>

<P><STRONG><a name="[6f]"></a>_ftell_internal</STRONG> (Thumb, 66 bytes, Stack size 8 bytes, ftell.o(.text))
<BR><BR>[Stack]<UL><LI>Max Depth = 8<LI>Call Chain = _ftell_internal
</UL>
<BR>[Calls]<UL><LI><a href="#[73]">&gt;&gt;</a>&nbsp;&nbsp;&nbsp;__aeabi_errno_addr
</UL>
<BR>[Called By]<UL><LI><a href="#[61]">&gt;&gt;</a>&nbsp;&nbsp;&nbsp;_fseek
</UL>

<P><STRONG><a name="[148]"></a>ftell</STRONG> (Thumb, 0 bytes, Stack size 8 bytes, ftell.o(.text), UNUSED)

<P><STRONG><a name="[72]"></a>__default_signal_display</STRONG> (Thumb, 52 bytes, Stack size 16 bytes, defsig_general.o(.text))
<BR><BR>[Stack]<UL><LI>Max Depth = 24<LI>Call Chain = __default_signal_display &rArr; _ttywrch
</UL>
<BR>[Calls]<UL><LI><a href="#[74]">&gt;&gt;</a>&nbsp;&nbsp;&nbsp;_ttywrch
</UL>
<BR>[Called By]<UL><LI><a href="#[75]">&gt;&gt;</a>&nbsp;&nbsp;&nbsp;__rt_SIGRTMEM_inner
<LI><a href="#[67]">&gt;&gt;</a>&nbsp;&nbsp;&nbsp;__rt_SIGRTRED_inner
</UL>

<P><STRONG><a name="[6d]"></a>__rt_SIGRTMEM</STRONG> (Thumb, 12 bytes, Stack size 8 bytes, defsig_rtmem_outer.o(.text))
<BR><BR>[Stack]<UL><LI>Max Depth = 40<LI>Call Chain = __rt_SIGRTMEM &rArr; __rt_SIGRTMEM_inner &rArr; __default_signal_display &rArr; _ttywrch
</UL>
<BR>[Calls]<UL><LI><a href="#[75]">&gt;&gt;</a>&nbsp;&nbsp;&nbsp;__rt_SIGRTMEM_inner
<LI><a href="#[68]">&gt;&gt;</a>&nbsp;&nbsp;&nbsp;__sig_exit
</UL>
<BR>[Called By]<UL><LI><a href="#[36]">&gt;&gt;</a>&nbsp;&nbsp;&nbsp;_init_alloc
<LI><a href="#[6c]">&gt;&gt;</a>&nbsp;&nbsp;&nbsp;__Heap_Broken
</UL>

<P><STRONG><a name="[74]"></a>_ttywrch</STRONG> (Thumb, 12 bytes, Stack size 8 bytes, sys_wrch.o(.text))
<BR><BR>[Stack]<UL><LI>Max Depth = 8<LI>Call Chain = _ttywrch
</UL>
<BR>[Called By]<UL><LI><a href="#[72]">&gt;&gt;</a>&nbsp;&nbsp;&nbsp;__default_signal_display
</UL>

<P><STRONG><a name="[73]"></a>__aeabi_errno_addr</STRONG> (Thumb, 8 bytes, Stack size 0 bytes, rt_errno_addr_intlibspace.o(.text))
<BR><BR>[Called By]<UL><LI><a href="#[6f]">&gt;&gt;</a>&nbsp;&nbsp;&nbsp;_ftell_internal
</UL>

<P><STRONG><a name="[149]"></a>__errno$intlibspace</STRONG> (Thumb, 0 bytes, Stack size 0 bytes, rt_errno_addr_intlibspace.o(.text), UNUSED)

<P><STRONG><a name="[14a]"></a>__rt_errno_addr$intlibspace</STRONG> (Thumb, 0 bytes, Stack size 0 bytes, rt_errno_addr_intlibspace.o(.text), UNUSED)

<P><STRONG><a name="[75]"></a>__rt_SIGRTMEM_inner</STRONG> (Thumb, 22 bytes, Stack size 8 bytes, defsig_rtmem_inner.o(.text))
<BR><BR>[Stack]<UL><LI>Max Depth = 32<LI>Call Chain = __rt_SIGRTMEM_inner &rArr; __default_signal_display &rArr; _ttywrch
</UL>
<BR>[Calls]<UL><LI><a href="#[72]">&gt;&gt;</a>&nbsp;&nbsp;&nbsp;__default_signal_display
</UL>
<BR>[Called By]<UL><LI><a href="#[6d]">&gt;&gt;</a>&nbsp;&nbsp;&nbsp;__rt_SIGRTMEM
</UL>

<P><STRONG><a name="[a0]"></a>Error_Handler</STRONG> (Thumb, 4 bytes, Stack size 0 bytes, main.o(.text.Error_Handler))
<BR><BR>[Called By]<UL><LI><a href="#[ba]">&gt;&gt;</a>&nbsp;&nbsp;&nbsp;HAL_UART_MspInit
<LI><a href="#[9b]">&gt;&gt;</a>&nbsp;&nbsp;&nbsp;HAL_PCD_MspInit
</UL>

<P><STRONG><a name="[be]"></a>HAL_GPIO_Init</STRONG> (Thumb, 424 bytes, Stack size 72 bytes, stm32u0xx_hal_gpio.o(.text.HAL_GPIO_Init))
<BR><BR>[Stack]<UL><LI>Max Depth = 72<LI>Call Chain = HAL_GPIO_Init
</UL>
<BR>[Called By]<UL><LI><a href="#[ba]">&gt;&gt;</a>&nbsp;&nbsp;&nbsp;HAL_UART_MspInit
<LI><a href="#[40]">&gt;&gt;</a>&nbsp;&nbsp;&nbsp;main
</UL>

<P><STRONG><a name="[10b]"></a>HAL_GPIO_ReadPin</STRONG> (Thumb, 10 bytes, Stack size 0 bytes, stm32u0xx_hal_gpio.o(.text.HAL_GPIO_ReadPin))
<BR><BR>[Called By]<UL><LI><a href="#[40]">&gt;&gt;</a>&nbsp;&nbsp;&nbsp;main
</UL>

<P><STRONG><a name="[109]"></a>HAL_GPIO_WritePin</STRONG> (Thumb, 16 bytes, Stack size 0 bytes, stm32u0xx_hal_gpio.o(.text.HAL_GPIO_WritePin))
<BR><BR>[Called By]<UL><LI><a href="#[40]">&gt;&gt;</a>&nbsp;&nbsp;&nbsp;main
</UL>

<P><STRONG><a name="[b3]"></a>HAL_GetTick</STRONG> (Thumb, 8 bytes, Stack size 0 bytes, stm32u0xx_hal.o(.text.HAL_GetTick))
<BR><BR>[Called By]<UL><LI><a href="#[9f]">&gt;&gt;</a>&nbsp;&nbsp;&nbsp;HAL_RCCEx_PeriphCLKConfig
<LI><a href="#[b5]">&gt;&gt;</a>&nbsp;&nbsp;&nbsp;HAL_RCC_OscConfig
<LI><a href="#[b4]">&gt;&gt;</a>&nbsp;&nbsp;&nbsp;HAL_RCC_ClockConfig
<LI><a href="#[d0]">&gt;&gt;</a>&nbsp;&nbsp;&nbsp;UART_WaitOnFlagUntilTimeout
<LI><a href="#[bd]">&gt;&gt;</a>&nbsp;&nbsp;&nbsp;UART_CheckIdleState
</UL>

<P><STRONG><a name="[cd]"></a>HAL_IncTick</STRONG> (Thumb, 16 bytes, Stack size 0 bytes, stm32u0xx_hal.o(.text.HAL_IncTick))
<BR><BR>[Called By]<UL><LI><a href="#[5]">&gt;&gt;</a>&nbsp;&nbsp;&nbsp;SysTick_Handler
</UL>

<P><STRONG><a name="[76]"></a>HAL_Init</STRONG> (Thumb, 24 bytes, Stack size 8 bytes, stm32u0xx_hal.o(.text.HAL_Init))
<BR><BR>[Stack]<UL><LI>Max Depth = 24<LI>Call Chain = HAL_Init &rArr; HAL_InitTick
</UL>
<BR>[Calls]<UL><LI><a href="#[77]">&gt;&gt;</a>&nbsp;&nbsp;&nbsp;HAL_InitTick
<LI><a href="#[78]">&gt;&gt;</a>&nbsp;&nbsp;&nbsp;HAL_MspInit
</UL>
<BR>[Called By]<UL><LI><a href="#[40]">&gt;&gt;</a>&nbsp;&nbsp;&nbsp;main
</UL>

<P><STRONG><a name="[77]"></a>HAL_InitTick</STRONG> (Thumb, 64 bytes, Stack size 16 bytes, stm32u0xx_hal.o(.text.HAL_InitTick))
<BR><BR>[Stack]<UL><LI>Max Depth = 16<LI>Call Chain = HAL_InitTick
</UL>
<BR>[Calls]<UL><LI><a href="#[7a]">&gt;&gt;</a>&nbsp;&nbsp;&nbsp;HAL_SYSTICK_Config
<LI><a href="#[7b]">&gt;&gt;</a>&nbsp;&nbsp;&nbsp;HAL_NVIC_SetPriority
<LI><a href="#[79]">&gt;&gt;</a>&nbsp;&nbsp;&nbsp;__aeabi_uidiv
</UL>
<BR>[Called By]<UL><LI><a href="#[b5]">&gt;&gt;</a>&nbsp;&nbsp;&nbsp;HAL_RCC_OscConfig
<LI><a href="#[b4]">&gt;&gt;</a>&nbsp;&nbsp;&nbsp;HAL_RCC_ClockConfig
<LI><a href="#[76]">&gt;&gt;</a>&nbsp;&nbsp;&nbsp;HAL_Init
</UL>

<P><STRONG><a name="[78]"></a>HAL_MspInit</STRONG> (Thumb, 40 bytes, Stack size 8 bytes, stm32u0xx_hal_msp.o(.text.HAL_MspInit))
<BR><BR>[Stack]<UL><LI>Max Depth = 8<LI>Call Chain = HAL_MspInit
</UL>
<BR>[Called By]<UL><LI><a href="#[76]">&gt;&gt;</a>&nbsp;&nbsp;&nbsp;HAL_Init
</UL>

<P><STRONG><a name="[a2]"></a>HAL_NVIC_EnableIRQ</STRONG> (Thumb, 20 bytes, Stack size 0 bytes, stm32u0xx_hal_cortex.o(.text.HAL_NVIC_EnableIRQ))
<BR><BR>[Called By]<UL><LI><a href="#[9b]">&gt;&gt;</a>&nbsp;&nbsp;&nbsp;HAL_PCD_MspInit
</UL>

<P><STRONG><a name="[7b]"></a>HAL_NVIC_SetPriority</STRONG> (Thumb, 56 bytes, Stack size 0 bytes, stm32u0xx_hal_cortex.o(.text.HAL_NVIC_SetPriority))
<BR><BR>[Called By]<UL><LI><a href="#[77]">&gt;&gt;</a>&nbsp;&nbsp;&nbsp;HAL_InitTick
<LI><a href="#[9b]">&gt;&gt;</a>&nbsp;&nbsp;&nbsp;HAL_PCD_MspInit
</UL>

<P><STRONG><a name="[9e]"></a>HAL_PCDEx_ActivateLPM</STRONG> (Thumb, 36 bytes, Stack size 16 bytes, stm32u0xx_hal_pcd_ex.o(.text.HAL_PCDEx_ActivateLPM))
<BR><BR>[Stack]<UL><LI>Max Depth = 16<LI>Call Chain = HAL_PCDEx_ActivateLPM
</UL>
<BR>[Called By]<UL><LI><a href="#[9a]">&gt;&gt;</a>&nbsp;&nbsp;&nbsp;HAL_PCD_Init
</UL>

<P><STRONG><a name="[96]"></a>HAL_PCDEx_LPM_Callback</STRONG> (Thumb, 2 bytes, Stack size 0 bytes, stm32u0xx_hal_pcd_ex.o(.text.HAL_PCDEx_LPM_Callback))
<BR><BR>[Called By]<UL><LI><a href="#[8f]">&gt;&gt;</a>&nbsp;&nbsp;&nbsp;HAL_PCD_IRQHandler
</UL>

<P><STRONG><a name="[cb]"></a>HAL_PCDEx_PMAConfig</STRONG> (Thumb, 56 bytes, Stack size 16 bytes, stm32u0xx_hal_pcd_ex.o(.text.HAL_PCDEx_PMAConfig))
<BR><BR>[Stack]<UL><LI>Max Depth = 16<LI>Call Chain = HAL_PCDEx_PMAConfig
</UL>
<BR>[Called By]<UL><LI><a href="#[bf]">&gt;&gt;</a>&nbsp;&nbsp;&nbsp;MX_USBX_Device_Init
</UL>

<P><STRONG><a name="[7c]"></a>HAL_PCD_DataInStageCallback</STRONG> (Thumb, 216 bytes, Stack size 32 bytes, ux_dcd_stm32_callback.o(.text.HAL_PCD_DataInStageCallback))
<BR><BR>[Stack]<UL><LI>Max Depth = 100<LI>Call Chain = HAL_PCD_DataInStageCallback &rArr; HAL_PCD_EP_Transmit &rArr; USB_EPStartXfer
</UL>
<BR>[Calls]<UL><LI><a href="#[7d]">&gt;&gt;</a>&nbsp;&nbsp;&nbsp;HAL_PCD_EP_Transmit
<LI><a href="#[7e]">&gt;&gt;</a>&nbsp;&nbsp;&nbsp;HAL_PCD_EP_Receive
</UL>
<BR>[Called By]<UL><LI><a href="#[8f]">&gt;&gt;</a>&nbsp;&nbsp;&nbsp;HAL_PCD_IRQHandler
</UL>

<P><STRONG><a name="[7f]"></a>HAL_PCD_DataOutStageCallback</STRONG> (Thumb, 156 bytes, Stack size 24 bytes, ux_dcd_stm32_callback.o(.text.HAL_PCD_DataOutStageCallback))
<BR><BR>[Stack]<UL><LI>Max Depth = 92<LI>Call Chain = HAL_PCD_DataOutStageCallback &rArr; HAL_PCD_EP_Receive &rArr; USB_EPStartXfer
</UL>
<BR>[Calls]<UL><LI><a href="#[7e]">&gt;&gt;</a>&nbsp;&nbsp;&nbsp;HAL_PCD_EP_Receive
<LI><a href="#[80]">&gt;&gt;</a>&nbsp;&nbsp;&nbsp;HAL_PCD_EP_GetRxCount
</UL>
<BR>[Called By]<UL><LI><a href="#[8f]">&gt;&gt;</a>&nbsp;&nbsp;&nbsp;HAL_PCD_IRQHandler
</UL>

<P><STRONG><a name="[81]"></a>HAL_PCD_EP_Abort</STRONG> (Thumb, 42 bytes, Stack size 8 bytes, stm32u0xx_hal_pcd.o(.text.HAL_PCD_EP_Abort))
<BR><BR>[Stack]<UL><LI>Max Depth = 8<LI>Call Chain = HAL_PCD_EP_Abort
</UL>
<BR>[Calls]<UL><LI><a href="#[82]">&gt;&gt;</a>&nbsp;&nbsp;&nbsp;USB_EPStopXfer
</UL>
<BR>[Called By]<UL><LI><a href="#[dd]">&gt;&gt;</a>&nbsp;&nbsp;&nbsp;_ux_dcd_stm32_transfer_abort
</UL>

<P><STRONG><a name="[83]"></a>HAL_PCD_EP_Close</STRONG> (Thumb, 78 bytes, Stack size 8 bytes, stm32u0xx_hal_pcd.o(.text.HAL_PCD_EP_Close))
<BR><BR>[Stack]<UL><LI>Max Depth = 16<LI>Call Chain = HAL_PCD_EP_Close &rArr; USB_DeactivateEndpoint
</UL>
<BR>[Calls]<UL><LI><a href="#[84]">&gt;&gt;</a>&nbsp;&nbsp;&nbsp;USB_DeactivateEndpoint
</UL>
<BR>[Called By]<UL><LI><a href="#[d6]">&gt;&gt;</a>&nbsp;&nbsp;&nbsp;_ux_dcd_stm32_endpoint_destroy
</UL>

<P><STRONG><a name="[85]"></a>HAL_PCD_EP_ClrStall</STRONG> (Thumb, 96 bytes, Stack size 16 bytes, stm32u0xx_hal_pcd.o(.text.HAL_PCD_EP_ClrStall))
<BR><BR>[Stack]<UL><LI>Max Depth = 32<LI>Call Chain = HAL_PCD_EP_ClrStall &rArr; USB_EPClearStall
</UL>
<BR>[Calls]<UL><LI><a href="#[86]">&gt;&gt;</a>&nbsp;&nbsp;&nbsp;USB_EPClearStall
</UL>
<BR>[Called By]<UL><LI><a href="#[d7]">&gt;&gt;</a>&nbsp;&nbsp;&nbsp;_ux_dcd_stm32_endpoint_reset
</UL>

<P><STRONG><a name="[87]"></a>HAL_PCD_EP_Flush</STRONG> (Thumb, 54 bytes, Stack size 8 bytes, stm32u0xx_hal_pcd.o(.text.HAL_PCD_EP_Flush))
<BR><BR>[Stack]<UL><LI>Max Depth = 8<LI>Call Chain = HAL_PCD_EP_Flush
</UL>
<BR>[Calls]<UL><LI><a href="#[89]">&gt;&gt;</a>&nbsp;&nbsp;&nbsp;USB_FlushTxFifo
<LI><a href="#[88]">&gt;&gt;</a>&nbsp;&nbsp;&nbsp;USB_FlushRxFifo
</UL>
<BR>[Called By]<UL><LI><a href="#[dd]">&gt;&gt;</a>&nbsp;&nbsp;&nbsp;_ux_dcd_stm32_transfer_abort
<LI><a href="#[d7]">&gt;&gt;</a>&nbsp;&nbsp;&nbsp;_ux_dcd_stm32_endpoint_reset
<LI><a href="#[a4]">&gt;&gt;</a>&nbsp;&nbsp;&nbsp;_ux_dcd_stm32_initialize_complete
</UL>

<P><STRONG><a name="[80]"></a>HAL_PCD_EP_GetRxCount</STRONG> (Thumb, 18 bytes, Stack size 0 bytes, stm32u0xx_hal_pcd.o(.text.HAL_PCD_EP_GetRxCount))
<BR><BR>[Called By]<UL><LI><a href="#[7f]">&gt;&gt;</a>&nbsp;&nbsp;&nbsp;HAL_PCD_DataOutStageCallback
</UL>

<P><STRONG><a name="[8a]"></a>HAL_PCD_EP_Open</STRONG> (Thumb, 96 bytes, Stack size 16 bytes, stm32u0xx_hal_pcd.o(.text.HAL_PCD_EP_Open))
<BR><BR>[Stack]<UL><LI>Max Depth = 44<LI>Call Chain = HAL_PCD_EP_Open &rArr; USB_ActivateEndpoint
</UL>
<BR>[Calls]<UL><LI><a href="#[8b]">&gt;&gt;</a>&nbsp;&nbsp;&nbsp;USB_ActivateEndpoint
</UL>
<BR>[Called By]<UL><LI><a href="#[d5]">&gt;&gt;</a>&nbsp;&nbsp;&nbsp;_ux_dcd_stm32_endpoint_create
<LI><a href="#[a4]">&gt;&gt;</a>&nbsp;&nbsp;&nbsp;_ux_dcd_stm32_initialize_complete
</UL>

<P><STRONG><a name="[7e]"></a>HAL_PCD_EP_Receive</STRONG> (Thumb, 40 bytes, Stack size 16 bytes, stm32u0xx_hal_pcd.o(.text.HAL_PCD_EP_Receive))
<BR><BR>[Stack]<UL><LI>Max Depth = 68<LI>Call Chain = HAL_PCD_EP_Receive &rArr; USB_EPStartXfer
</UL>
<BR>[Calls]<UL><LI><a href="#[8c]">&gt;&gt;</a>&nbsp;&nbsp;&nbsp;USB_EPStartXfer
</UL>
<BR>[Called By]<UL><LI><a href="#[dc]">&gt;&gt;</a>&nbsp;&nbsp;&nbsp;_ux_dcd_stm32_transfer_run
<LI><a href="#[94]">&gt;&gt;</a>&nbsp;&nbsp;&nbsp;HAL_PCD_SetupStageCallback
<LI><a href="#[7f]">&gt;&gt;</a>&nbsp;&nbsp;&nbsp;HAL_PCD_DataOutStageCallback
<LI><a href="#[7c]">&gt;&gt;</a>&nbsp;&nbsp;&nbsp;HAL_PCD_DataInStageCallback
</UL>

<P><STRONG><a name="[8d]"></a>HAL_PCD_EP_SetStall</STRONG> (Thumb, 90 bytes, Stack size 8 bytes, stm32u0xx_hal_pcd.o(.text.HAL_PCD_EP_SetStall))
<BR><BR>[Stack]<UL><LI>Max Depth = 16<LI>Call Chain = HAL_PCD_EP_SetStall &rArr; USB_EPSetStall
</UL>
<BR>[Calls]<UL><LI><a href="#[8e]">&gt;&gt;</a>&nbsp;&nbsp;&nbsp;USB_EPSetStall
</UL>
<BR>[Called By]<UL><LI><a href="#[a8]">&gt;&gt;</a>&nbsp;&nbsp;&nbsp;_ux_dcd_stm32_endpoint_stall
</UL>

<P><STRONG><a name="[7d]"></a>HAL_PCD_EP_Transmit</STRONG> (Thumb, 44 bytes, Stack size 16 bytes, stm32u0xx_hal_pcd.o(.text.HAL_PCD_EP_Transmit))
<BR><BR>[Stack]<UL><LI>Max Depth = 68<LI>Call Chain = HAL_PCD_EP_Transmit &rArr; USB_EPStartXfer
</UL>
<BR>[Calls]<UL><LI><a href="#[8c]">&gt;&gt;</a>&nbsp;&nbsp;&nbsp;USB_EPStartXfer
</UL>
<BR>[Called By]<UL><LI><a href="#[dc]">&gt;&gt;</a>&nbsp;&nbsp;&nbsp;_ux_dcd_stm32_transfer_run
<LI><a href="#[de]">&gt;&gt;</a>&nbsp;&nbsp;&nbsp;_ux_dcd_stm32_setup_isr_pending
<LI><a href="#[7c]">&gt;&gt;</a>&nbsp;&nbsp;&nbsp;HAL_PCD_DataInStageCallback
</UL>

<P><STRONG><a name="[8f]"></a>HAL_PCD_IRQHandler</STRONG> (Thumb, 2368 bytes, Stack size 88 bytes, stm32u0xx_hal_pcd.o(.text.HAL_PCD_IRQHandler))
<BR><BR>[Stack]<UL><LI>Max Depth = 200<LI>Call Chain = HAL_PCD_IRQHandler &rArr; HAL_PCD_ResetCallback &rArr; _ux_device_stack_disconnect &rArr; _ux_device_stack_interface_delete
</UL>
<BR>[Calls]<UL><LI><a href="#[98]">&gt;&gt;</a>&nbsp;&nbsp;&nbsp;HAL_PCD_SuspendCallback
<LI><a href="#[94]">&gt;&gt;</a>&nbsp;&nbsp;&nbsp;HAL_PCD_SetupStageCallback
<LI><a href="#[99]">&gt;&gt;</a>&nbsp;&nbsp;&nbsp;HAL_PCD_SOFCallback
<LI><a href="#[97]">&gt;&gt;</a>&nbsp;&nbsp;&nbsp;HAL_PCD_ResumeCallback
<LI><a href="#[91]">&gt;&gt;</a>&nbsp;&nbsp;&nbsp;HAL_PCD_ResetCallback
<LI><a href="#[7f]">&gt;&gt;</a>&nbsp;&nbsp;&nbsp;HAL_PCD_DataOutStageCallback
<LI><a href="#[7c]">&gt;&gt;</a>&nbsp;&nbsp;&nbsp;HAL_PCD_DataInStageCallback
<LI><a href="#[95]">&gt;&gt;</a>&nbsp;&nbsp;&nbsp;USB_WritePMA
<LI><a href="#[92]">&gt;&gt;</a>&nbsp;&nbsp;&nbsp;USB_SetDevAddress
<LI><a href="#[93]">&gt;&gt;</a>&nbsp;&nbsp;&nbsp;USB_ReadPMA
<LI><a href="#[90]">&gt;&gt;</a>&nbsp;&nbsp;&nbsp;USB_ReadInterrupts
<LI><a href="#[8c]">&gt;&gt;</a>&nbsp;&nbsp;&nbsp;USB_EPStartXfer
<LI><a href="#[96]">&gt;&gt;</a>&nbsp;&nbsp;&nbsp;HAL_PCDEx_LPM_Callback
</UL>
<BR>[Called By]<UL><LI><a href="#[e]">&gt;&gt;</a>&nbsp;&nbsp;&nbsp;USB_DRD_FS_IRQHandler
</UL>

<P><STRONG><a name="[9a]"></a>HAL_PCD_Init</STRONG> (Thumb, 158 bytes, Stack size 24 bytes, stm32u0xx_hal_pcd.o(.text.HAL_PCD_Init))
<BR><BR>[Stack]<UL><LI>Max Depth = 152<LI>Call Chain = HAL_PCD_Init &rArr; HAL_PCD_MspInit &rArr; HAL_RCCEx_PeriphCLKConfig
</UL>
<BR>[Calls]<UL><LI><a href="#[9b]">&gt;&gt;</a>&nbsp;&nbsp;&nbsp;HAL_PCD_MspInit
<LI><a href="#[9c]">&gt;&gt;</a>&nbsp;&nbsp;&nbsp;USB_DisableGlobalInt
<LI><a href="#[9d]">&gt;&gt;</a>&nbsp;&nbsp;&nbsp;USB_DevInit
<LI><a href="#[9e]">&gt;&gt;</a>&nbsp;&nbsp;&nbsp;HAL_PCDEx_ActivateLPM
</UL>
<BR>[Called By]<UL><LI><a href="#[ca]">&gt;&gt;</a>&nbsp;&nbsp;&nbsp;MX_USB_PCD_Init
</UL>

<P><STRONG><a name="[9b]"></a>HAL_PCD_MspInit</STRONG> (Thumb, 100 bytes, Stack size 80 bytes, stm32u0xx_hal_msp.o(.text.HAL_PCD_MspInit))
<BR><BR>[Stack]<UL><LI>Max Depth = 128<LI>Call Chain = HAL_PCD_MspInit &rArr; HAL_RCCEx_PeriphCLKConfig
</UL>
<BR>[Calls]<UL><LI><a href="#[9f]">&gt;&gt;</a>&nbsp;&nbsp;&nbsp;HAL_RCCEx_PeriphCLKConfig
<LI><a href="#[a1]">&gt;&gt;</a>&nbsp;&nbsp;&nbsp;HAL_PWREx_EnableVddUSB
<LI><a href="#[7b]">&gt;&gt;</a>&nbsp;&nbsp;&nbsp;HAL_NVIC_SetPriority
<LI><a href="#[a2]">&gt;&gt;</a>&nbsp;&nbsp;&nbsp;HAL_NVIC_EnableIRQ
<LI><a href="#[a0]">&gt;&gt;</a>&nbsp;&nbsp;&nbsp;Error_Handler
<LI><a href="#[50]">&gt;&gt;</a>&nbsp;&nbsp;&nbsp;__aeabi_memclr4
</UL>
<BR>[Called By]<UL><LI><a href="#[9a]">&gt;&gt;</a>&nbsp;&nbsp;&nbsp;HAL_PCD_Init
</UL>

<P><STRONG><a name="[91]"></a>HAL_PCD_ResetCallback</STRONG> (Thumb, 36 bytes, Stack size 16 bytes, ux_dcd_stm32_callback.o(.text.HAL_PCD_ResetCallback))
<BR><BR>[Stack]<UL><LI>Max Depth = 112<LI>Call Chain = HAL_PCD_ResetCallback &rArr; _ux_device_stack_disconnect &rArr; _ux_device_stack_interface_delete
</UL>
<BR>[Calls]<UL><LI><a href="#[a3]">&gt;&gt;</a>&nbsp;&nbsp;&nbsp;_ux_device_stack_disconnect
<LI><a href="#[a4]">&gt;&gt;</a>&nbsp;&nbsp;&nbsp;_ux_dcd_stm32_initialize_complete
</UL>
<BR>[Called By]<UL><LI><a href="#[8f]">&gt;&gt;</a>&nbsp;&nbsp;&nbsp;HAL_PCD_IRQHandler
</UL>

<P><STRONG><a name="[97]"></a>HAL_PCD_ResumeCallback</STRONG> (Thumb, 24 bytes, Stack size 8 bytes, ux_dcd_stm32_callback.o(.text.HAL_PCD_ResumeCallback))
<BR><BR>[Stack]<UL><LI>Max Depth = 8<LI>Call Chain = HAL_PCD_ResumeCallback
</UL>
<BR>[Called By]<UL><LI><a href="#[8f]">&gt;&gt;</a>&nbsp;&nbsp;&nbsp;HAL_PCD_IRQHandler
</UL>

<P><STRONG><a name="[99]"></a>HAL_PCD_SOFCallback</STRONG> (Thumb, 24 bytes, Stack size 8 bytes, ux_dcd_stm32_callback.o(.text.HAL_PCD_SOFCallback))
<BR><BR>[Stack]<UL><LI>Max Depth = 8<LI>Call Chain = HAL_PCD_SOFCallback
</UL>
<BR>[Called By]<UL><LI><a href="#[8f]">&gt;&gt;</a>&nbsp;&nbsp;&nbsp;HAL_PCD_IRQHandler
</UL>

<P><STRONG><a name="[a5]"></a>HAL_PCD_SetAddress</STRONG> (Thumb, 36 bytes, Stack size 8 bytes, stm32u0xx_hal_pcd.o(.text.HAL_PCD_SetAddress))
<BR><BR>[Stack]<UL><LI>Max Depth = 8<LI>Call Chain = HAL_PCD_SetAddress
</UL>
<BR>[Calls]<UL><LI><a href="#[92]">&gt;&gt;</a>&nbsp;&nbsp;&nbsp;USB_SetDevAddress
</UL>
<BR>[Called By]<UL><LI><a href="#[2f]">&gt;&gt;</a>&nbsp;&nbsp;&nbsp;_ux_dcd_stm32_function
</UL>

<P><STRONG><a name="[94]"></a>HAL_PCD_SetupStageCallback</STRONG> (Thumb, 160 bytes, Stack size 32 bytes, ux_dcd_stm32_callback.o(.text.HAL_PCD_SetupStageCallback))
<BR><BR>[Stack]<UL><LI>Max Depth = 100<LI>Call Chain = HAL_PCD_SetupStageCallback &rArr; HAL_PCD_EP_Receive &rArr; USB_EPStartXfer
</UL>
<BR>[Calls]<UL><LI><a href="#[a7]">&gt;&gt;</a>&nbsp;&nbsp;&nbsp;_ux_utility_short_get
<LI><a href="#[a6]">&gt;&gt;</a>&nbsp;&nbsp;&nbsp;_ux_utility_memory_copy
<LI><a href="#[a8]">&gt;&gt;</a>&nbsp;&nbsp;&nbsp;_ux_dcd_stm32_endpoint_stall
<LI><a href="#[7e]">&gt;&gt;</a>&nbsp;&nbsp;&nbsp;HAL_PCD_EP_Receive
</UL>
<BR>[Called By]<UL><LI><a href="#[8f]">&gt;&gt;</a>&nbsp;&nbsp;&nbsp;HAL_PCD_IRQHandler
</UL>

<P><STRONG><a name="[a9]"></a>HAL_PCD_Start</STRONG> (Thumb, 42 bytes, Stack size 16 bytes, stm32u0xx_hal_pcd.o(.text.HAL_PCD_Start))
<BR><BR>[Stack]<UL><LI>Max Depth = 16<LI>Call Chain = HAL_PCD_Start
</UL>
<BR>[Calls]<UL><LI><a href="#[aa]">&gt;&gt;</a>&nbsp;&nbsp;&nbsp;USB_EnableGlobalInt
<LI><a href="#[ab]">&gt;&gt;</a>&nbsp;&nbsp;&nbsp;USB_DevConnect
</UL>
<BR>[Called By]<UL><LI><a href="#[bf]">&gt;&gt;</a>&nbsp;&nbsp;&nbsp;MX_USBX_Device_Init
</UL>

<P><STRONG><a name="[ac]"></a>HAL_PCD_Stop</STRONG> (Thumb, 42 bytes, Stack size 16 bytes, stm32u0xx_hal_pcd.o(.text.HAL_PCD_Stop))
<BR><BR>[Stack]<UL><LI>Max Depth = 16<LI>Call Chain = HAL_PCD_Stop
</UL>
<BR>[Calls]<UL><LI><a href="#[9c]">&gt;&gt;</a>&nbsp;&nbsp;&nbsp;USB_DisableGlobalInt
<LI><a href="#[ad]">&gt;&gt;</a>&nbsp;&nbsp;&nbsp;USB_DevDisconnect
</UL>
<BR>[Called By]<UL><LI><a href="#[2f]">&gt;&gt;</a>&nbsp;&nbsp;&nbsp;_ux_dcd_stm32_function
</UL>

<P><STRONG><a name="[98]"></a>HAL_PCD_SuspendCallback</STRONG> (Thumb, 24 bytes, Stack size 8 bytes, ux_dcd_stm32_callback.o(.text.HAL_PCD_SuspendCallback))
<BR><BR>[Stack]<UL><LI>Max Depth = 8<LI>Call Chain = HAL_PCD_SuspendCallback
</UL>
<BR>[Called By]<UL><LI><a href="#[8f]">&gt;&gt;</a>&nbsp;&nbsp;&nbsp;HAL_PCD_IRQHandler
</UL>

<P><STRONG><a name="[ae]"></a>HAL_PWREx_ControlVoltageScaling</STRONG> (Thumb, 96 bytes, Stack size 16 bytes, stm32u0xx_hal_pwr_ex.o(.text.HAL_PWREx_ControlVoltageScaling))
<BR><BR>[Stack]<UL><LI>Max Depth = 16<LI>Call Chain = HAL_PWREx_ControlVoltageScaling
</UL>
<BR>[Calls]<UL><LI><a href="#[79]">&gt;&gt;</a>&nbsp;&nbsp;&nbsp;__aeabi_uidiv
</UL>
<BR>[Called By]<UL><LI><a href="#[ce]">&gt;&gt;</a>&nbsp;&nbsp;&nbsp;SystemClock_Config
</UL>

<P><STRONG><a name="[a1]"></a>HAL_PWREx_EnableVddUSB</STRONG> (Thumb, 16 bytes, Stack size 0 bytes, stm32u0xx_hal_pwr_ex.o(.text.HAL_PWREx_EnableVddUSB))
<BR><BR>[Called By]<UL><LI><a href="#[9b]">&gt;&gt;</a>&nbsp;&nbsp;&nbsp;HAL_PCD_MspInit
<LI><a href="#[bf]">&gt;&gt;</a>&nbsp;&nbsp;&nbsp;MX_USBX_Device_Init
</UL>

<P><STRONG><a name="[b6]"></a>HAL_PWREx_GetVoltageRange</STRONG> (Thumb, 12 bytes, Stack size 0 bytes, stm32u0xx_hal_pwr_ex.o(.text.HAL_PWREx_GetVoltageRange))
<BR><BR>[Called By]<UL><LI><a href="#[b5]">&gt;&gt;</a>&nbsp;&nbsp;&nbsp;HAL_RCC_OscConfig
</UL>

<P><STRONG><a name="[cf]"></a>HAL_RCCEx_CRSConfig</STRONG> (Thumb, 68 bytes, Stack size 0 bytes, stm32u0xx_hal_rcc_ex.o(.text.HAL_RCCEx_CRSConfig))
<BR><BR>[Called By]<UL><LI><a href="#[ce]">&gt;&gt;</a>&nbsp;&nbsp;&nbsp;SystemClock_Config
</UL>

<P><STRONG><a name="[af]"></a>HAL_RCCEx_GetPLLClockFreq</STRONG> (Thumb, 180 bytes, Stack size 24 bytes, stm32u0xx_hal_rcc_ex.o(.text.HAL_RCCEx_GetPLLClockFreq))
<BR><BR>[Stack]<UL><LI>Max Depth = 24<LI>Call Chain = HAL_RCCEx_GetPLLClockFreq
</UL>
<BR>[Calls]<UL><LI><a href="#[79]">&gt;&gt;</a>&nbsp;&nbsp;&nbsp;__aeabi_uidiv
</UL>
<BR>[Called By]<UL><LI><a href="#[b0]">&gt;&gt;</a>&nbsp;&nbsp;&nbsp;HAL_RCCEx_GetPeriphCLKFreq
</UL>

<P><STRONG><a name="[b0]"></a>HAL_RCCEx_GetPeriphCLKFreq</STRONG> (Thumb, 1116 bytes, Stack size 32 bytes, stm32u0xx_hal_rcc_ex.o(.text.HAL_RCCEx_GetPeriphCLKFreq))
<BR><BR>[Stack]<UL><LI>Max Depth = 56<LI>Call Chain = HAL_RCCEx_GetPeriphCLKFreq &rArr; HAL_RCCEx_GetPLLClockFreq
</UL>
<BR>[Calls]<UL><LI><a href="#[af]">&gt;&gt;</a>&nbsp;&nbsp;&nbsp;HAL_RCCEx_GetPLLClockFreq
<LI><a href="#[b1]">&gt;&gt;</a>&nbsp;&nbsp;&nbsp;HAL_RCC_GetSysClockFreq
<LI><a href="#[b2]">&gt;&gt;</a>&nbsp;&nbsp;&nbsp;HAL_RCC_GetPCLK1Freq
</UL>
<BR>[Called By]<UL><LI><a href="#[bc]">&gt;&gt;</a>&nbsp;&nbsp;&nbsp;UART_SetConfig
</UL>

<P><STRONG><a name="[9f]"></a>HAL_RCCEx_PeriphCLKConfig</STRONG> (Thumb, 636 bytes, Stack size 48 bytes, stm32u0xx_hal_rcc_ex.o(.text.HAL_RCCEx_PeriphCLKConfig))
<BR><BR>[Stack]<UL><LI>Max Depth = 48<LI>Call Chain = HAL_RCCEx_PeriphCLKConfig
</UL>
<BR>[Calls]<UL><LI><a href="#[b3]">&gt;&gt;</a>&nbsp;&nbsp;&nbsp;HAL_GetTick
</UL>
<BR>[Called By]<UL><LI><a href="#[ba]">&gt;&gt;</a>&nbsp;&nbsp;&nbsp;HAL_UART_MspInit
<LI><a href="#[9b]">&gt;&gt;</a>&nbsp;&nbsp;&nbsp;HAL_PCD_MspInit
</UL>

<P><STRONG><a name="[b4]"></a>HAL_RCC_ClockConfig</STRONG> (Thumb, 308 bytes, Stack size 32 bytes, stm32u0xx_hal_rcc.o(.text.HAL_RCC_ClockConfig))
<BR><BR>[Stack]<UL><LI>Max Depth = 48<LI>Call Chain = HAL_RCC_ClockConfig &rArr; HAL_InitTick
</UL>
<BR>[Calls]<UL><LI><a href="#[b1]">&gt;&gt;</a>&nbsp;&nbsp;&nbsp;HAL_RCC_GetSysClockFreq
<LI><a href="#[77]">&gt;&gt;</a>&nbsp;&nbsp;&nbsp;HAL_InitTick
<LI><a href="#[b3]">&gt;&gt;</a>&nbsp;&nbsp;&nbsp;HAL_GetTick
</UL>
<BR>[Called By]<UL><LI><a href="#[ce]">&gt;&gt;</a>&nbsp;&nbsp;&nbsp;SystemClock_Config
</UL>

<P><STRONG><a name="[b2]"></a>HAL_RCC_GetPCLK1Freq</STRONG> (Thumb, 24 bytes, Stack size 0 bytes, stm32u0xx_hal_rcc.o(.text.HAL_RCC_GetPCLK1Freq))
<BR><BR>[Called By]<UL><LI><a href="#[b0]">&gt;&gt;</a>&nbsp;&nbsp;&nbsp;HAL_RCCEx_GetPeriphCLKFreq
</UL>

<P><STRONG><a name="[b1]"></a>HAL_RCC_GetSysClockFreq</STRONG> (Thumb, 172 bytes, Stack size 8 bytes, stm32u0xx_hal_rcc.o(.text.HAL_RCC_GetSysClockFreq))
<BR><BR>[Stack]<UL><LI>Max Depth = 8<LI>Call Chain = HAL_RCC_GetSysClockFreq
</UL>
<BR>[Calls]<UL><LI><a href="#[79]">&gt;&gt;</a>&nbsp;&nbsp;&nbsp;__aeabi_uidiv
</UL>
<BR>[Called By]<UL><LI><a href="#[b0]">&gt;&gt;</a>&nbsp;&nbsp;&nbsp;HAL_RCCEx_GetPeriphCLKFreq
<LI><a href="#[b5]">&gt;&gt;</a>&nbsp;&nbsp;&nbsp;HAL_RCC_OscConfig
<LI><a href="#[b4]">&gt;&gt;</a>&nbsp;&nbsp;&nbsp;HAL_RCC_ClockConfig
</UL>

<P><STRONG><a name="[b5]"></a>HAL_RCC_OscConfig</STRONG> (Thumb, 1772 bytes, Stack size 56 bytes, stm32u0xx_hal_rcc.o(.text.HAL_RCC_OscConfig))
<BR><BR>[Stack]<UL><LI>Max Depth = 72<LI>Call Chain = HAL_RCC_OscConfig &rArr; HAL_InitTick
</UL>
<BR>[Calls]<UL><LI><a href="#[b1]">&gt;&gt;</a>&nbsp;&nbsp;&nbsp;HAL_RCC_GetSysClockFreq
<LI><a href="#[b6]">&gt;&gt;</a>&nbsp;&nbsp;&nbsp;HAL_PWREx_GetVoltageRange
<LI><a href="#[77]">&gt;&gt;</a>&nbsp;&nbsp;&nbsp;HAL_InitTick
<LI><a href="#[b3]">&gt;&gt;</a>&nbsp;&nbsp;&nbsp;HAL_GetTick
</UL>
<BR>[Called By]<UL><LI><a href="#[ce]">&gt;&gt;</a>&nbsp;&nbsp;&nbsp;SystemClock_Config
</UL>

<P><STRONG><a name="[7a]"></a>HAL_SYSTICK_Config</STRONG> (Thumb, 40 bytes, Stack size 0 bytes, stm32u0xx_hal_cortex.o(.text.HAL_SYSTICK_Config))
<BR><BR>[Called By]<UL><LI><a href="#[77]">&gt;&gt;</a>&nbsp;&nbsp;&nbsp;HAL_InitTick
</UL>

<P><STRONG><a name="[10a]"></a>HAL_UARTEx_DisableFifoMode</STRONG> (Thumb, 54 bytes, Stack size 16 bytes, stm32u0xx_hal_uart_ex.o(.text.HAL_UARTEx_DisableFifoMode))
<BR><BR>[Stack]<UL><LI>Max Depth = 16<LI>Call Chain = HAL_UARTEx_DisableFifoMode
</UL>
<BR>[Called By]<UL><LI><a href="#[40]">&gt;&gt;</a>&nbsp;&nbsp;&nbsp;main
</UL>

<P><STRONG><a name="[b7]"></a>HAL_UARTEx_SetRxFifoThreshold</STRONG> (Thumb, 120 bytes, Stack size 24 bytes, stm32u0xx_hal_uart_ex.o(.text.HAL_UARTEx_SetRxFifoThreshold))
<BR><BR>[Stack]<UL><LI>Max Depth = 24<LI>Call Chain = HAL_UARTEx_SetRxFifoThreshold
</UL>
<BR>[Calls]<UL><LI><a href="#[79]">&gt;&gt;</a>&nbsp;&nbsp;&nbsp;__aeabi_uidiv
</UL>
<BR>[Called By]<UL><LI><a href="#[40]">&gt;&gt;</a>&nbsp;&nbsp;&nbsp;main
</UL>

<P><STRONG><a name="[b8]"></a>HAL_UARTEx_SetTxFifoThreshold</STRONG> (Thumb, 120 bytes, Stack size 24 bytes, stm32u0xx_hal_uart_ex.o(.text.HAL_UARTEx_SetTxFifoThreshold))
<BR><BR>[Stack]<UL><LI>Max Depth = 24<LI>Call Chain = HAL_UARTEx_SetTxFifoThreshold
</UL>
<BR>[Calls]<UL><LI><a href="#[79]">&gt;&gt;</a>&nbsp;&nbsp;&nbsp;__aeabi_uidiv
</UL>
<BR>[Called By]<UL><LI><a href="#[40]">&gt;&gt;</a>&nbsp;&nbsp;&nbsp;main
</UL>

<P><STRONG><a name="[b9]"></a>HAL_UART_Init</STRONG> (Thumb, 108 bytes, Stack size 16 bytes, stm32u0xx_hal_uart.o(.text.HAL_UART_Init))
<BR><BR>[Stack]<UL><LI>Max Depth = 200<LI>Call Chain = HAL_UART_Init &rArr; HAL_UART_MspInit &rArr; HAL_GPIO_Init
</UL>
<BR>[Calls]<UL><LI><a href="#[ba]">&gt;&gt;</a>&nbsp;&nbsp;&nbsp;HAL_UART_MspInit
<LI><a href="#[bc]">&gt;&gt;</a>&nbsp;&nbsp;&nbsp;UART_SetConfig
<LI><a href="#[bd]">&gt;&gt;</a>&nbsp;&nbsp;&nbsp;UART_CheckIdleState
<LI><a href="#[bb]">&gt;&gt;</a>&nbsp;&nbsp;&nbsp;UART_AdvFeatureConfig
</UL>
<BR>[Called By]<UL><LI><a href="#[40]">&gt;&gt;</a>&nbsp;&nbsp;&nbsp;main
</UL>

<P><STRONG><a name="[ba]"></a>HAL_UART_MspInit</STRONG> (Thumb, 124 bytes, Stack size 112 bytes, stm32u0xx_hal_msp.o(.text.HAL_UART_MspInit))
<BR><BR>[Stack]<UL><LI>Max Depth = 184<LI>Call Chain = HAL_UART_MspInit &rArr; HAL_GPIO_Init
</UL>
<BR>[Calls]<UL><LI><a href="#[9f]">&gt;&gt;</a>&nbsp;&nbsp;&nbsp;HAL_RCCEx_PeriphCLKConfig
<LI><a href="#[be]">&gt;&gt;</a>&nbsp;&nbsp;&nbsp;HAL_GPIO_Init
<LI><a href="#[a0]">&gt;&gt;</a>&nbsp;&nbsp;&nbsp;Error_Handler
<LI><a href="#[50]">&gt;&gt;</a>&nbsp;&nbsp;&nbsp;__aeabi_memclr4
</UL>
<BR>[Called By]<UL><LI><a href="#[b9]">&gt;&gt;</a>&nbsp;&nbsp;&nbsp;HAL_UART_Init
</UL>

<P><STRONG><a name="[2]"></a>HardFault_Handler</STRONG> (Thumb, 2 bytes, Stack size 0 bytes, stm32u0xx_it.o(.text.HardFault_Handler))
<BR><BR>[Calls]<UL><LI><a href="#[2]">&gt;&gt;</a>&nbsp;&nbsp;&nbsp;HardFault_Handler
</UL>
<BR>[Called By]<UL><LI><a href="#[2]">&gt;&gt;</a>&nbsp;&nbsp;&nbsp;HardFault_Handler
</UL>
<BR>[Address Reference Count : 1]<UL><LI> startup_stm32u083xx.o(RESET)
</UL>
<P><STRONG><a name="[bf]"></a>MX_USBX_Device_Init</STRONG> (Thumb, 240 bytes, Stack size 64 bytes, app_usbx_device.o(.text.MX_USBX_Device_Init))
<BR><BR>[Stack]<UL><LI>Max Depth = 224<LI>Call Chain = MX_USBX_Device_Init &rArr; MX_USB_PCD_Init &rArr; HAL_PCD_Init &rArr; HAL_PCD_MspInit &rArr; HAL_RCCEx_PeriphCLKConfig
</UL>
<BR>[Calls]<UL><LI><a href="#[a1]">&gt;&gt;</a>&nbsp;&nbsp;&nbsp;HAL_PWREx_EnableVddUSB
<LI><a href="#[ca]">&gt;&gt;</a>&nbsp;&nbsp;&nbsp;MX_USB_PCD_Init
<LI><a href="#[c0]">&gt;&gt;</a>&nbsp;&nbsp;&nbsp;_uxe_system_initialize
<LI><a href="#[c4]">&gt;&gt;</a>&nbsp;&nbsp;&nbsp;_ux_device_stack_initialize
<LI><a href="#[c9]">&gt;&gt;</a>&nbsp;&nbsp;&nbsp;_ux_device_stack_class_register
<LI><a href="#[cc]">&gt;&gt;</a>&nbsp;&nbsp;&nbsp;_ux_dcd_stm32_initialize
<LI><a href="#[c6]">&gt;&gt;</a>&nbsp;&nbsp;&nbsp;USBD_HID_ReportDesc_length
<LI><a href="#[c5]">&gt;&gt;</a>&nbsp;&nbsp;&nbsp;USBD_HID_ReportDesc
<LI><a href="#[c2]">&gt;&gt;</a>&nbsp;&nbsp;&nbsp;USBD_Get_String_Framework
<LI><a href="#[c3]">&gt;&gt;</a>&nbsp;&nbsp;&nbsp;USBD_Get_Language_Id_Framework
<LI><a href="#[c8]">&gt;&gt;</a>&nbsp;&nbsp;&nbsp;USBD_Get_Interface_Number
<LI><a href="#[c1]">&gt;&gt;</a>&nbsp;&nbsp;&nbsp;USBD_Get_Device_Framework_Speed
<LI><a href="#[c7]">&gt;&gt;</a>&nbsp;&nbsp;&nbsp;USBD_Get_Configuration_Number
<LI><a href="#[cb]">&gt;&gt;</a>&nbsp;&nbsp;&nbsp;HAL_PCDEx_PMAConfig
<LI><a href="#[a9]">&gt;&gt;</a>&nbsp;&nbsp;&nbsp;HAL_PCD_Start
</UL>
<BR>[Called By]<UL><LI><a href="#[40]">&gt;&gt;</a>&nbsp;&nbsp;&nbsp;main
</UL>

<P><STRONG><a name="[ca]"></a>MX_USB_PCD_Init</STRONG> (Thumb, 36 bytes, Stack size 8 bytes, main.o(.text.MX_USB_PCD_Init))
<BR><BR>[Stack]<UL><LI>Max Depth = 160<LI>Call Chain = MX_USB_PCD_Init &rArr; HAL_PCD_Init &rArr; HAL_PCD_MspInit &rArr; HAL_RCCEx_PeriphCLKConfig
</UL>
<BR>[Calls]<UL><LI><a href="#[9a]">&gt;&gt;</a>&nbsp;&nbsp;&nbsp;HAL_PCD_Init
</UL>
<BR>[Called By]<UL><LI><a href="#[bf]">&gt;&gt;</a>&nbsp;&nbsp;&nbsp;MX_USBX_Device_Init
</UL>

<P><STRONG><a name="[1]"></a>NMI_Handler</STRONG> (Thumb, 2 bytes, Stack size 0 bytes, stm32u0xx_it.o(.text.NMI_Handler))
<BR><BR>[Calls]<UL><LI><a href="#[1]">&gt;&gt;</a>&nbsp;&nbsp;&nbsp;NMI_Handler
</UL>
<BR>[Called By]<UL><LI><a href="#[1]">&gt;&gt;</a>&nbsp;&nbsp;&nbsp;NMI_Handler
</UL>
<BR>[Address Reference Count : 1]<UL><LI> startup_stm32u083xx.o(RESET)
</UL>
<P><STRONG><a name="[4]"></a>PendSV_Handler</STRONG> (Thumb, 2 bytes, Stack size 0 bytes, stm32u0xx_it.o(.text.PendSV_Handler))
<BR>[Address Reference Count : 1]<UL><LI> startup_stm32u083xx.o(RESET)
</UL>
<P><STRONG><a name="[3]"></a>SVC_Handler</STRONG> (Thumb, 2 bytes, Stack size 0 bytes, stm32u0xx_it.o(.text.SVC_Handler))
<BR>[Address Reference Count : 1]<UL><LI> startup_stm32u083xx.o(RESET)
</UL>
<P><STRONG><a name="[5]"></a>SysTick_Handler</STRONG> (Thumb, 8 bytes, Stack size 8 bytes, stm32u0xx_it.o(.text.SysTick_Handler))
<BR><BR>[Stack]<UL><LI>Max Depth = 8<LI>Call Chain = SysTick_Handler
</UL>
<BR>[Calls]<UL><LI><a href="#[cd]">&gt;&gt;</a>&nbsp;&nbsp;&nbsp;HAL_IncTick
</UL>
<BR>[Address Reference Count : 1]<UL><LI> startup_stm32u083xx.o(RESET)
</UL>
<P><STRONG><a name="[ce]"></a>SystemClock_Config</STRONG> (Thumb, 152 bytes, Stack size 136 bytes, main.o(.text.SystemClock_Config))
<BR><BR>[Stack]<UL><LI>Max Depth = 208<LI>Call Chain = SystemClock_Config &rArr; HAL_RCC_OscConfig &rArr; HAL_InitTick
</UL>
<BR>[Calls]<UL><LI><a href="#[b5]">&gt;&gt;</a>&nbsp;&nbsp;&nbsp;HAL_RCC_OscConfig
<LI><a href="#[b4]">&gt;&gt;</a>&nbsp;&nbsp;&nbsp;HAL_RCC_ClockConfig
<LI><a href="#[cf]">&gt;&gt;</a>&nbsp;&nbsp;&nbsp;HAL_RCCEx_CRSConfig
<LI><a href="#[ae]">&gt;&gt;</a>&nbsp;&nbsp;&nbsp;HAL_PWREx_ControlVoltageScaling
<LI><a href="#[50]">&gt;&gt;</a>&nbsp;&nbsp;&nbsp;__aeabi_memclr4
</UL>
<BR>[Called By]<UL><LI><a href="#[40]">&gt;&gt;</a>&nbsp;&nbsp;&nbsp;main
</UL>

<P><STRONG><a name="[26]"></a>SystemInit</STRONG> (Thumb, 44 bytes, Stack size 0 bytes, system_stm32u0xx.o(.text.SystemInit))
<BR>[Address Reference Count : 1]<UL><LI> startup_stm32u083xx.o(.text)
</UL>
<P><STRONG><a name="[bb]"></a>UART_AdvFeatureConfig</STRONG> (Thumb, 210 bytes, Stack size 16 bytes, stm32u0xx_hal_uart.o(.text.UART_AdvFeatureConfig))
<BR><BR>[Stack]<UL><LI>Max Depth = 16<LI>Call Chain = UART_AdvFeatureConfig
</UL>
<BR>[Called By]<UL><LI><a href="#[b9]">&gt;&gt;</a>&nbsp;&nbsp;&nbsp;HAL_UART_Init
</UL>

<P><STRONG><a name="[bd]"></a>UART_CheckIdleState</STRONG> (Thumb, 196 bytes, Stack size 32 bytes, stm32u0xx_hal_uart.o(.text.UART_CheckIdleState))
<BR><BR>[Stack]<UL><LI>Max Depth = 80<LI>Call Chain = UART_CheckIdleState &rArr; UART_WaitOnFlagUntilTimeout
</UL>
<BR>[Calls]<UL><LI><a href="#[b3]">&gt;&gt;</a>&nbsp;&nbsp;&nbsp;HAL_GetTick
<LI><a href="#[d0]">&gt;&gt;</a>&nbsp;&nbsp;&nbsp;UART_WaitOnFlagUntilTimeout
</UL>
<BR>[Called By]<UL><LI><a href="#[b9]">&gt;&gt;</a>&nbsp;&nbsp;&nbsp;HAL_UART_Init
</UL>

<P><STRONG><a name="[bc]"></a>UART_SetConfig</STRONG> (Thumb, 488 bytes, Stack size 24 bytes, stm32u0xx_hal_uart.o(.text.UART_SetConfig))
<BR><BR>[Stack]<UL><LI>Max Depth = 80<LI>Call Chain = UART_SetConfig &rArr; HAL_RCCEx_GetPeriphCLKFreq &rArr; HAL_RCCEx_GetPLLClockFreq
</UL>
<BR>[Calls]<UL><LI><a href="#[b0]">&gt;&gt;</a>&nbsp;&nbsp;&nbsp;HAL_RCCEx_GetPeriphCLKFreq
<LI><a href="#[79]">&gt;&gt;</a>&nbsp;&nbsp;&nbsp;__aeabi_uidiv
<LI><a href="#[d1]">&gt;&gt;</a>&nbsp;&nbsp;&nbsp;__aeabi_uldivmod
</UL>
<BR>[Called By]<UL><LI><a href="#[b9]">&gt;&gt;</a>&nbsp;&nbsp;&nbsp;HAL_UART_Init
</UL>

<P><STRONG><a name="[d0]"></a>UART_WaitOnFlagUntilTimeout</STRONG> (Thumb, 384 bytes, Stack size 48 bytes, stm32u0xx_hal_uart.o(.text.UART_WaitOnFlagUntilTimeout))
<BR><BR>[Stack]<UL><LI>Max Depth = 48<LI>Call Chain = UART_WaitOnFlagUntilTimeout
</UL>
<BR>[Calls]<UL><LI><a href="#[b3]">&gt;&gt;</a>&nbsp;&nbsp;&nbsp;HAL_GetTick
</UL>
<BR>[Called By]<UL><LI><a href="#[bd]">&gt;&gt;</a>&nbsp;&nbsp;&nbsp;UART_CheckIdleState
</UL>

<P><STRONG><a name="[c7]"></a>USBD_Get_Configuration_Number</STRONG> (Thumb, 4 bytes, Stack size 0 bytes, ux_device_descriptors.o(.text.USBD_Get_Configuration_Number))
[...]
</UL>
<BR>[Called By]<UL><LI><a href="#[e2]">&gt;&gt;</a>&nbsp;&nbsp;&nbsp;_ux_device_stack_control_request_process
</UL>

<P><STRONG><a name="[c4]"></a>_ux_device_stack_initialize</STRONG> (Thumb, 568 bytes, Stack size 48 bytes, ux_device_stack_initialize.o(.text._ux_device_stack_initialize))
<BR><BR>[Stack]<UL><LI>Max Depth = 124<LI>Call Chain = _ux_device_stack_initialize &rArr; _ux_utility_memory_allocate_mulc_safe &rArr; _ux_utility_memory_allocate &rArr; _ux_utility_memory_byte_pool_search
</UL>
<BR>[Calls]<UL><LI><a href="#[100]">&gt;&gt;</a>&nbsp;&nbsp;&nbsp;_ux_utility_memory_allocate_mulc_safe
<LI><a href="#[ef]">&gt;&gt;</a>&nbsp;&nbsp;&nbsp;_ux_utility_memory_free
<LI><a href="#[e0]">&gt;&gt;</a>&nbsp;&nbsp;&nbsp;_ux_utility_memory_allocate
<LI><a href="#[db]">&gt;&gt;</a>&nbsp;&nbsp;&nbsp;_ux_system_error_handler
</UL>
<BR>[Called By]<UL><LI><a href="#[bf]">&gt;&gt;</a>&nbsp;&nbsp;&nbsp;MX_USBX_Device_Init
</UL>

<P><STRONG><a name="[f9]"></a>_ux_device_stack_interface_delete</STRONG> (Thumb, 100 bytes, Stack size 32 bytes, ux_device_stack_interface_delete.o(.text._ux_device_stack_interface_delete))
<BR><BR>[Stack]<UL><LI>Max Depth = 32<LI>Call Chain = _ux_device_stack_interface_delete
</UL>
<BR>[Called By]<UL><LI><a href="#[a3]">&gt;&gt;</a>&nbsp;&nbsp;&nbsp;_ux_device_stack_disconnect
<LI><a href="#[f8]">&gt;&gt;</a>&nbsp;&nbsp;&nbsp;_ux_device_stack_configuration_set
</UL>

<P><STRONG><a name="[fa]"></a>_ux_device_stack_interface_set</STRONG> (Thumb, 344 bytes, Stack size 56 bytes, ux_device_stack_interface_set.o(.text._ux_device_stack_interface_set))
<BR><BR>[Stack]<UL><LI>Max Depth = 120<LI>Call Chain = _ux_device_stack_interface_set &rArr; _ux_device_stack_interface_start
</UL>
<BR>[Calls]<UL><LI><a href="#[e1]">&gt;&gt;</a>&nbsp;&nbsp;&nbsp;_ux_utility_descriptor_parse
<LI><a href="#[101]">&gt;&gt;</a>&nbsp;&nbsp;&nbsp;_ux_device_stack_interface_start
</UL>
<BR>[Called By]<UL><LI><a href="#[f8]">&gt;&gt;</a>&nbsp;&nbsp;&nbsp;_ux_device_stack_configuration_set
</UL>

<P><STRONG><a name="[101]"></a>_ux_device_stack_interface_start</STRONG> (Thumb, 100 bytes, Stack size 64 bytes, ux_device_stack_interface_start.o(.text._ux_device_stack_interface_start))
<BR><BR>[Stack]<UL><LI>Max Depth = 64<LI>Call Chain = _ux_device_stack_interface_start
</UL>
<BR>[Called By]<UL><LI><a href="#[fa]">&gt;&gt;</a>&nbsp;&nbsp;&nbsp;_ux_device_stack_interface_set
</UL>

<P><STRONG><a name="[fe]"></a>_ux_device_stack_set_feature</STRONG> (Thumb, 108 bytes, Stack size 8 bytes, ux_device_stack_set_feature.o(.text._ux_device_stack_set_feature))
<BR><BR>[Stack]<UL><LI>Max Depth = 8<LI>Call Chain = _ux_device_stack_set_feature
</UL>
<BR>[Called By]<UL><LI><a href="#[e2]">&gt;&gt;</a>&nbsp;&nbsp;&nbsp;_ux_device_stack_control_request_process
</UL>

<P><STRONG><a name="[d4]"></a>_ux_device_stack_tasks_run</STRONG> (Thumb, 44 bytes, Stack size 16 bytes, ux_device_stack_tasks_run.o(.text._ux_device_stack_tasks_run))
<BR><BR>[Stack]<UL><LI>Max Depth = 16<LI>Call Chain = _ux_device_stack_tasks_run
</UL>
<BR>[Called By]<UL><LI><a href="#[d3]">&gt;&gt;</a>&nbsp;&nbsp;&nbsp;USBX_Device_Process
</UL>

<P><STRONG><a name="[102]"></a>_ux_device_stack_transfer_abort</STRONG> (Thumb, 56 bytes, Stack size 16 bytes, ux_device_stack_transfer_abort.o(.text._ux_device_stack_transfer_abort))
<BR><BR>[Stack]<UL><LI>Max Depth = 16<LI>Call Chain = _ux_device_stack_transfer_abort
</UL>
<BR>[Calls]<UL><LI><a href="#[d9]">&gt;&gt;</a>&nbsp;&nbsp;&nbsp;_ux_utility_interrupt_restore
<LI><a href="#[d8]">&gt;&gt;</a>&nbsp;&nbsp;&nbsp;_ux_utility_interrupt_disable
</UL>
<BR>[Called By]<UL><LI><a href="#[eb]">&gt;&gt;</a>&nbsp;&nbsp;&nbsp;_ux_device_stack_transfer_all_request_abort
</UL>

<P><STRONG><a name="[eb]"></a>_ux_device_stack_transfer_all_request_abort</STRONG> (Thumb, 12 bytes, Stack size 8 bytes, ux_device_stack_transfer_all_request_abort.o(.text._ux_device_stack_transfer_all_request_abort))
<BR><BR>[Stack]<UL><LI>Max Depth = 24<LI>Call Chain = _ux_device_stack_transfer_all_request_abort &rArr; _ux_device_stack_transfer_abort
</UL>
<BR>[Calls]<UL><LI><a href="#[102]">&gt;&gt;</a>&nbsp;&nbsp;&nbsp;_ux_device_stack_transfer_abort
</UL>
<BR>[Called By]<UL><LI><a href="#[ea]">&gt;&gt;</a>&nbsp;&nbsp;&nbsp;_ux_device_class_hid_deactivate
<LI><a href="#[f5]">&gt;&gt;</a>&nbsp;&nbsp;&nbsp;_ux_device_stack_alternate_setting_set
</UL>

<P><STRONG><a name="[e7]"></a>_ux_device_stack_transfer_request</STRONG> (Thumb, 30 bytes, Stack size 16 bytes, ux_device_stack_transfer_request.o(.text._ux_device_stack_transfer_request))
<BR><BR>[Stack]<UL><LI>Max Depth = 40<LI>Call Chain = _ux_device_stack_transfer_request &rArr; _ux_device_stack_transfer_run
</UL>
<BR>[Calls]<UL><LI><a href="#[f2]">&gt;&gt;</a>&nbsp;&nbsp;&nbsp;_ux_device_stack_transfer_run
</UL>
<BR>[Called By]<UL><LI><a href="#[e2]">&gt;&gt;</a>&nbsp;&nbsp;&nbsp;_ux_device_stack_control_request_process
<LI><a href="#[e6]">&gt;&gt;</a>&nbsp;&nbsp;&nbsp;_ux_device_class_hid_report_get
<LI><a href="#[e8]">&gt;&gt;</a>&nbsp;&nbsp;&nbsp;_ux_device_class_hid_descriptor_send
<LI><a href="#[e5]">&gt;&gt;</a>&nbsp;&nbsp;&nbsp;_ux_device_class_hid_control_request
<LI><a href="#[fc]">&gt;&gt;</a>&nbsp;&nbsp;&nbsp;_ux_device_stack_get_status
<LI><a href="#[ff]">&gt;&gt;</a>&nbsp;&nbsp;&nbsp;_ux_device_stack_descriptor_send
<LI><a href="#[f7]">&gt;&gt;</a>&nbsp;&nbsp;&nbsp;_ux_device_stack_configuration_get
<LI><a href="#[f4]">&gt;&gt;</a>&nbsp;&nbsp;&nbsp;_ux_device_stack_alternate_setting_get
</UL>

<P><STRONG><a name="[f2]"></a>_ux_device_stack_transfer_run</STRONG> (Thumb, 224 bytes, Stack size 24 bytes, ux_device_stack_transfer_run.o(.text._ux_device_stack_transfer_run))
<BR><BR>[Stack]<UL><LI>Max Depth = 24<LI>Call Chain = _ux_device_stack_transfer_run
</UL>
<BR>[Calls]<UL><LI><a href="#[103]">&gt;&gt;</a>&nbsp;&nbsp;&nbsp;__aeabi_uidivmod
</UL>
<BR>[Called By]<UL><LI><a href="#[30]">&gt;&gt;</a>&nbsp;&nbsp;&nbsp;_ux_device_class_hid_tasks_run
<LI><a href="#[e7]">&gt;&gt;</a>&nbsp;&nbsp;&nbsp;_ux_device_stack_transfer_request
</UL>

<P><STRONG><a name="[db]"></a>_ux_system_error_handler</STRONG> (Thumb, 24 bytes, Stack size 8 bytes, ux_system_error_handler.o(.text._ux_system_error_handler))
<BR><BR>[Stack]<UL><LI>Max Depth = 8<LI>Call Chain = _ux_system_error_handler
</UL>
<BR>[Called By]<UL><LI><a href="#[f6]">&gt;&gt;</a>&nbsp;&nbsp;&nbsp;_ux_utility_string_length_check
<LI><a href="#[ef]">&gt;&gt;</a>&nbsp;&nbsp;&nbsp;_ux_utility_memory_free
<LI><a href="#[e0]">&gt;&gt;</a>&nbsp;&nbsp;&nbsp;_ux_utility_memory_allocate
<LI><a href="#[2f]">&gt;&gt;</a>&nbsp;&nbsp;&nbsp;_ux_dcd_stm32_function
<LI><a href="#[c4]">&gt;&gt;</a>&nbsp;&nbsp;&nbsp;_ux_device_stack_initialize
<LI><a href="#[e8]">&gt;&gt;</a>&nbsp;&nbsp;&nbsp;_ux_device_class_hid_descriptor_send
<LI><a href="#[ff]">&gt;&gt;</a>&nbsp;&nbsp;&nbsp;_ux_device_stack_descriptor_send
<LI><a href="#[f5]">&gt;&gt;</a>&nbsp;&nbsp;&nbsp;_ux_device_stack_alternate_setting_set
</UL>

<P><STRONG><a name="[104]"></a>_ux_system_initialize</STRONG> (Thumb, 176 bytes, Stack size 32 bytes, ux_system_initialize.o(.text._ux_system_initialize))
<BR><BR>[Stack]<UL><LI>Max Depth = 72<LI>Call Chain = _ux_system_initialize &rArr; _ux_utility_memory_byte_pool_create &rArr; _ux_utility_memory_set &rArr; __aeabi_memset
</UL>
<BR>[Calls]<UL><LI><a href="#[105]">&gt;&gt;</a>&nbsp;&nbsp;&nbsp;_ux_utility_memory_byte_pool_create
<LI><a href="#[e4]">&gt;&gt;</a>&nbsp;&nbsp;&nbsp;_ux_utility_memory_set
</UL>
<BR>[Called By]<UL><LI><a href="#[c0]">&gt;&gt;</a>&nbsp;&nbsp;&nbsp;_uxe_system_initialize
</UL>

<P><STRONG><a name="[e1]"></a>_ux_utility_descriptor_parse</STRONG> (Thumb, 132 bytes, Stack size 32 bytes, ux_utility_descriptor_parse.o(.text._ux_utility_descriptor_parse))
<BR><BR>[Stack]<UL><LI>Max Depth = 32<LI>Call Chain = _ux_utility_descriptor_parse
</UL>
<BR>[Calls]<UL><LI><a href="#[106]">&gt;&gt;</a>&nbsp;&nbsp;&nbsp;_ux_utility_long_get
<LI><a href="#[a7]">&gt;&gt;</a>&nbsp;&nbsp;&nbsp;_ux_utility_short_get
<LI><a href="#[4b]">&gt;&gt;</a>&nbsp;&nbsp;&nbsp;__aeabi_memclr
</UL>
<BR>[Called By]<UL><LI><a href="#[a4]">&gt;&gt;</a>&nbsp;&nbsp;&nbsp;_ux_dcd_stm32_initialize_complete
<LI><a href="#[ff]">&gt;&gt;</a>&nbsp;&nbsp;&nbsp;_ux_device_stack_descriptor_send
<LI><a href="#[fa]">&gt;&gt;</a>&nbsp;&nbsp;&nbsp;_ux_device_stack_interface_set
<LI><a href="#[f8]">&gt;&gt;</a>&nbsp;&nbsp;&nbsp;_ux_device_stack_configuration_set
<LI><a href="#[f5]">&gt;&gt;</a>&nbsp;&nbsp;&nbsp;_ux_device_stack_alternate_setting_set
</UL>

<P><STRONG><a name="[d8]"></a>_ux_utility_interrupt_disable</STRONG> (Thumb, 8 bytes, Stack size 0 bytes, app_usbx_device.o(.text._ux_utility_interrupt_disable))
<BR><BR>[Called By]<UL><LI><a href="#[dc]">&gt;&gt;</a>&nbsp;&nbsp;&nbsp;_ux_dcd_stm32_transfer_run
<LI><a href="#[d7]">&gt;&gt;</a>&nbsp;&nbsp;&nbsp;_ux_dcd_stm32_endpoint_reset
<LI><a href="#[de]">&gt;&gt;</a>&nbsp;&nbsp;&nbsp;_ux_dcd_stm32_setup_isr_pending
<LI><a href="#[102]">&gt;&gt;</a>&nbsp;&nbsp;&nbsp;_ux_device_stack_transfer_abort
<LI><a href="#[fb]">&gt;&gt;</a>&nbsp;&nbsp;&nbsp;_ux_device_stack_endpoint_stall
</UL>

<P><STRONG><a name="[d9]"></a>_ux_utility_interrupt_restore</STRONG> (Thumb, 6 bytes, Stack size 0 bytes, app_usbx_device.o(.text._ux_utility_interrupt_restore))
<BR><BR>[Called By]<UL><LI><a href="#[dc]">&gt;&gt;</a>&nbsp;&nbsp;&nbsp;_ux_dcd_stm32_transfer_run
<LI><a href="#[d7]">&gt;&gt;</a>&nbsp;&nbsp;&nbsp;_ux_dcd_stm32_endpoint_reset
<LI><a href="#[de]">&gt;&gt;</a>&nbsp;&nbsp;&nbsp;_ux_dcd_stm32_setup_isr_pending
<LI><a href="#[102]">&gt;&gt;</a>&nbsp;&nbsp;&nbsp;_ux_device_stack_transfer_abort
<LI><a href="#[fb]">&gt;&gt;</a>&nbsp;&nbsp;&nbsp;_ux_device_stack_endpoint_stall
</UL>

<P><STRONG><a name="[106]"></a>_ux_utility_long_get</STRONG> (Thumb, 22 bytes, Stack size 0 bytes, ux_utility_long_get.o(.text._ux_utility_long_get))
<BR><BR>[Called By]<UL><LI><a href="#[e1]">&gt;&gt;</a>&nbsp;&nbsp;&nbsp;_ux_utility_descriptor_parse
</UL>

<P><STRONG><a name="[e0]"></a>_ux_utility_memory_allocate</STRONG> (Thumb, 216 bytes, Stack size 24 bytes, ux_utility_memory_allocate.o(.text._ux_utility_memory_allocate))
<BR><BR>[Stack]<UL><LI>Max Depth = 52<LI>Call Chain = _ux_utility_memory_allocate &rArr; _ux_utility_memory_byte_pool_search
</UL>
<BR>[Calls]<UL><LI><a href="#[e4]">&gt;&gt;</a>&nbsp;&nbsp;&nbsp;_ux_utility_memory_set
<LI><a href="#[107]">&gt;&gt;</a>&nbsp;&nbsp;&nbsp;_ux_utility_memory_byte_pool_search
<LI><a href="#[db]">&gt;&gt;</a>&nbsp;&nbsp;&nbsp;_ux_system_error_handler
</UL>
<BR>[Called By]<UL><LI><a href="#[100]">&gt;&gt;</a>&nbsp;&nbsp;&nbsp;_ux_utility_memory_allocate_mulc_safe
<LI><a href="#[c4]">&gt;&gt;</a>&nbsp;&nbsp;&nbsp;_ux_device_stack_initialize
<LI><a href="#[cc]">&gt;&gt;</a>&nbsp;&nbsp;&nbsp;_ux_dcd_stm32_initialize
<LI><a href="#[ed]">&gt;&gt;</a>&nbsp;&nbsp;&nbsp;_ux_device_class_hid_initialize
</UL>

<P><STRONG><a name="[100]"></a>_ux_utility_memory_allocate_mulc_safe</STRONG> (Thumb, 56 bytes, Stack size 24 bytes, ux_utility_memory_allocate_mulc_safe.o(.text._ux_utility_memory_allocate_mulc_safe))
<BR><BR>[Stack]<UL><LI>Max Depth = 76<LI>Call Chain = _ux_utility_memory_allocate_mulc_safe &rArr; _ux_utility_memory_allocate &rArr; _ux_utility_memory_byte_pool_search
</UL>
<BR>[Calls]<UL><LI><a href="#[e0]">&gt;&gt;</a>&nbsp;&nbsp;&nbsp;_ux_utility_memory_allocate
<LI><a href="#[108]">&gt;&gt;</a>&nbsp;&nbsp;&nbsp;__aeabi_lmul
</UL>
<BR>[Called By]<UL><LI><a href="#[c4]">&gt;&gt;</a>&nbsp;&nbsp;&nbsp;_ux_device_stack_initialize
</UL>

<P><STRONG><a name="[105]"></a>_ux_utility_memory_byte_pool_create</STRONG> (Thumb, 60 bytes, Stack size 24 bytes, ux_utility_memory_byte_pool_create.o(.text._ux_utility_memory_byte_pool_create))
<BR><BR>[Stack]<UL><LI>Max Depth = 40<LI>Call Chain = _ux_utility_memory_byte_pool_create &rArr; _ux_utility_memory_set &rArr; __aeabi_memset
</UL>
<BR>[Calls]<UL><LI><a href="#[e4]">&gt;&gt;</a>&nbsp;&nbsp;&nbsp;_ux_utility_memory_set
</UL>
<BR>[Called By]<UL><LI><a href="#[104]">&gt;&gt;</a>&nbsp;&nbsp;&nbsp;_ux_system_initialize
</UL>

<P><STRONG><a name="[107]"></a>_ux_utility_memory_byte_pool_search</STRONG> (Thumb, 160 bytes, Stack size 28 bytes, ux_utility_memory_byte_pool_search.o(.text._ux_utility_memory_byte_pool_search))
<BR><BR>[Stack]<UL><LI>Max Depth = 28<LI>Call Chain = _ux_utility_memory_byte_pool_search
</UL>
<BR>[Called By]<UL><LI><a href="#[e0]">&gt;&gt;</a>&nbsp;&nbsp;&nbsp;_ux_utility_memory_allocate
</UL>

<P><STRONG><a name="[a6]"></a>_ux_utility_memory_copy</STRONG> (Thumb, 18 bytes, Stack size 0 bytes, ux_utility_memory_copy.o(.text._ux_utility_memory_copy))
<BR><BR>[Called By]<UL><LI><a href="#[94]">&gt;&gt;</a>&nbsp;&nbsp;&nbsp;HAL_PCD_SetupStageCallback
<LI><a href="#[c9]">&gt;&gt;</a>&nbsp;&nbsp;&nbsp;_ux_device_stack_class_register
<LI><a href="#[30]">&gt;&gt;</a>&nbsp;&nbsp;&nbsp;_ux_device_class_hid_tasks_run
<LI><a href="#[ee]">&gt;&gt;</a>&nbsp;&nbsp;&nbsp;_ux_device_class_hid_event_get
<LI><a href="#[e9]">&gt;&gt;</a>&nbsp;&nbsp;&nbsp;_ux_device_class_hid_report_set
<LI><a href="#[e6]">&gt;&gt;</a>&nbsp;&nbsp;&nbsp;_ux_device_class_hid_report_get
<LI><a href="#[e8]">&gt;&gt;</a>&nbsp;&nbsp;&nbsp;_ux_device_class_hid_descriptor_send
<LI><a href="#[ff]">&gt;&gt;</a>&nbsp;&nbsp;&nbsp;_ux_device_stack_descriptor_send
<LI><a href="#[f5]">&gt;&gt;</a>&nbsp;&nbsp;&nbsp;_ux_device_stack_alternate_setting_set
</UL>

<P><STRONG><a name="[ef]"></a>_ux_utility_memory_free</STRONG> (Thumb, 76 bytes, Stack size 16 bytes, ux_utility_memory_free.o(.text._ux_utility_memory_free))
<BR><BR>[Stack]<UL><LI>Max Depth = 24<LI>Call Chain = _ux_utility_memory_free &rArr; _ux_system_error_handler
</UL>
<BR>[Calls]<UL><LI><a href="#[db]">&gt;&gt;</a>&nbsp;&nbsp;&nbsp;_ux_system_error_handler
</UL>
<BR>[Called By]<UL><LI><a href="#[c4]">&gt;&gt;</a>&nbsp;&nbsp;&nbsp;_ux_device_stack_initialize
<LI><a href="#[ec]">&gt;&gt;</a>&nbsp;&nbsp;&nbsp;_ux_device_class_hid_uninitialize
<LI><a href="#[ed]">&gt;&gt;</a>&nbsp;&nbsp;&nbsp;_ux_device_class_hid_initialize
</UL>

<P><STRONG><a name="[e4]"></a>_ux_utility_memory_set</STRONG> (Thumb, 18 bytes, Stack size 8 bytes, ux_utility_memory_set.o(.text._ux_utility_memory_set))
<BR><BR>[Stack]<UL><LI>Max Depth = 16<LI>Call Chain = _ux_utility_memory_set &rArr; __aeabi_memset
</UL>
<BR>[Calls]<UL><LI><a href="#[48]">&gt;&gt;</a>&nbsp;&nbsp;&nbsp;__aeabi_memset
</UL>
<BR>[Called By]<UL><LI><a href="#[105]">&gt;&gt;</a>&nbsp;&nbsp;&nbsp;_ux_utility_memory_byte_pool_create
<LI><a href="#[e0]">&gt;&gt;</a>&nbsp;&nbsp;&nbsp;_ux_utility_memory_allocate
<LI><a href="#[e6]">&gt;&gt;</a>&nbsp;&nbsp;&nbsp;_ux_device_class_hid_report_get
<LI><a href="#[e3]">&gt;&gt;</a>&nbsp;&nbsp;&nbsp;_ux_device_class_hid_activate
<LI><a href="#[104]">&gt;&gt;</a>&nbsp;&nbsp;&nbsp;_ux_system_initialize
</UL>

<P><STRONG><a name="[a7]"></a>_ux_utility_short_get</STRONG> (Thumb, 10 bytes, Stack size 0 bytes, ux_utility_short_get.o(.text._ux_utility_short_get))
<BR><BR>[Called By]<UL><LI><a href="#[e1]">&gt;&gt;</a>&nbsp;&nbsp;&nbsp;_ux_utility_descriptor_parse
<LI><a href="#[e2]">&gt;&gt;</a>&nbsp;&nbsp;&nbsp;_ux_device_stack_control_request_process
<LI><a href="#[94]">&gt;&gt;</a>&nbsp;&nbsp;&nbsp;HAL_PCD_SetupStageCallback
<LI><a href="#[e5]">&gt;&gt;</a>&nbsp;&nbsp;&nbsp;_ux_device_class_hid_control_request
<LI><a href="#[ff]">&gt;&gt;</a>&nbsp;&nbsp;&nbsp;_ux_device_stack_descriptor_send
</UL>

<P><STRONG><a name="[f6]"></a>_ux_utility_string_length_check</STRONG> (Thumb, 52 bytes, Stack size 8 bytes, ux_utility_string_length_check.o(.text._ux_utility_string_length_check))
<BR><BR>[Stack]<UL><LI>Max Depth = 16<LI>Call Chain = _ux_utility_string_length_check &rArr; _ux_system_error_handler
</UL>
<BR>[Calls]<UL><LI><a href="#[db]">&gt;&gt;</a>&nbsp;&nbsp;&nbsp;_ux_system_error_handler
</UL>
<BR>[Called By]<UL><LI><a href="#[c9]">&gt;&gt;</a>&nbsp;&nbsp;&nbsp;_ux_device_stack_class_register
</UL>

<P><STRONG><a name="[f0]"></a>_ux_utility_time_get</STRONG> (Thumb, 4 bytes, Stack size 0 bytes, app_usbx_device.o(.text._ux_utility_time_get))
<BR><BR>[Called By]<UL><LI><a href="#[30]">&gt;&gt;</a>&nbsp;&nbsp;&nbsp;_ux_device_class_hid_tasks_run
</UL>

<P><STRONG><a name="[c0]"></a>_uxe_system_initialize</STRONG> (Thumb, 22 bytes, Stack size 8 bytes, ux_system_initialize.o(.text._uxe_system_initialize))
<BR><BR>[Stack]<UL><LI>Max Depth = 80<LI>Call Chain = _uxe_system_initialize &rArr; _ux_system_initialize &rArr; _ux_utility_memory_byte_pool_create &rArr; _ux_utility_memory_set &rArr; __aeabi_memset
</UL>
<BR>[Calls]<UL><LI><a href="#[104]">&gt;&gt;</a>&nbsp;&nbsp;&nbsp;_ux_system_initialize
</UL>
<BR>[Called By]<UL><LI><a href="#[bf]">&gt;&gt;</a>&nbsp;&nbsp;&nbsp;MX_USBX_Device_Init
</UL>

<P><STRONG><a name="[40]"></a>main</STRONG> (Thumb, 356 bytes, Stack size 40 bytes, main.o(.text.main))
<BR><BR>[Stack]<UL><LI>Max Depth = 264<LI>Call Chain = main &rArr; MX_USBX_Device_Init &rArr; MX_USB_PCD_Init &rArr; HAL_PCD_Init &rArr; HAL_PCD_MspInit &rArr; HAL_RCCEx_PeriphCLKConfig
</UL>
<BR>[Calls]<UL><LI><a href="#[d3]">&gt;&gt;</a>&nbsp;&nbsp;&nbsp;USBX_Device_Process
<LI><a href="#[ce]">&gt;&gt;</a>&nbsp;&nbsp;&nbsp;SystemClock_Config
<LI><a href="#[bf]">&gt;&gt;</a>&nbsp;&nbsp;&nbsp;MX_USBX_Device_Init
<LI><a href="#[b9]">&gt;&gt;</a>&nbsp;&nbsp;&nbsp;HAL_UART_Init
<LI><a href="#[b8]">&gt;&gt;</a>&nbsp;&nbsp;&nbsp;HAL_UARTEx_SetTxFifoThreshold
<LI><a href="#[b7]">&gt;&gt;</a>&nbsp;&nbsp;&nbsp;HAL_UARTEx_SetRxFifoThreshold
<LI><a href="#[10a]">&gt;&gt;</a>&nbsp;&nbsp;&nbsp;HAL_UARTEx_DisableFifoMode
<LI><a href="#[76]">&gt;&gt;</a>&nbsp;&nbsp;&nbsp;HAL_Init
<LI><a href="#[109]">&gt;&gt;</a>&nbsp;&nbsp;&nbsp;HAL_GPIO_WritePin
<LI><a href="#[10b]">&gt;&gt;</a>&nbsp;&nbsp;&nbsp;HAL_GPIO_ReadPin
<LI><a href="#[be]">&gt;&gt;</a>&nbsp;&nbsp;&nbsp;HAL_GPIO_Init
<LI><a href="#[46]">&gt;&gt;</a>&nbsp;&nbsp;&nbsp;__2printf
</UL>
<BR>[Called By]<UL><LI><a href="#[3f]">&gt;&gt;</a>&nbsp;&nbsp;&nbsp;__rt_entry_main
</UL>

<P><STRONG><a name="[79]"></a>__aeabi_uidiv</STRONG> (Thumb, 68 bytes, Stack size 0 bytes, aeabi_sdivfast.o(.text_divfast))
<BR><BR>[Called By]<UL><LI><a href="#[af]">&gt;&gt;</a>&nbsp;&nbsp;&nbsp;HAL_RCCEx_GetPLLClockFreq
<LI><a href="#[b1]">&gt;&gt;</a>&nbsp;&nbsp;&nbsp;HAL_RCC_GetSysClockFreq
<LI><a href="#[77]">&gt;&gt;</a>&nbsp;&nbsp;&nbsp;HAL_InitTick
<LI><a href="#[b8]">&gt;&gt;</a>&nbsp;&nbsp;&nbsp;HAL_UARTEx_SetTxFifoThreshold
<LI><a href="#[b7]">&gt;&gt;</a>&nbsp;&nbsp;&nbsp;HAL_UARTEx_SetRxFifoThreshold
<LI><a href="#[ae]">&gt;&gt;</a>&nbsp;&nbsp;&nbsp;HAL_PWREx_ControlVoltageScaling
<LI><a href="#[bc]">&gt;&gt;</a>&nbsp;&nbsp;&nbsp;UART_SetConfig
</UL>

<P><STRONG><a name="[14b]"></a>__aeabi_idiv</STRONG> (Thumb, 434 bytes, Stack size 8 bytes, aeabi_sdivfast.o(.text_divfast), UNUSED)

<P><STRONG><a name="[28]"></a>fputc</STRONG> (Thumb, 30 bytes, Stack size 8 bytes, fputc.o(i.fputc))
<BR><BR>[Stack]<UL><LI>Max Depth = 32<LI>Call Chain = fputc &rArr; __flsbuf_byte
</UL>
<BR>[Calls]<UL><LI><a href="#[10c]">&gt;&gt;</a>&nbsp;&nbsp;&nbsp;__flsbuf_byte
</UL>
<BR>[Address Reference Count : 1]<UL><LI> _printf_char_file.o(.text)
</UL><P>
<H3>
Local Symbols
</H3>
<P><STRONG><a name="[d2]"></a>USBD_Device_Framework_Builder</STRONG> (Thumb, 568 bytes, Stack size 88 bytes, ux_device_descriptors.o(.text.USBD_Device_Framework_Builder))
<BR><BR>[Stack]<UL><LI>Max Depth = 88<LI>Call Chain = USBD_Device_Framework_Builder
</UL>
<BR>[Called By]<UL><LI><a href="#[c1]">&gt;&gt;</a>&nbsp;&nbsp;&nbsp;USBD_Get_Device_Framework_Speed
</UL>

<P><STRONG><a name="[29]"></a>_printf_input_char</STRONG> (Thumb, 10 bytes, Stack size 0 bytes, _printf_char_common.o(.text))
<BR>[Address Reference Count : 1]<UL><LI> _printf_char_common.o(.text)
</UL><P>
<H3>
Undefined Global Symbols
</H3>
<P><STRONG><a name="[65]"></a>_call_atexit_fns</STRONG> (ARM, 0 bytes, Stack size 0 bytes, UNDEFINED)
<BR><BR>[Called By]<UL><LI><a href="#[41]">&gt;&gt;</a>&nbsp;&nbsp;&nbsp;exit
</UL>
<HR></body></html>
