Component: ARM Compiler 6.16 Tool: armlink [5dfeaa00]

==============================================================================

Section Cross References

    startup_stm32u083xx.o(STACK) refers (Special) to heapauxi.o(.text) for __use_two_region_memory
    startup_stm32u083xx.o(HEAP) refers (Special) to heapauxi.o(.text) for __use_two_region_memory
    startup_stm32u083xx.o(RESET) refers (Special) to heapauxi.o(.text) for __use_two_region_memory
    startup_stm32u083xx.o(RESET) refers to startup_stm32u083xx.o(STACK) for __initial_sp
    startup_stm32u083xx.o(RESET) refers to startup_stm32u083xx.o(.text) for Reset_Handler
    startup_stm32u083xx.o(RESET) refers to stm32u0xx_it.o(.text.NMI_Handler) for NMI_Handler
    startup_stm32u083xx.o(RESET) refers to stm32u0xx_it.o(.text.HardFault_Handler) for HardFault_Handler
    startup_stm32u083xx.o(RESET) refers to stm32u0xx_it.o(.text.SVC_Handler) for SVC_Handler
    startup_stm32u083xx.o(RESET) refers to stm32u0xx_it.o(.text.PendSV_Handler) for PendSV_Handler
    startup_stm32u083xx.o(RESET) refers to stm32u0xx_it.o(.text.SysTick_Handler) for SysTick_Handler
    startup_stm32u083xx.o(RESET) refers to stm32u0xx_it.o(.text.USB_DRD_FS_IRQHandler) for USB_DRD_FS_IRQHandler
    startup_stm32u083xx.o(.text) refers (Special) to heapauxi.o(.text) for __use_two_region_memory
    startup_stm32u083xx.o(.text) refers to system_stm32u0xx.o(.text.SystemInit) for SystemInit
    startup_stm32u083xx.o(.text) refers to __main.o(!!!main) for __main
    startup_stm32u083xx.o(.text) refers to startup_stm32u083xx.o(HEAP) for Heap_Mem
    startup_stm32u083xx.o(.text) refers to startup_stm32u083xx.o(STACK) for Stack_Mem
    main.o(.text._write) refers to stm32u0xx_hal_uart.o(.text.HAL_UART_Transmit) for HAL_UART_Transmit
    main.o(.text._write) refers to main.o(.bss.huart2) for huart2
    main.o(.ARM.exidx.text._write) refers to main.o(.text._write) for [Anonymous Symbol]
    main.o(.text.main) refers to stm32u0xx_hal.o(.text.HAL_Init) for HAL_Init
    main.o(.text.main) refers to main.o(.text.SystemClock_Config) for SystemClock_Config
    main.o(.text.main) refers to stm32u0xx_hal_gpio.o(.text.HAL_GPIO_WritePin) for HAL_GPIO_WritePin
    main.o(.text.main) refers to stm32u0xx_hal_gpio.o(.text.HAL_GPIO_Init) for HAL_GPIO_Init
    main.o(.text.main) refers to app_usbx_device.o(.text.MX_USBX_Device_Init) for MX_USBX_Device_Init
    main.o(.text.main) refers to stm32u0xx_hal_uart.o(.text.HAL_UART_Init) for HAL_UART_Init
    main.o(.text.main) refers to stm32u0xx_hal_uart_ex.o(.text.HAL_UARTEx_SetTxFifoThreshold) for HAL_UARTEx_SetTxFifoThreshold
    main.o(.text.main) refers to stm32u0xx_hal_uart_ex.o(.text.HAL_UARTEx_SetRxFifoThreshold) for HAL_UARTEx_SetRxFifoThreshold
    main.o(.text.main) refers to stm32u0xx_hal_uart_ex.o(.text.HAL_UARTEx_DisableFifoMode) for HAL_UARTEx_DisableFifoMode
    main.o(.text.main) refers to noretval__2printf.o(.text) for __2printf
    main.o(.text.main) refers to app_usbx_device.o(.text.USBX_Device_Process) for USBX_Device_Process
    main.o(.text.main) refers to stm32u0xx_hal_gpio.o(.text.HAL_GPIO_ReadPin) for HAL_GPIO_ReadPin
    main.o(.text.main) refers to main.o(.bss.huart2) for huart2
    main.o(.ARM.exidx.text.main) refers to main.o(.text.main) for [Anonymous Symbol]
    main.o(.text.SystemClock_Config) refers to rt_memclr.o(.text) for __aeabi_memclr4
    main.o(.text.SystemClock_Config) refers to stm32u0xx_hal_pwr_ex.o(.text.HAL_PWREx_ControlVoltageScaling) for HAL_PWREx_ControlVoltageScaling
    main.o(.text.SystemClock_Config) refers to stm32u0xx_hal_rcc.o(.text.HAL_RCC_OscConfig) for HAL_RCC_OscConfig
    main.o(.text.SystemClock_Config) refers to stm32u0xx_hal_rcc.o(.text.HAL_RCC_ClockConfig) for HAL_RCC_ClockConfig
    main.o(.text.SystemClock_Config) refers to stm32u0xx_hal_rcc_ex.o(.text.HAL_RCCEx_CRSConfig) for HAL_RCCEx_CRSConfig
    main.o(.ARM.exidx.text.SystemClock_Config) refers to main.o(.text.SystemClock_Config) for [Anonymous Symbol]
    main.o(.ARM.exidx.text.Error_Handler) refers to main.o(.text.Error_Handler) for [Anonymous Symbol]
    main.o(.text.MX_USB_PCD_Init) refers to stm32u0xx_hal_pcd.o(.text.HAL_PCD_Init) for HAL_PCD_Init
    main.o(.text.MX_USB_PCD_Init) refers to main.o(.bss.hpcd_USB_DRD_FS) for hpcd_USB_DRD_FS
    main.o(.ARM.exidx.text.MX_USB_PCD_Init) refers to main.o(.text.MX_USB_PCD_Init) for [Anonymous Symbol]
    stm32u0xx_it.o(.ARM.exidx.text.NMI_Handler) refers to stm32u0xx_it.o(.text.NMI_Handler) for [Anonymous Symbol]
    stm32u0xx_it.o(.ARM.exidx.text.HardFault_Handler) refers to stm32u0xx_it.o(.text.HardFault_Handler) for [Anonymous Symbol]
    stm32u0xx_it.o(.ARM.exidx.text.SVC_Handler) refers to stm32u0xx_it.o(.text.SVC_Handler) for [Anonymous Symbol]
    stm32u0xx_it.o(.ARM.exidx.text.PendSV_Handler) refers to stm32u0xx_it.o(.text.PendSV_Handler) for [Anonymous Symbol]
    stm32u0xx_it.o(.text.SysTick_Handler) refers to stm32u0xx_hal.o(.text.HAL_IncTick) for HAL_IncTick
[...]
    __scatterload_rt2_thumb_only             0x080000c9   Thumb Code     0  __scatter.o(!!!scatter)
    __scatterload_null                       0x080000d9   Thumb Code     0  __scatter.o(!!!scatter)
    __scatterload_copy                       0x08000105   Thumb Code    26  __scatter_copy.o(!!handler_copy)
    __scatterload_zeroinit                   0x08000121   Thumb Code    28  __scatter_zi.o(!!handler_zi)
    __rt_lib_init                            0x0800013d   Thumb Code     0  libinit.o(.ARM.Collect$$libinit$$00000000)
    __rt_lib_init_fp_1                       0x0800013f   Thumb Code     0  libinit2.o(.ARM.Collect$$libinit$$00000002)
    __rt_lib_init_heap_2                     0x0800013f   Thumb Code     0  libinit2.o(.ARM.Collect$$libinit$$00000005)
    __rt_lib_init_preinit_1                  0x0800013f   Thumb Code     0  libinit2.o(.ARM.Collect$$libinit$$00000004)
    __rt_lib_init_atexit_1                   0x08000147   Thumb Code     0  libinit2.o(.ARM.Collect$$libinit$$0000001B)
    __rt_lib_init_clock_1                    0x08000147   Thumb Code     0  libinit2.o(.ARM.Collect$$libinit$$00000021)
    __rt_lib_init_fp_trap_1                  0x08000147   Thumb Code     0  libinit2.o(.ARM.Collect$$libinit$$0000001F)
    __rt_lib_init_getenv_1                   0x08000147   Thumb Code     0  libinit2.o(.ARM.Collect$$libinit$$00000023)
    __rt_lib_init_heap_1                     0x08000147   Thumb Code     0  libinit2.o(.ARM.Collect$$libinit$$0000000A)
    __rt_lib_init_lc_collate_1               0x08000147   Thumb Code     0  libinit2.o(.ARM.Collect$$libinit$$00000011)
    __rt_lib_init_lc_ctype_1                 0x08000147   Thumb Code     0  libinit2.o(.ARM.Collect$$libinit$$00000013)
    __rt_lib_init_lc_monetary_1              0x08000147   Thumb Code     0  libinit2.o(.ARM.Collect$$libinit$$00000015)
    __rt_lib_init_lc_numeric_1               0x08000147   Thumb Code     0  libinit2.o(.ARM.Collect$$libinit$$00000017)
    __rt_lib_init_lc_time_1                  0x08000147   Thumb Code     0  libinit2.o(.ARM.Collect$$libinit$$00000019)
    __rt_lib_init_rand_1                     0x08000147   Thumb Code     0  libinit2.o(.ARM.Collect$$libinit$$0000000E)
    __rt_lib_init_signal_1                   0x08000147   Thumb Code     0  libinit2.o(.ARM.Collect$$libinit$$0000001D)
    __rt_lib_init_stdio_2                    0x08000147   Thumb Code     0  libinit2.o(.ARM.Collect$$libinit$$00000024)
    __rt_lib_init_user_alloc_1               0x08000147   Thumb Code     0  libinit2.o(.ARM.Collect$$libinit$$0000000C)
    __rt_lib_init_alloca_1                   0x0800014b   Thumb Code     0  libinit2.o(.ARM.Collect$$libinit$$0000002E)
    __rt_lib_init_argv_1                     0x0800014b   Thumb Code     0  libinit2.o(.ARM.Collect$$libinit$$0000002C)
    __rt_lib_init_cpp_1                      0x0800014b   Thumb Code     0  libinit2.o(.ARM.Collect$$libinit$$00000032)
    __rt_lib_init_exceptions_1               0x0800014b   Thumb Code     0  libinit2.o(.ARM.Collect$$libinit$$00000030)
    __rt_lib_init_return                     0x0800014b   Thumb Code     0  libinit2.o(.ARM.Collect$$libinit$$00000033)
    __rt_lib_init_stdio_1                    0x0800014b   Thumb Code     0  libinit2.o(.ARM.Collect$$libinit$$00000025)
    __rt_lib_shutdown                        0x0800014d   Thumb Code     0  libshutdown.o(.ARM.Collect$$libshutdown$$00000000)
    __rt_lib_shutdown_cpp_1                  0x0800014f   Thumb Code     0  libshutdown2.o(.ARM.Collect$$libshutdown$$00000002)
    __rt_lib_shutdown_stdio_2                0x0800014f   Thumb Code     0  libshutdown2.o(.ARM.Collect$$libshutdown$$00000003)
    __rt_lib_shutdown_fp_trap_1              0x08000153   Thumb Code     0  libshutdown2.o(.ARM.Collect$$libshutdown$$00000007)
    __rt_lib_shutdown_heap_1                 0x08000153   Thumb Code     0  libshutdown2.o(.ARM.Collect$$libshutdown$$0000000F)
    __rt_lib_shutdown_return                 0x08000153   Thumb Code     0  libshutdown2.o(.ARM.Collect$$libshutdown$$00000010)
    __rt_lib_shutdown_signal_1               0x08000153   Thumb Code     0  libshutdown2.o(.ARM.Collect$$libshutdown$$0000000A)
    __rt_lib_shutdown_stdio_1                0x08000153   Thumb Code     0  libshutdown2.o(.ARM.Collect$$libshutdown$$00000004)
    __rt_lib_shutdown_user_alloc_1           0x08000153   Thumb Code     0  libshutdown2.o(.ARM.Collect$$libshutdown$$0000000C)
    __rt_entry                               0x08000155   Thumb Code     0  __rtentry.o(.ARM.Collect$$rtentry$$00000000)
    __rt_entry_presh_1                       0x08000155   Thumb Code     0  __rtentry2.o(.ARM.Collect$$rtentry$$00000002)
    __rt_entry_sh                            0x08000155   Thumb Code     0  __rtentry4.o(.ARM.Collect$$rtentry$$00000004)
    __rt_entry_li                            0x0800015b   Thumb Code     0  __rtentry2.o(.ARM.Collect$$rtentry$$0000000A)
    __rt_entry_postsh_1                      0x0800015b   Thumb Code     0  __rtentry2.o(.ARM.Collect$$rtentry$$00000009)
    __rt_entry_main                          0x0800015f   Thumb Code     0  __rtentry2.o(.ARM.Collect$$rtentry$$0000000D)
    __rt_entry_postli_1                      0x0800015f   Thumb Code     0  __rtentry2.o(.ARM.Collect$$rtentry$$0000000C)
    __rt_exit                                0x08000167   Thumb Code     0  rtexit.o(.ARM.Collect$$rtexit$$00000000)
    __rt_exit_ls                             0x08000169   Thumb Code     0  rtexit2.o(.ARM.Collect$$rtexit$$00000003)
    __rt_exit_prels_1                        0x08000169   Thumb Code     0  rtexit2.o(.ARM.Collect$$rtexit$$00000002)
    __rt_exit_exit                           0x0800016d   Thumb Code     0  rtexit2.o(.ARM.Collect$$rtexit$$00000004)
    Reset_Handler                            0x08000175   Thumb Code     8  startup_stm32u083xx.o(.text)
    ADC_COMP1_2_IRQHandler                   0x08000187   Thumb Code     0  startup_stm32u083xx.o(.text)
    DMA1_Ch4_7_DMA2_Ch1_5_DMAMUX_OVR_IRQHandler 0x08000187   Thumb Code     0  startup_stm32u083xx.o(.text)
    DMA1_Channel1_IRQHandler                 0x08000187   Thumb Code     0  startup_stm32u083xx.o(.text)
    DMA1_Channel2_3_IRQHandler               0x08000187   Thumb Code     0  startup_stm32u083xx.o(.text)
    EXTI0_1_IRQHandler                       0x08000187   Thumb Code     0  startup_stm32u083xx.o(.text)
    EXTI2_3_IRQHandler                       0x08000187   Thumb Code     0  startup_stm32u083xx.o(.text)
    EXTI4_15_IRQHandler                      0x08000187   Thumb Code     0  startup_stm32u083xx.o(.text)
    FLASH_ECC_IRQHandler                     0x08000187   Thumb Code     0  startup_stm32u083xx.o(.text)
    I2C1_IRQHandler                          0x08000187   Thumb Code     0  startup_stm32u083xx.o(.text)
    I2C2_3_4_IRQHandler                      0x08000187   Thumb Code     0  startup_stm32u083xx.o(.text)
    LCD_IRQHandler                           0x08000187   Thumb Code     0  startup_stm32u083xx.o(.text)
    PVD_PVM_IRQHandler                       0x08000187   Thumb Code     0  startup_stm32u083xx.o(.text)
    RCC_CRS_IRQHandler                       0x08000187   Thumb Code     0  startup_stm32u083xx.o(.text)
    RNG_CRYP_IRQHandler                      0x08000187   Thumb Code     0  startup_stm32u083xx.o(.text)
    RTC_TAMP_IRQHandler                      0x08000187   Thumb Code     0  startup_stm32u083xx.o(.text)
    SPI1_IRQHandler                          0x08000187   Thumb Code     0  startup_stm32u083xx.o(.text)
    SPI2_3_IRQHandler                        0x08000187   Thumb Code     0  startup_stm32u083xx.o(.text)
    TIM15_LPTIM3_IRQHandler                  0x08000187   Thumb Code     0  startup_stm32u083xx.o(.text)
    TIM16_IRQHandler                         0x08000187   Thumb Code     0  startup_stm32u083xx.o(.text)
    TIM1_BRK_UP_TRG_COM_IRQHandler           0x08000187   Thumb Code     0  startup_stm32u083xx.o(.text)
    TIM1_CC_IRQHandler                       0x08000187   Thumb Code     0  startup_stm32u083xx.o(.text)
    TIM2_IRQHandler                          0x08000187   Thumb Code     0  startup_stm32u083xx.o(.text)
    TIM3_IRQHandler                          0x08000187   Thumb Code     0  startup_stm32u083xx.o(.text)
    TIM6_DAC_LPTIM1_IRQHandler               0x08000187   Thumb Code     0  startup_stm32u083xx.o(.text)
    TIM7_LPTIM2_IRQHandler                   0x08000187   Thumb Code     0  startup_stm32u083xx.o(.text)
    TSC_IRQHandler                           0x08000187   Thumb Code     0  startup_stm32u083xx.o(.text)
    USART1_IRQHandler                        0x08000187   Thumb Code     0  startup_stm32u083xx.o(.text)
    USART2_LPUART2_IRQHandler                0x08000187   Thumb Code     0  startup_stm32u083xx.o(.text)
    USART3_LPUART1_IRQHandler                0x08000187   Thumb Code     0  startup_stm32u083xx.o(.text)
    USART4_LPUART3_IRQHandler                0x08000187   Thumb Code     0  startup_stm32u083xx.o(.text)
    WWDG_IWDG_IRQHandler                     0x08000187   Thumb Code     0  startup_stm32u083xx.o(.text)
    __user_initial_stackheap                 0x08000189   Thumb Code     0  startup_stm32u083xx.o(.text)
    __aeabi_lmul                             0x080001ad   Thumb Code    48  llmul.o(.text)
    _ll_mul                                  0x080001ad   Thumb Code     0  llmul.o(.text)
    __aeabi_uldivmod                         0x080001dd   Thumb Code   272  lludiv.o(.text)
    _ll_udiv                                 0x080001dd   Thumb Code     0  lludiv.o(.text)
    __2printf                                0x080002ed   Thumb Code    22  noretval__2printf.o(.text)
    strlen                                   0x08000309   Thumb Code    62  strlen.o(.text)
    __aeabi_memset                           0x0800034d   Thumb Code    18  aeabi_memset.o(.text)
    _memset_w                                0x0800035f   Thumb Code    26  rt_memclr.o(.text)
    _memset                                  0x08000379   Thumb Code    30  rt_memclr.o(.text)
    __aeabi_memclr                           0x08000397   Thumb Code     4  rt_memclr.o(.text)
    __rt_memclr                              0x08000397   Thumb Code     0  rt_memclr.o(.text)
    __aeabi_memclr4                          0x0800039b   Thumb Code     0  rt_memclr.o(.text)
    __aeabi_memclr8                          0x0800039b   Thumb Code     0  rt_memclr.o(.text)
    __rt_memclr_w                            0x0800039b   Thumb Code     4  rt_memclr.o(.text)
    __aeabi_uidivmod                         0x080003a1   Thumb Code    28  aeabi_sdivfast.o(.text)
    __aeabi_idivmod                          0x080003bd   Thumb Code   472  aeabi_sdivfast.o(.text)
    __use_two_region_memory                  0x08000599   Thumb Code     2  heapauxi.o(.text)
    __rt_heap_escrow                         0x0800059b   Thumb Code     2  heapauxi.o(.text)
    __rt_heap_expand                         0x0800059d   Thumb Code     2  heapauxi.o(.text)
    _printf_char_file                        0x080005a1   Thumb Code    34  _printf_char_file.o(.text)
    _printf_char_common                      0x080005d3   Thumb Code    32  _printf_char_common.o(.text)
    ferror                                   0x080005f9   Thumb Code     8  ferror.o(.text)
    _initio                                  0x08000601   Thumb Code   216  initio.o(.text)
    _terminateio                             0x080006d9   Thumb Code    56  initio.o(.text)
    __user_setup_stackheap                   0x0800073d   Thumb Code    62  sys_stackheap_outer.o(.text)
    free                                     0x0800077b   Thumb Code    76  h1_free.o(.text)
    __printf                                 0x080007c7   Thumb Code    36  __printf_nopercent.o(.text)
    __flsbuf                                 0x080007ed   Thumb Code   486  flsbuf.o(.text)
    __flsbuf_byte                            0x080007ed   Thumb Code     0  flsbuf.o(.text)
    __flsbuf_wide                            0x080007ed   Thumb Code     0  flsbuf.o(.text)
    setvbuf                                  0x080009dd   Thumb Code    72  setvbuf.o(.text)
    freopen                                  0x08000a29   Thumb Code   154  fopen.o(.text)
    fopen                                    0x08000ac3   Thumb Code    76  fopen.o(.text)
    _fclose_internal                         0x08000b19   Thumb Code    72  fclose.o(.text)
    fclose                                   0x08000b19   Thumb Code     0  fclose.o(.text)
    exit                                     0x08000b65   Thumb Code    16  exit.o(.text)
    __rt_SIGRTRED                            0x08000b75   Thumb Code    12  defsig_rtred_outer.o(.text)
    _sys_open                                0x08000b81   Thumb Code    20  sys_io.o(.text)
    _sys_close                               0x08000b95   Thumb Code    12  sys_io.o(.text)
    _sys_write                               0x08000ba1   Thumb Code    16  sys_io.o(.text)
    _sys_read                                0x08000bb1   Thumb Code    14  sys_io.o(.text)
    _sys_istty                               0x08000bbf   Thumb Code    12  sys_io.o(.text)
    _sys_seek                                0x08000bcb   Thumb Code    14  sys_io.o(.text)
    _sys_ensure                              0x08000bd9   Thumb Code     2  sys_io.o(.text)
    _sys_flen                                0x08000bdb   Thumb Code    12  sys_io.o(.text)
    __user_libspace                          0x08000be9   Thumb Code     8  libspace.o(.text)
    __user_perproc_libspace                  0x08000be9   Thumb Code     0  libspace.o(.text)
    __user_perthread_libspace                0x08000be9   Thumb Code     0  libspace.o(.text)
    __rt_heap_descriptor                     0x08000bf1   Thumb Code     8  rt_heap_descriptor_intlibspace.o(.text)
    __use_no_heap                            0x08000bf9   Thumb Code     2  hguard.o(.text)
    __heap$guard                             0x08000bfb   Thumb Code     2  hguard.o(.text)
    _terminate_user_alloc                    0x08000bfd   Thumb Code     2  init_alloc.o(.text)
    _init_user_alloc                         0x08000bff   Thumb Code     2  init_alloc.o(.text)
    __Heap_Full                              0x08000c01   Thumb Code    32  init_alloc.o(.text)
    __Heap_Broken                            0x08000c21   Thumb Code    10  init_alloc.o(.text)
    _init_alloc                              0x08000c2b   Thumb Code    90  init_alloc.o(.text)
    malloc                                   0x08000c85   Thumb Code    98  h1_alloc.o(.text)
    _fseek                                   0x08000ce9   Thumb Code   240  fseek.o(.text)
    fseek                                    0x08000ce9   Thumb Code     0  fseek.o(.text)
    _seterr                                  0x08000ddd   Thumb Code    20  stdio.o(.text)
    _writebuf                                0x08000df1   Thumb Code    76  stdio.o(.text)
    _fflush                                  0x08000e3d   Thumb Code    76  stdio.o(.text)
    _deferredlazyseek                        0x08000e89   Thumb Code    60  stdio.o(.text)
    __sig_exit                               0x08000ecd   Thumb Code    12  defsig_exit.o(.text)
    __rt_SIGRTRED_inner                      0x08000ed9   Thumb Code    14  defsig_rtred_inner.o(.text)
    _sys_exit                                0x08000f0d   Thumb Code     8  sys_exit.o(.text)
    __I$use$semihosting                      0x08000f19   Thumb Code     0  use_no_semi.o(.text)
    __use_no_semihosting_swi                 0x08000f19   Thumb Code     2  use_no_semi.o(.text)
    __Heap_Initialize                        0x08000f1b   Thumb Code    10  h1_init.o(.text)
    __semihosting_library_function           0x08000f1b   Thumb Code     0  indicate_semi.o(.text)
    _maybe_terminate_alloc                   0x08000f1b   Thumb Code     0  maybetermalloc1.o(.text)
    __Heap_DescSize                          0x08000f25   Thumb Code     4  h1_init.o(.text)
    __Heap_ProvideMemory                     0x08000f29   Thumb Code    52  h1_extend.o(.text)
    _ftell_internal                          0x08000f5d   Thumb Code    66  ftell.o(.text)
    ftell                                    0x08000f5d   Thumb Code     0  ftell.o(.text)
    __default_signal_display                 0x08000f9f   Thumb Code    52  defsig_general.o(.text)
    __rt_SIGRTMEM                            0x08000fd3   Thumb Code    12  defsig_rtmem_outer.o(.text)
    _ttywrch                                 0x08000fdf   Thumb Code    12  sys_wrch.o(.text)
    __aeabi_errno_addr                       0x08000fed   Thumb Code     8  rt_errno_addr_intlibspace.o(.text)
    __errno$intlibspace                      0x08000fed   Thumb Code     0  rt_errno_addr_intlibspace.o(.text)
    __rt_errno_addr$intlibspace              0x08000fed   Thumb Code     0  rt_errno_addr_intlibspace.o(.text)
    __rt_SIGRTMEM_inner                      0x08000ff5   Thumb Code    22  defsig_rtmem_inner.o(.text)
    Error_Handler                            0x08001045   Thumb Code     4  main.o(.text.Error_Handler)
    HAL_GPIO_Init                            0x08001049   Thumb Code   424  stm32u0xx_hal_gpio.o(.text.HAL_GPIO_Init)
    HAL_GPIO_ReadPin                         0x080011fd   Thumb Code    10  stm32u0xx_hal_gpio.o(.text.HAL_GPIO_ReadPin)
    HAL_GPIO_WritePin                        0x08001207   Thumb Code    16  stm32u0xx_hal_gpio.o(.text.HAL_GPIO_WritePin)
    HAL_GetTick                              0x08001219   Thumb Code     8  stm32u0xx_hal.o(.text.HAL_GetTick)
    HAL_IncTick                              0x08001221   Thumb Code    16  stm32u0xx_hal.o(.text.HAL_IncTick)
    HAL_Init                                 0x08001235   Thumb Code    24  stm32u0xx_hal.o(.text.HAL_Init)
    HAL_InitTick                             0x0800124d   Thumb Code    64  stm32u0xx_hal.o(.text.HAL_InitTick)
    HAL_MspInit                              0x08001295   Thumb Code    40  stm32u0xx_hal_msp.o(.text.HAL_MspInit)
    HAL_NVIC_EnableIRQ                       0x080012c1   Thumb Code    20  stm32u0xx_hal_cortex.o(.text.HAL_NVIC_EnableIRQ)
    HAL_NVIC_SetPriority                     0x080012d9   Thumb Code    56  stm32u0xx_hal_cortex.o(.text.HAL_NVIC_SetPriority)
    HAL_PCDEx_ActivateLPM                    0x08001319   Thumb Code    36  stm32u0xx_hal_pcd_ex.o(.text.HAL_PCDEx_ActivateLPM)
    HAL_PCDEx_LPM_Callback                   0x0800133d   Thumb Code     2  stm32u0xx_hal_pcd_ex.o(.text.HAL_PCDEx_LPM_Callback)
    HAL_PCDEx_PMAConfig                      0x0800133f   Thumb Code    56  stm32u0xx_hal_pcd_ex.o(.text.HAL_PCDEx_PMAConfig)
    HAL_PCD_DataInStageCallback              0x08001379   Thumb Code   216  ux_dcd_stm32_callback.o(.text.HAL_PCD_DataInStageCallback)
    HAL_PCD_DataOutStageCallback             0x08001451   Thumb Code   156  ux_dcd_stm32_callback.o(.text.HAL_PCD_DataOutStageCallback)
    HAL_PCD_EP_Abort                         0x080014f1   Thumb Code    42  stm32u0xx_hal_pcd.o(.text.HAL_PCD_EP_Abort)
    HAL_PCD_EP_Close                         0x0800151b   Thumb Code    78  stm32u0xx_hal_pcd.o(.text.HAL_PCD_EP_Close)
    HAL_PCD_EP_ClrStall                      0x08001569   Thumb Code    96  stm32u0xx_hal_pcd.o(.text.HAL_PCD_EP_ClrStall)
    HAL_PCD_EP_Flush                         0x080015c9   Thumb Code    54  stm32u0xx_hal_pcd.o(.text.HAL_PCD_EP_Flush)
    HAL_PCD_EP_GetRxCount                    0x080015ff   Thumb Code    18  stm32u0xx_hal_pcd.o(.text.HAL_PCD_EP_GetRxCount)
    HAL_PCD_EP_Open                          0x08001611   Thumb Code    96  stm32u0xx_hal_pcd.o(.text.HAL_PCD_EP_Open)
    HAL_PCD_EP_Receive                       0x08001675   Thumb Code    40  stm32u0xx_hal_pcd.o(.text.HAL_PCD_EP_Receive)
    HAL_PCD_EP_SetStall                      0x0800169d   Thumb Code    90  stm32u0xx_hal_pcd.o(.text.HAL_PCD_EP_SetStall)
    HAL_PCD_EP_Transmit                      0x080016f7   Thumb Code    44  stm32u0xx_hal_pcd.o(.text.HAL_PCD_EP_Transmit)
    HAL_PCD_IRQHandler                       0x08001725   Thumb Code  2368  stm32u0xx_hal_pcd.o(.text.HAL_PCD_IRQHandler)
    HAL_PCD_Init                             0x0800208d   Thumb Code   158  stm32u0xx_hal_pcd.o(.text.HAL_PCD_Init)
    HAL_PCD_MspInit                          0x0800212d   Thumb Code   100  stm32u0xx_hal_msp.o(.text.HAL_PCD_MspInit)
    HAL_PCD_ResetCallback                    0x08002199   Thumb Code    36  ux_dcd_stm32_callback.o(.text.HAL_PCD_ResetCallback)
    HAL_PCD_ResumeCallback                   0x080021bd   Thumb Code    24  ux_dcd_stm32_callback.o(.text.HAL_PCD_ResumeCallback)
    HAL_PCD_SOFCallback                      0x080021d5   Thumb Code    24  ux_dcd_stm32_callback.o(.text.HAL_PCD_SOFCallback)
    HAL_PCD_SetAddress                       0x080021ed   Thumb Code    36  stm32u0xx_hal_pcd.o(.text.HAL_PCD_SetAddress)
    HAL_PCD_SetupStageCallback               0x08002211   Thumb Code   160  ux_dcd_stm32_callback.o(.text.HAL_PCD_SetupStageCallback)
    HAL_PCD_Start                            0x080022b1   Thumb Code    42  stm32u0xx_hal_pcd.o(.text.HAL_PCD_Start)
    HAL_PCD_Stop                             0x080022db   Thumb Code    42  stm32u0xx_hal_pcd.o(.text.HAL_PCD_Stop)
    HAL_PCD_SuspendCallback                  0x08002305   Thumb Code    24  ux_dcd_stm32_callback.o(.text.HAL_PCD_SuspendCallback)
    HAL_PWREx_ControlVoltageScaling          0x08002321   Thumb Code    96  stm32u0xx_hal_pwr_ex.o(.text.HAL_PWREx_ControlVoltageScaling)
    HAL_PWREx_EnableVddUSB                   0x08002389   Thumb Code    16  stm32u0xx_hal_pwr_ex.o(.text.HAL_PWREx_EnableVddUSB)
    HAL_PWREx_GetVoltageRange                0x0800239d   Thumb Code    12  stm32u0xx_hal_pwr_ex.o(.text.HAL_PWREx_GetVoltageRange)
    HAL_RCCEx_CRSConfig                      0x080023ad   Thumb Code    68  stm32u0xx_hal_rcc_ex.o(.text.HAL_RCCEx_CRSConfig)
    HAL_RCCEx_GetPLLClockFreq                0x080023f9   Thumb Code   180  stm32u0xx_hal_rcc_ex.o(.text.HAL_RCCEx_GetPLLClockFreq)
    HAL_RCCEx_GetPeriphCLKFreq               0x080024c1   Thumb Code  1116  stm32u0xx_hal_rcc_ex.o(.text.HAL_RCCEx_GetPeriphCLKFreq)
    HAL_RCCEx_PeriphCLKConfig                0x08002941   Thumb Code   636  stm32u0xx_hal_rcc_ex.o(.text.HAL_RCCEx_PeriphCLKConfig)
    HAL_RCC_ClockConfig                      0x08002bd1   Thumb Code   308  stm32u0xx_hal_rcc.o(.text.HAL_RCC_ClockConfig)
    HAL_RCC_GetPCLK1Freq                     0x08002d15   Thumb Code    24  stm32u0xx_hal_rcc.o(.text.HAL_RCC_GetPCLK1Freq)
    HAL_RCC_GetSysClockFreq                  0x08002d39   Thumb Code   172  stm32u0xx_hal_rcc.o(.text.HAL_RCC_GetSysClockFreq)
    HAL_RCC_OscConfig                        0x08002e0d   Thumb Code  1772  stm32u0xx_hal_rcc.o(.text.HAL_RCC_OscConfig)
    HAL_SYSTICK_Config                       0x08003515   Thumb Code    40  stm32u0xx_hal_cortex.o(.text.HAL_SYSTICK_Config)
    HAL_UARTEx_DisableFifoMode               0x08003549   Thumb Code    54  stm32u0xx_hal_uart_ex.o(.text.HAL_UARTEx_DisableFifoMode)
    HAL_UARTEx_SetRxFifoThreshold            0x08003581   Thumb Code   120  stm32u0xx_hal_uart_ex.o(.text.HAL_UARTEx_SetRxFifoThreshold)
    HAL_UARTEx_SetTxFifoThreshold            0x080035f9   Thumb Code   120  stm32u0xx_hal_uart_ex.o(.text.HAL_UARTEx_SetTxFifoThreshold)
    HAL_UART_Init                            0x08003679   Thumb Code   108  stm32u0xx_hal_uart.o(.text.HAL_UART_Init)
    HAL_UART_MspInit                         0x080036e5   Thumb Code   124  stm32u0xx_hal_msp.o(.text.HAL_UART_MspInit)
    HardFault_Handler                        0x08003769   Thumb Code     2  stm32u0xx_it.o(.text.HardFault_Handler)
    MX_USBX_Device_Init                      0x0800376d   Thumb Code   240  app_usbx_device.o(.text.MX_USBX_Device_Init)
    MX_USB_PCD_Init                          0x0800387d   Thumb Code    36  main.o(.text.MX_USB_PCD_Init)
    NMI_Handler                              0x080038a9   Thumb Code     2  stm32u0xx_it.o(.text.NMI_Handler)
    PendSV_Handler                           0x080038ab   Thumb Code     2  stm32u0xx_it.o(.text.PendSV_Handler)
    SVC_Handler                              0x080038ad   Thumb Code     2  stm32u0xx_it.o(.text.SVC_Handler)
    SysTick_Handler                          0x080038af   Thumb Code     8  stm32u0xx_it.o(.text.SysTick_Handler)
    SystemClock_Config                       0x080038b9   Thumb Code   152  main.o(.text.SystemClock_Config)
    SystemInit                               0x08003959   Thumb Code    44  system_stm32u0xx.o(.text.SystemInit)
    UART_AdvFeatureConfig                    0x08003991   Thumb Code   210  stm32u0xx_hal_uart.o(.text.UART_AdvFeatureConfig)
    UART_CheckIdleState                      0x08003a65   Thumb Code   196  stm32u0xx_hal_uart.o(.text.UART_CheckIdleState)
    UART_SetConfig                           0x08003b2d   Thumb Code   488  stm32u0xx_hal_uart.o(.text.UART_SetConfig)
    UART_WaitOnFlagUntilTimeout              0x08003d55   Thumb Code   384  stm32u0xx_hal_uart.o(.text.UART_WaitOnFlagUntilTimeout)
    USBD_Get_Configuration_Number            0x08004115   Thumb Code     4  ux_device_descriptors.o(.text.USBD_Get_Configuration_Number)
    USBD_Get_Device_Framework_Speed          0x08004119   Thumb Code    76  ux_device_descriptors.o(.text.USBD_Get_Device_Framework_Speed)
    USBD_Get_Interface_Number                0x08004171   Thumb Code    80  ux_device_descriptors.o(.text.USBD_Get_Interface_Number)
    USBD_Get_Language_Id_Framework           0x080041c5   Thumb Code    24  ux_device_descriptors.o(.text.USBD_Get_Language_Id_Framework)
    USBD_Get_String_Framework                0x080041e5   Thumb Code    92  ux_device_descriptors.o(.text.USBD_Get_String_Framework)
    USBD_HID_Keyboard_Activate               0x08004271   Thumb Code     2  ux_device_keyboard.o(.text.USBD_HID_Keyboard_Activate)
    USBD_HID_Keyboard_Deactivate             0x08004273   Thumb Code     2  ux_device_keyboard.o(.text.USBD_HID_Keyboard_Deactivate)
    USBD_HID_Keyboard_GetReport              0x08004275   Thumb Code     4  ux_device_keyboard.o(.text.USBD_HID_Keyboard_GetReport)
    USBD_HID_Keyboard_SetReport              0x08004279   Thumb Code     4  ux_device_keyboard.o(.text.USBD_HID_Keyboard_SetReport)
    USBD_HID_ReportDesc                      0x0800427d   Thumb Code    12  ux_device_descriptors.o(.text.USBD_HID_ReportDesc)
    USBD_HID_ReportDesc_length               0x0800428d   Thumb Code    12  ux_device_descriptors.o(.text.USBD_HID_ReportDesc_length)
    USBX_Device_Process                      0x08004299   Thumb Code     8  app_usbx_device.o(.text.USBX_Device_Process)
    USB_ActivateEndpoint                     0x080042a1   Thumb Code   636  stm32u0xx_ll_usb.o(.text.USB_ActivateEndpoint)
    USB_DRD_FS_IRQHandler                    0x0800453d   Thumb Code    12  stm32u0xx_it.o(.text.USB_DRD_FS_IRQHandler)
    USB_DeactivateEndpoint                   0x0800454d   Thumb Code   200  stm32u0xx_ll_usb.o(.text.USB_DeactivateEndpoint)
    USB_DevConnect                           0x08004619   Thumb Code    14  stm32u0xx_ll_usb.o(.text.USB_DevConnect)
    USB_DevDisconnect                        0x08004627   Thumb Code    14  stm32u0xx_ll_usb.o(.text.USB_DevDisconnect)
    USB_DevInit                              0x08004635   Thumb Code    26  stm32u0xx_ll_usb.o(.text.USB_DevInit)
    USB_DisableGlobalInt                     0x08004651   Thumb Code    12  stm32u0xx_ll_usb.o(.text.USB_DisableGlobalInt)
    USB_EPClearStall                         0x08004661   Thumb Code    88  stm32u0xx_ll_usb.o(.text.USB_EPClearStall)
    USB_EPSetStall                           0x080046c9   Thumb Code    44  stm32u0xx_ll_usb.o(.text.USB_EPSetStall)
    USB_EPStartXfer                          0x08004705   Thumb Code  1392  stm32u0xx_ll_usb.o(.text.USB_EPStartXfer)
    USB_EPStopXfer                           0x08004c85   Thumb Code    96  stm32u0xx_ll_usb.o(.text.USB_EPStopXfer)
    USB_EnableGlobalInt                      0x08004cf5   Thumb Code    12  stm32u0xx_ll_usb.o(.text.USB_EnableGlobalInt)
    USB_FlushRxFifo                          0x08004d05   Thumb Code     4  stm32u0xx_ll_usb.o(.text.USB_FlushRxFifo)
    USB_FlushTxFifo                          0x08004d09   Thumb Code     4  stm32u0xx_ll_usb.o(.text.USB_FlushTxFifo)
    USB_ReadInterrupts                       0x08004d0d   Thumb Code     4  stm32u0xx_ll_usb.o(.text.USB_ReadInterrupts)
    USB_ReadPMA                              0x08004d11   Thumb Code    76  stm32u0xx_ll_usb.o(.text.USB_ReadPMA)
    USB_SetDevAddress                        0x08004d61   Thumb Code    16  stm32u0xx_ll_usb.o(.text.USB_SetDevAddress)
    USB_WritePMA                             0x08004d71   Thumb Code    84  stm32u0xx_ll_usb.o(.text.USB_WritePMA)
    _ux_dcd_stm32_endpoint_create            0x08004dc9   Thumb Code   106  ux_dcd_stm32_endpoint_create.o(.text._ux_dcd_stm32_endpoint_create)
    _ux_dcd_stm32_endpoint_destroy           0x08004e33   Thumb Code    22  ux_dcd_stm32_endpoint_destroy.o(.text._ux_dcd_stm32_endpoint_destroy)
    _ux_dcd_stm32_endpoint_reset             0x08004e49   Thumb Code    60  ux_dcd_stm32_endpoint_reset.o(.text._ux_dcd_stm32_endpoint_reset)
    _ux_dcd_stm32_endpoint_stall             0x08004e85   Thumb Code    30  ux_dcd_stm32_endpoint_stall.o(.text._ux_dcd_stm32_endpoint_stall)
    _ux_dcd_stm32_endpoint_status            0x08004ea3   Thumb Code    40  ux_dcd_stm32_endpoint_status.o(.text._ux_dcd_stm32_endpoint_status)
    _ux_dcd_stm32_frame_number_get           0x08004ecb   Thumb Code     4  ux_dcd_stm32_frame_number_get.o(.text._ux_dcd_stm32_frame_number_get)
    _ux_dcd_stm32_function                   0x08004ed1   Thumb Code   160  ux_dcd_stm32_function.o(.text._ux_dcd_stm32_function)
    _ux_dcd_stm32_initialize                 0x08004f71   Thumb Code    52  ux_dcd_stm32_initialize.o(.text._ux_dcd_stm32_initialize)
    _ux_dcd_stm32_initialize_complete        0x08004fa9   Thumb Code   216  ux_dcd_stm32_initialize_complete.o(.text._ux_dcd_stm32_initialize_complete)
    _ux_dcd_stm32_setup_isr_pending          0x08005089   Thumb Code   168  ux_dcd_stm32_callback.o(.text._ux_dcd_stm32_setup_isr_pending)
    _ux_dcd_stm32_transfer_abort             0x08005131   Thumb Code    28  ux_dcd_stm32_transfer_abort.o(.text._ux_dcd_stm32_transfer_abort)
    _ux_dcd_stm32_transfer_run               0x0800514d   Thumb Code   140  ux_dcd_stm32_transfer_run.o(.text._ux_dcd_stm32_transfer_run)
    _ux_device_class_hid_activate            0x080051dd   Thumb Code    82  ux_device_class_hid_activate.o(.text._ux_device_class_hid_activate)
    _ux_device_class_hid_control_request     0x08005231   Thumb Code   216  ux_device_class_hid_control_request.o(.text._ux_device_class_hid_control_request)
    _ux_device_class_hid_deactivate          0x0800530d   Thumb Code    28  ux_device_class_hid_deactivate.o(.text._ux_device_class_hid_deactivate)
    _ux_device_class_hid_descriptor_send     0x08005329   Thumb Code   196  ux_device_class_hid_descriptor_send.o(.text._ux_device_class_hid_descriptor_send)
    _ux_device_class_hid_entry               0x080053f1   Thumb Code    86  ux_device_class_hid_entry.o(.text._ux_device_class_hid_entry)
    _ux_device_class_hid_event_check         0x08005449   Thumb Code    32  ux_device_class_hid_event_get.o(.text._ux_device_class_hid_event_check)
    _ux_device_class_hid_event_free          0x08005469   Thumb Code    16  ux_device_class_hid_event_get.o(.text._ux_device_class_hid_event_free)
    _ux_device_class_hid_event_get           0x08005479   Thumb Code    72  ux_device_class_hid_event_get.o(.text._ux_device_class_hid_event_get)
    _ux_device_class_hid_initialize          0x080054c5   Thumb Code   132  ux_device_class_hid_initialize.o(.text._ux_device_class_hid_initialize)
    _ux_device_class_hid_report_get          0x0800554d   Thumb Code   144  ux_device_class_hid_report_get.o(.text._ux_device_class_hid_report_get)
    _ux_device_class_hid_report_set          0x080055dd   Thumb Code    80  ux_device_class_hid_report_set.o(.text._ux_device_class_hid_report_set)
    _ux_device_class_hid_tasks_run           0x08005631   Thumb Code   176  ux_device_class_hid_tasks_run.o(.text._ux_device_class_hid_tasks_run)
    _ux_device_class_hid_uninitialize        0x080056e5   Thumb Code    22  ux_device_class_hid_uninitialize.o(.text._ux_device_class_hid_uninitialize)
    _ux_device_stack_alternate_setting_get   0x080056fd   Thumb Code    68  ux_device_stack_alternate_setting_get.o(.text._ux_device_stack_alternate_setting_get)
    _ux_device_stack_alternate_setting_set   0x08005745   Thumb Code   532  ux_device_stack_alternate_setting_set.o(.text._ux_device_stack_alternate_setting_set)
    _ux_device_stack_class_register          0x08005969   Thumb Code   116  ux_device_stack_class_register.o(.text._ux_device_stack_class_register)
    _ux_device_stack_clear_feature           0x080059e1   Thumb Code   112  ux_device_stack_clear_feature.o(.text._ux_device_stack_clear_feature)
    _ux_device_stack_configuration_get       0x08005a51   Thumb Code    36  ux_device_stack_configuration_get.o(.text._ux_device_stack_configuration_get)
    _ux_device_stack_configuration_set       0x08005a79   Thumb Code   460  ux_device_stack_configuration_set.o(.text._ux_device_stack_configuration_set)
    _ux_device_stack_control_request_process 0x08005c51   Thumb Code  1488  ux_device_stack_control_request_process.o(.text._ux_device_stack_control_request_process)
    _ux_device_stack_descriptor_send         0x08006225   Thumb Code   640  ux_device_stack_descriptor_send.o(.text._ux_device_stack_descriptor_send)
    _ux_device_stack_disconnect              0x080064ad   Thumb Code   120  ux_device_stack_disconnect.o(.text._ux_device_stack_disconnect)
    _ux_device_stack_endpoint_stall          0x08006525   Thumb Code    68  ux_device_stack_endpoint_stall.o(.text._ux_device_stack_endpoint_stall)
    _ux_device_stack_get_status              0x08006569   Thumb Code   156  ux_device_stack_get_status.o(.text._ux_device_stack_get_status)
    _ux_device_stack_initialize              0x08006609   Thumb Code   568  ux_device_stack_initialize.o(.text._ux_device_stack_initialize)
    _ux_device_stack_interface_delete        0x08006845   Thumb Code   100  ux_device_stack_interface_delete.o(.text._ux_device_stack_interface_delete)
    _ux_device_stack_interface_set           0x080068ad   Thumb Code   344  ux_device_stack_interface_set.o(.text._ux_device_stack_interface_set)
    _ux_device_stack_interface_start         0x08006a15   Thumb Code   100  ux_device_stack_interface_start.o(.text._ux_device_stack_interface_start)
    _ux_device_stack_set_feature             0x08006a79   Thumb Code   108  ux_device_stack_set_feature.o(.text._ux_device_stack_set_feature)
    _ux_device_stack_tasks_run               0x08006ae5   Thumb Code    44  ux_device_stack_tasks_run.o(.text._ux_device_stack_tasks_run)
    _ux_device_stack_transfer_abort          0x08006b11   Thumb Code    56  ux_device_stack_transfer_abort.o(.text._ux_device_stack_transfer_abort)
    _ux_device_stack_transfer_all_request_abort 0x08006b4d   Thumb Code    12  ux_device_stack_transfer_all_request_abort.o(.text._ux_device_stack_transfer_all_request_abort)
    _ux_device_stack_transfer_request        0x08006b59   Thumb Code    30  ux_device_stack_transfer_request.o(.text._ux_device_stack_transfer_request)
    _ux_device_stack_transfer_run            0x08006b79   Thumb Code   224  ux_device_stack_transfer_run.o(.text._ux_device_stack_transfer_run)
    _ux_system_error_handler                 0x08006c5d   Thumb Code    24  ux_system_error_handler.o(.text._ux_system_error_handler)
    _ux_system_initialize                    0x08006c75   Thumb Code   176  ux_system_initialize.o(.text._ux_system_initialize)
    _ux_utility_descriptor_parse             0x08006d29   Thumb Code   132  ux_utility_descriptor_parse.o(.text._ux_utility_descriptor_parse)
    _ux_utility_interrupt_disable            0x08006dad   Thumb Code     8  app_usbx_device.o(.text._ux_utility_interrupt_disable)
    _ux_utility_interrupt_restore            0x08006db5   Thumb Code     6  app_usbx_device.o(.text._ux_utility_interrupt_restore)
    _ux_utility_long_get                     0x08006dbb   Thumb Code    22  ux_utility_long_get.o(.text._ux_utility_long_get)
    _ux_utility_memory_allocate              0x08006dd1   Thumb Code   216  ux_utility_memory_allocate.o(.text._ux_utility_memory_allocate)
    _ux_utility_memory_allocate_mulc_safe    0x08006ea9   Thumb Code    56  ux_utility_memory_allocate_mulc_safe.o(.text._ux_utility_memory_allocate_mulc_safe)
    _ux_utility_memory_byte_pool_create      0x08006ee1   Thumb Code    60  ux_utility_memory_byte_pool_create.o(.text._ux_utility_memory_byte_pool_create)
    _ux_utility_memory_byte_pool_search      0x08006f1d   Thumb Code   160  ux_utility_memory_byte_pool_search.o(.text._ux_utility_memory_byte_pool_search)
    _ux_utility_memory_copy                  0x08006fbd   Thumb Code    18  ux_utility_memory_copy.o(.text._ux_utility_memory_copy)
    _ux_utility_memory_free                  0x08006fd1   Thumb Code    76  ux_utility_memory_free.o(.text._ux_utility_memory_free)
    _ux_utility_memory_set                   0x08007025   Thumb Code    18  ux_utility_memory_set.o(.text._ux_utility_memory_set)
    _ux_utility_short_get                    0x08007037   Thumb Code    10  ux_utility_short_get.o(.text._ux_utility_short_get)
    _ux_utility_string_length_check          0x08007041   Thumb Code    52  ux_utility_string_length_check.o(.text._ux_utility_string_length_check)
    _ux_utility_time_get                     0x08007075   Thumb Code     4  app_usbx_device.o(.text._ux_utility_time_get)
    _uxe_system_initialize                   0x08007079   Thumb Code    22  ux_system_initialize.o(.text._uxe_system_initialize)
    main                                     0x08007091   Thumb Code   356  main.o(.text.main)
    __aeabi_uidiv                            0x08007225   Thumb Code    68  aeabi_sdivfast.o(.text_divfast)
    __aeabi_idiv                             0x08007269   Thumb Code   434  aeabi_sdivfast.o(.text_divfast)
    fputc                                    0x0800741b   Thumb Code    30  fputc.o(i.fputc)
    __stdin_name                             0x08007438   Data           4  sys_io_names.o(.constdata)
    __stdout_name                            0x0800743c   Data           4  sys_io_names.o(.constdata)
    __stderr_name                            0x08007440   Data           4  sys_io_names.o(.constdata)
    AHBPrescTable                            0x08007444   Data          16  system_stm32u0xx.o(.rodata.AHBPrescTable)
    APBPrescTable                            0x08007454   Data           8  system_stm32u0xx.o(.rodata.APBPrescTable)
    MSIRangeTable                            0x0800745c   Data          48  system_stm32u0xx.o(.rodata.MSIRangeTable)
    UARTPrescTable                           0x0800748c   Data          24  stm32u0xx_hal_uart.o(.rodata.UARTPrescTable)
    Region$$Table$$Base                      0x080074b4   Number         0  anon$$obj.o(Region$$Table)
    Region$$Table$$Limit                     0x080074d4   Number         0  anon$$obj.o(Region$$Table)
    __aeabi_stdin                            0x20000000   Data           4  stdio_streams.o(.data)
    __aeabi_stdout                           0x20000004   Data           4  stdio_streams.o(.data)
    __aeabi_stderr                           0x20000008   Data           4  stdio_streams.o(.data)
    uwTickPrio                               0x2000000c   Data           4  stm32u0xx_hal.o(.data..L_MergedGlobals)
    uwTickFreq                               0x20000010   Data           4  stm32u0xx_hal.o(.data..L_MergedGlobals)
    UserHIDInterface                         0x20000014   Data           1  ux_device_descriptors.o(.data..L_MergedGlobals)
    UserClassInstance                        0x20000015   Data          11  ux_device_descriptors.o(.data..L_MergedGlobals)
    SystemCoreClock                          0x20000020   Data           4  system_stm32u0xx.o(.data.SystemCoreClock)
    USBD_HID_KEYBOARD_ReportDesc             0x20000024   Data          34  ux_device_descriptors.o(.data.USBD_HID_KEYBOARD_ReportDesc)
    _ux_system_bos_descriptor_structure      0x20000046   Data           4  ux_system_initialize.o(.data._ux_system_bos_descriptor_structure)
    _ux_system_configuration_descriptor_structure 0x2000004a   Data           8  ux_system_initialize.o(.data._ux_system_configuration_descriptor_structure)
    _ux_system_device_descriptor_structure   0x20000052   Data          14  ux_system_initialize.o(.data._ux_system_device_descriptor_structure)
    _ux_system_endpoint_descriptor_structure 0x20000060   Data           6  ux_system_initialize.o(.data._ux_system_endpoint_descriptor_structure)
    _ux_system_interface_descriptor_structure 0x20000066   Data           9  ux_system_initialize.o(.data._ux_system_interface_descriptor_structure)
    _ux_system_slave_class_hid_name          0x2000006f   Data          19  ux_device_stack_initialize.o(.data._ux_system_slave_class_hid_name)
    __stdin                                  0x20000088   Data          84  stdio_streams.o(.bss)
    __stdout                                 0x200000dc   Data          84  stdio_streams.o(.bss)
    __stderr                                 0x20000130   Data          84  stdio_streams.o(.bss)
    __libspace_start                         0x20000184   Data          96  libspace.o(.bss)
    __temporary_stack_top$libspace           0x200001e4   Data           0  libspace.o(.bss)
    USBD_Device_FS                           0x20000394   Data         296  ux_device_descriptors.o(.bss.USBD_Device_FS)
    USBD_Device_HS                           0x200004bc   Data         296  ux_device_descriptors.o(.bss.USBD_Device_HS)
    USBD_language_id_framework               0x200005e4   Data           2  ux_device_descriptors.o(.bss.USBD_language_id_framework)
    USBD_string_framework                    0x200005e8   Data         256  ux_device_descriptors.o(.bss.USBD_string_framework)
    _ux_system                               0x200006e8   Data           4  ux_system_initialize.o(.bss._ux_system)
    _ux_system_slave                         0x200006ec   Data           4  ux_device_stack_initialize.o(.bss._ux_system_slave)
    hpcd_USB_DRD_FS                          0x200006f0   Data         732  main.o(.bss.hpcd_USB_DRD_FS)
    huart2                                   0x200009cc   Data         148  main.o(.bss.huart2)
    uwTick                                   0x20000a60   Data           4  stm32u0xx_hal.o(.bss.uwTick)



==============================================================================

Memory Map of the image

  Image Entry point : 0x080000c1

  Load Region LR_IROM1 (Base: 0x08000000, Size: 0x00007560, Max: 0x00040000, ABSOLUTE)

    Execution Region ER_IROM1 (Exec base: 0x08000000, Load base: 0x08000000, Size: 0x000074d4, Max: 0x00040000, ABSOLUTE)

    Exec Addr    Load Addr    Size         Type   Attr      Idx    E Section Name        Object

    0x08000000   0x08000000   0x000000c0   Data   RO            3    RESET               startup_stm32u083xx.o
    0x080000c0   0x080000c0   0x00000008   Code   RO         1952  * !!!main             c_p.l(__main.o)
    0x080000c8   0x080000c8   0x0000003c   Code   RO         2318    !!!scatter          c_p.l(__scatter.o)
    0x08000104   0x08000104   0x0000001a   Code   RO         2320    !!handler_copy      c_p.l(__scatter_copy.o)
    0x0800011e   0x0800011e   0x00000002   PAD
    0x08000120   0x08000120   0x0000001c   Code   RO         2322    !!handler_zi        c_p.l(__scatter_zi.o)
    0x0800013c   0x0800013c   0x00000002   Code   RO         2098    .ARM.Collect$$libinit$$00000000  c_p.l(libinit.o)
    0x0800013e   0x0800013e   0x00000000   Code   RO         2100    .ARM.Collect$$libinit$$00000002  c_p.l(libinit2.o)
    0x0800013e   0x0800013e   0x00000000   Code   RO         2102    .ARM.Collect$$libinit$$00000004  c_p.l(libinit2.o)
    0x0800013e   0x0800013e   0x00000008   Code   RO         2103    .ARM.Collect$$libinit$$00000005  c_p.l(libinit2.o)
    0x08000146   0x08000146   0x00000000   Code   RO         2105    .ARM.Collect$$libinit$$0000000A  c_p.l(libinit2.o)
    0x08000146   0x08000146   0x00000000   Code   RO         2107    .ARM.Collect$$libinit$$0000000C  c_p.l(libinit2.o)
    0x08000146   0x08000146   0x00000000   Code   RO         2109    .ARM.Collect$$libinit$$0000000E  c_p.l(libinit2.o)
    0x08000146   0x08000146   0x00000000   Code   RO         2112    .ARM.Collect$$libinit$$00000011  c_p.l(libinit2.o)
    0x08000146   0x08000146   0x00000000   Code   RO         2114    .ARM.Collect$$libinit$$00000013  c_p.l(libinit2.o)
    0x08000146   0x08000146   0x00000000   Code   RO         2116    .ARM.Collect$$libinit$$00000015  c_p.l(libinit2.o)
    0x08000146   0x08000146   0x00000000   Code   RO         2118    .ARM.Collect$$libinit$$00000017  c_p.l(libinit2.o)
    0x08000146   0x08000146   0x00000000   Code   RO         2120    .ARM.Collect$$libinit$$00000019  c_p.l(libinit2.o)
    0x08000146   0x08000146   0x00000000   Code   RO         2122    .ARM.Collect$$libinit$$0000001B  c_p.l(libinit2.o)
    0x08000146   0x08000146   0x00000000   Code   RO         2124    .ARM.Collect$$libinit$$0000001D  c_p.l(libinit2.o)
    0x08000146   0x08000146   0x00000000   Code   RO         2126    .ARM.Collect$$libinit$$0000001F  c_p.l(libinit2.o)
    0x08000146   0x08000146   0x00000000   Code   RO         2128    .ARM.Collect$$libinit$$00000021  c_p.l(libinit2.o)
    0x08000146   0x08000146   0x00000000   Code   RO         2130    .ARM.Collect$$libinit$$00000023  c_p.l(libinit2.o)
    0x08000146   0x08000146   0x00000004   Code   RO         2131    .ARM.Collect$$libinit$$00000024  c_p.l(libinit2.o)
    0x0800014a   0x0800014a   0x00000000   Code   RO         2132    .ARM.Collect$$libinit$$00000025  c_p.l(libinit2.o)
    0x0800014a   0x0800014a   0x00000000   Code   RO         2136    .ARM.Collect$$libinit$$0000002C  c_p.l(libinit2.o)
    0x0800014a   0x0800014a   0x00000000   Code   RO         2138    .ARM.Collect$$libinit$$0000002E  c_p.l(libinit2.o)
    0x0800014a   0x0800014a   0x00000000   Code   RO         2140    .ARM.Collect$$libinit$$00000030  c_p.l(libinit2.o)
    0x0800014a   0x0800014a   0x00000000   Code   RO         2142    .ARM.Collect$$libinit$$00000032  c_p.l(libinit2.o)
    0x0800014a   0x0800014a   0x00000002   Code   RO         2143    .ARM.Collect$$libinit$$00000033  c_p.l(libinit2.o)
    0x0800014c   0x0800014c   0x00000002   Code   RO         2299    .ARM.Collect$$libshutdown$$00000000  c_p.l(libshutdown.o)
    0x0800014e   0x0800014e   0x00000000   Code   RO         2145    .ARM.Collect$$libshutdown$$00000002  c_p.l(libshutdown2.o)
    0x0800014e   0x0800014e   0x00000004   Code   RO         2146    .ARM.Collect$$libshutdown$$00000003  c_p.l(libshutdown2.o)
    0x08000152   0x08000152   0x00000000   Code   RO         2147    .ARM.Collect$$libshutdown$$00000004  c_p.l(libshutdown2.o)
    0x08000152   0x08000152   0x00000000   Code   RO         2150    .ARM.Collect$$libshutdown$$00000007  c_p.l(libshutdown2.o)
    0x08000152   0x08000152   0x00000000   Code   RO         2153    .ARM.Collect$$libshutdown$$0000000A  c_p.l(libshutdown2.o)
    0x08000152   0x08000152   0x00000000   Code   RO         2155    .ARM.Collect$$libshutdown$$0000000C  c_p.l(libshutdown2.o)
    0x08000152   0x08000152   0x00000000   Code   RO         2158    .ARM.Collect$$libshutdown$$0000000F  c_p.l(libshutdown2.o)
    0x08000152   0x08000152   0x00000002   Code   RO         2159    .ARM.Collect$$libshutdown$$00000010  c_p.l(libshutdown2.o)
    0x08000154   0x08000154   0x00000000   Code   RO         1954    .ARM.Collect$$rtentry$$00000000  c_p.l(__rtentry.o)
    0x08000154   0x08000154   0x00000000   Code   RO         1972    .ARM.Collect$$rtentry$$00000002  c_p.l(__rtentry2.o)
    0x08000154   0x08000154   0x00000006   Code   RO         1984    .ARM.Collect$$rtentry$$00000004  c_p.l(__rtentry4.o)
    0x0800015a   0x0800015a   0x00000000   Code   RO         1974    .ARM.Collect$$rtentry$$00000009  c_p.l(__rtentry2.o)
    0x0800015a   0x0800015a   0x00000004   Code   RO         1975    .ARM.Collect$$rtentry$$0000000A  c_p.l(__rtentry2.o)
    0x0800015e   0x0800015e   0x00000000   Code   RO         1977    .ARM.Collect$$rtentry$$0000000C  c_p.l(__rtentry2.o)
    0x0800015e   0x0800015e   0x00000008   Code   RO         1978    .ARM.Collect$$rtentry$$0000000D  c_p.l(__rtentry2.o)
    0x08000166   0x08000166   0x00000002   Code   RO         2170    .ARM.Collect$$rtexit$$00000000  c_p.l(rtexit.o)
    0x08000168   0x08000168   0x00000000   Code   RO         2233    .ARM.Collect$$rtexit$$00000002  c_p.l(rtexit2.o)
    0x08000168   0x08000168   0x00000004   Code   RO         2234    .ARM.Collect$$rtexit$$00000003  c_p.l(rtexit2.o)
    0x0800016c   0x0800016c   0x00000006   Code   RO         2235    .ARM.Collect$$rtexit$$00000004  c_p.l(rtexit2.o)
    0x08000172   0x08000172   0x00000002   PAD
    0x08000174   0x08000174   0x00000038   Code   RO            4    .text               startup_stm32u083xx.o
    0x080001ac   0x080001ac   0x00000030   Code   RO         1928    .text               c_p.l(llmul.o)
    0x080001dc   0x080001dc   0x00000110   Code   RO         1930    .text               c_p.l(lludiv.o)
    0x080002ec   0x080002ec   0x0000001c   Code   RO         1934    .text               c_p.l(noretval__2printf.o)
    0x08000308   0x08000308   0x00000044   Code   RO         1936    .text               c_p.l(strlen.o)
    0x0800034c   0x0800034c   0x00000012   Code   RO         1938    .text               c_p.l(aeabi_memset.o)
    0x0800035e   0x0800035e   0x00000040   Code   RO         1940    .text               c_p.l(rt_memclr.o)
    0x0800039e   0x0800039e   0x00000002   PAD
    0x080003a0   0x080003a0   0x000001f8   Code   RO         1942    .text               c_p.l(aeabi_sdivfast.o)
    0x08000598   0x08000598   0x00000006   Code   RO         1950    .text               c_p.l(heapauxi.o)
    0x0800059e   0x0800059e   0x00000002   PAD
    0x080005a0   0x080005a0   0x00000028   Code   RO         1963    .text               c_p.l(_printf_char_file.o)
    0x080005c8   0x080005c8   0x00000030   Code   RO         1988    .text               c_p.l(_printf_char_common.o)
    0x080005f8   0x080005f8   0x00000008   Code   RO         1990    .text               c_p.l(ferror.o)
    0x08000600   0x08000600   0x0000013c   Code   RO         1996    .text               c_p.l(initio.o)
    0x0800073c   0x0800073c   0x0000003e   Code   RO         2009    .text               c_p.l(sys_stackheap_outer.o)
    0x0800077a   0x0800077a   0x0000004c   Code   RO         2014    .text               c_p.l(h1_free.o)
    0x080007c6   0x080007c6   0x00000024   Code   RO         2068    .text               c_p.l(__printf_nopercent.o)
    0x080007ea   0x080007ea   0x00000002   PAD
    0x080007ec   0x080007ec   0x000001f0   Code   RO         2070    .text               c_p.l(flsbuf.o)
    0x080009dc   0x080009dc   0x0000004c   Code   RO         2072    .text               c_p.l(setvbuf.o)
    0x08000a28   0x08000a28   0x000000f0   Code   RO         2075    .text               c_p.l(fopen.o)
    0x08000b18   0x08000b18   0x0000004c   Code   RO         2077    .text               c_p.l(fclose.o)
    0x08000b64   0x08000b64   0x00000010   Code   RO         2083    .text               c_p.l(exit.o)
    0x08000b74   0x08000b74   0x0000000c   Code   RO         2089    .text               c_p.l(defsig_rtred_outer.o)
    0x08000b80   0x08000b80   0x00000066   Code   RO         2162    .text               c_p.l(sys_io.o)
    0x08000be6   0x08000be6   0x00000002   PAD
    0x08000be8   0x08000be8   0x00000008   Code   RO         2166    .text               c_p.l(libspace.o)
    0x08000bf0   0x08000bf0   0x00000008   Code   RO         2177    .text               c_p.l(rt_heap_descriptor_intlibspace.o)
    0x08000bf8   0x08000bf8   0x00000004   Code   RO         2179    .text               c_p.l(hguard.o)
    0x08000bfc   0x08000bfc   0x00000088   Code   RO         2181    .text               c_p.l(init_alloc.o)
    0x08000c84   0x08000c84   0x00000062   Code   RO         2187    .text               c_p.l(h1_alloc.o)
    0x08000ce6   0x08000ce6   0x00000002   PAD
    0x08000ce8   0x08000ce8   0x000000f4   Code   RO         2201    .text               c_p.l(fseek.o)
    0x08000ddc   0x08000ddc   0x000000f0   Code   RO         2203    .text               c_p.l(stdio.o)
    0x08000ecc   0x08000ecc   0x0000000c   Code   RO         2209    .text               c_p.l(defsig_exit.o)
    0x08000ed8   0x08000ed8   0x00000034   Code   RO         2213    .text               c_p.l(defsig_rtred_inner.o)
    0x08000f0c   0x08000f0c   0x0000000c   Code   RO         2225    .text               c_p.l(sys_exit.o)
    0x08000f18   0x08000f18   0x00000002   Code   RO         2229    .text               c_p.l(use_no_semi.o)
    0x08000f1a   0x08000f1a   0x00000000   Code   RO         2231    .text               c_p.l(indicate_semi.o)
    0x08000f1a   0x08000f1a   0x00000000   Code   RO         2239    .text               c_p.l(maybetermalloc1.o)
    0x08000f1a   0x08000f1a   0x0000000e   Code   RO         2241    .text               c_p.l(h1_init.o)
    0x08000f28   0x08000f28   0x00000034   Code   RO         2243    .text               c_p.l(h1_extend.o)
    0x08000f5c   0x08000f5c   0x00000042   Code   RO         2253    .text               c_p.l(ftell.o)
    0x08000f9e   0x08000f9e   0x00000034   Code   RO         2261    .text               c_p.l(defsig_general.o)
    0x08000fd2   0x08000fd2   0x0000000c   Code   RO         2263    .text               c_p.l(defsig_rtmem_outer.o)
    0x08000fde   0x08000fde   0x0000000c   Code   RO         2276    .text               c_p.l(sys_wrch.o)
    0x08000fea   0x08000fea   0x00000002   PAD
    0x08000fec   0x08000fec   0x00000008   Code   RO         2287    .text               c_p.l(rt_errno_addr_intlibspace.o)
    0x08000ff4   0x08000ff4   0x00000050   Code   RO         2293    .text               c_p.l(defsig_rtmem_inner.o)
    0x08001044   0x08001044   0x00000004   Code   RO           17    .text.Error_Handler  main.o
    0x08001048   0x08001048   0x000001b4   Code   RO          276    .text.HAL_GPIO_Init  stm32u0xx_hal_gpio.o
    0x080011fc   0x080011fc   0x0000000a   Code   RO          280    .text.HAL_GPIO_ReadPin  stm32u0xx_hal_gpio.o
    0x08001206   0x08001206   0x00000010   Code   RO          282    .text.HAL_GPIO_WritePin  stm32u0xx_hal_gpio.o
    0x08001216   0x08001216   0x00000002   PAD
    0x08001218   0x08001218   0x00000008   Code   RO          484    .text.HAL_GetTick   stm32u0xx_hal.o
    0x08001220   0x08001220   0x00000014   Code   RO          482    .text.HAL_IncTick   stm32u0xx_hal.o
    0x08001234   0x08001234   0x00000018   Code   RO          472    .text.HAL_Init      stm32u0xx_hal.o
    0x0800124c   0x0800124c   0x00000048   Code   RO          474    .text.HAL_InitTick  stm32u0xx_hal.o
    0x08001294   0x08001294   0x0000002c   Code   RO           51    .text.HAL_MspInit   stm32u0xx_hal_msp.o
    0x080012c0   0x080012c0   0x00000018   Code   RO           71    .text.HAL_NVIC_EnableIRQ  stm32u0xx_hal_cortex.o
    0x080012d8   0x080012d8   0x00000040   Code   RO           69    .text.HAL_NVIC_SetPriority  stm32u0xx_hal_cortex.o
    0x08001318   0x08001318   0x00000024   Code   RO          856    .text.HAL_PCDEx_ActivateLPM  stm32u0xx_hal_pcd_ex.o
    0x0800133c   0x0800133c   0x00000002   Code   RO          860    .text.HAL_PCDEx_LPM_Callback  stm32u0xx_hal_pcd_ex.o
    0x0800133e   0x0800133e   0x00000038   Code   RO          846    .text.HAL_PCDEx_PMAConfig  stm32u0xx_hal_pcd_ex.o
    0x08001376   0x08001376   0x00000002   PAD
    0x08001378   0x08001378   0x000000d8   Code   RO         1012    .text.HAL_PCD_DataInStageCallback  ux_dcd_stm32_callback.o
    0x08001450   0x08001450   0x000000a0   Code   RO         1014    .text.HAL_PCD_DataOutStageCallback  ux_dcd_stm32_callback.o
    0x080014f0   0x080014f0   0x0000002a   Code   RO          828    .text.HAL_PCD_EP_Abort  stm32u0xx_hal_pcd.o
    0x0800151a   0x0800151a   0x0000004e   Code   RO          816    .text.HAL_PCD_EP_Close  stm32u0xx_hal_pcd.o
    0x08001568   0x08001568   0x00000060   Code   RO          826    .text.HAL_PCD_EP_ClrStall  stm32u0xx_hal_pcd.o
    0x080015c8   0x080015c8   0x00000036   Code   RO          830    .text.HAL_PCD_EP_Flush  stm32u0xx_hal_pcd.o
    0x080015fe   0x080015fe   0x00000012   Code   RO          820    .text.HAL_PCD_EP_GetRxCount  stm32u0xx_hal_pcd.o
    0x08001610   0x08001610   0x00000064   Code   RO          814    .text.HAL_PCD_EP_Open  stm32u0xx_hal_pcd.o
    0x08001674   0x08001674   0x00000028   Code   RO          818    .text.HAL_PCD_EP_Receive  stm32u0xx_hal_pcd.o
    0x0800169c   0x0800169c   0x0000005a   Code   RO          824    .text.HAL_PCD_EP_SetStall  stm32u0xx_hal_pcd.o
    0x080016f6   0x080016f6   0x0000002c   Code   RO          822    .text.HAL_PCD_EP_Transmit  stm32u0xx_hal_pcd.o
    0x08001722   0x08001722   0x00000002   PAD
    0x08001724   0x08001724   0x00000968   Code   RO          784    .text.HAL_PCD_IRQHandler  stm32u0xx_hal_pcd.o
    0x0800208c   0x0800208c   0x0000009e   Code   RO          772    .text.HAL_PCD_Init  stm32u0xx_hal_pcd.o
    0x0800212a   0x0800212a   0x00000002   PAD
    0x0800212c   0x0800212c   0x0000006c   Code   RO           57    .text.HAL_PCD_MspInit  stm32u0xx_hal_msp.o
    0x08002198   0x08002198   0x00000024   Code   RO         1016    .text.HAL_PCD_ResetCallback  ux_dcd_stm32_callback.o
    0x080021bc   0x080021bc   0x00000018   Code   RO         1024    .text.HAL_PCD_ResumeCallback  ux_dcd_stm32_callback.o
    0x080021d4   0x080021d4   0x00000018   Code   RO         1026    .text.HAL_PCD_SOFCallback  ux_dcd_stm32_callback.o
    0x080021ec   0x080021ec   0x00000024   Code   RO          788    .text.HAL_PCD_SetAddress  stm32u0xx_hal_pcd.o
    0x08002210   0x08002210   0x000000a0   Code   RO         1010    .text.HAL_PCD_SetupStageCallback  ux_dcd_stm32_callback.o
    0x080022b0   0x080022b0   0x0000002a   Code   RO          780    .text.HAL_PCD_Start  stm32u0xx_hal_pcd.o
    0x080022da   0x080022da   0x0000002a   Code   RO          782    .text.HAL_PCD_Stop  stm32u0xx_hal_pcd.o
    0x08002304   0x08002304   0x0000001c   Code   RO         1022    .text.HAL_PCD_SuspendCallback  ux_dcd_stm32_callback.o
    0x08002320   0x08002320   0x00000068   Code   RO          394    .text.HAL_PWREx_ControlVoltageScaling  stm32u0xx_hal_pwr_ex.o
    0x08002388   0x08002388   0x00000014   Code   RO          420    .text.HAL_PWREx_EnableVddUSB  stm32u0xx_hal_pwr_ex.o
    0x0800239c   0x0800239c   0x00000010   Code   RO          396    .text.HAL_PWREx_GetVoltageRange  stm32u0xx_hal_pwr_ex.o
    0x080023ac   0x080023ac   0x0000004c   Code   RO          179    .text.HAL_RCCEx_CRSConfig  stm32u0xx_hal_rcc_ex.o
    0x080023f8   0x080023f8   0x000000c8   Code   RO          151    .text.HAL_RCCEx_GetPLLClockFreq  stm32u0xx_hal_rcc_ex.o
    0x080024c0   0x080024c0   0x00000480   Code   RO          149    .text.HAL_RCCEx_GetPeriphCLKFreq  stm32u0xx_hal_rcc_ex.o
    0x08002940   0x08002940   0x00000290   Code   RO          145    .text.HAL_RCCEx_PeriphCLKConfig  stm32u0xx_hal_rcc_ex.o
    0x08002bd0   0x08002bd0   0x00000144   Code   RO          117    .text.HAL_RCC_ClockConfig  stm32u0xx_hal_rcc.o
    0x08002d14   0x08002d14   0x00000024   Code   RO          123    .text.HAL_RCC_GetPCLK1Freq  stm32u0xx_hal_rcc.o
    0x08002d38   0x08002d38   0x000000d4   Code   RO          115    .text.HAL_RCC_GetSysClockFreq  stm32u0xx_hal_rcc.o
    0x08002e0c   0x08002e0c   0x00000708   Code   RO          113    .text.HAL_RCC_OscConfig  stm32u0xx_hal_rcc.o
    0x08003514   0x08003514   0x00000034   Code   RO           77    .text.HAL_SYSTICK_Config  stm32u0xx_hal_cortex.o
    0x08003548   0x08003548   0x00000036   Code   RO          749    .text.HAL_UARTEx_DisableFifoMode  stm32u0xx_hal_uart_ex.o
    0x0800357e   0x0800357e   0x00000002   PAD
    0x08003580   0x08003580   0x00000078   Code   RO          753    .text.HAL_UARTEx_SetRxFifoThreshold  stm32u0xx_hal_uart_ex.o
    0x080035f8   0x080035f8   0x00000080   Code   RO          751    .text.HAL_UARTEx_SetTxFifoThreshold  stm32u0xx_hal_uart_ex.o
    0x08003678   0x08003678   0x0000006c   Code   RO          588    .text.HAL_UART_Init  stm32u0xx_hal_uart.o
    0x080036e4   0x080036e4   0x00000084   Code   RO           53    .text.HAL_UART_MspInit  stm32u0xx_hal_msp.o
    0x08003768   0x08003768   0x00000002   Code   RO           34    .text.HardFault_Handler  stm32u0xx_it.o
    0x0800376a   0x0800376a   0x00000002   PAD
    0x0800376c   0x0800376c   0x00000110   Code   RO          970    .text.MX_USBX_Device_Init  app_usbx_device.o
    0x0800387c   0x0800387c   0x0000002c   Code   RO           19    .text.MX_USB_PCD_Init  main.o
    0x080038a8   0x080038a8   0x00000002   Code   RO           32    .text.NMI_Handler   stm32u0xx_it.o
    0x080038aa   0x080038aa   0x00000002   Code   RO           38    .text.PendSV_Handler  stm32u0xx_it.o
    0x080038ac   0x080038ac   0x00000002   Code   RO           36    .text.SVC_Handler   stm32u0xx_it.o
    0x080038ae   0x080038ae   0x00000008   Code   RO           40    .text.SysTick_Handler  stm32u0xx_it.o
    0x080038b6   0x080038b6   0x00000002   PAD
    0x080038b8   0x080038b8   0x000000a0   Code   RO           15    .text.SystemClock_Config  main.o
    0x08003958   0x08003958   0x00000038   Code   RO          922    .text.SystemInit    system_stm32u0xx.o
    0x08003990   0x08003990   0x000000d2   Code   RO          592    .text.UART_AdvFeatureConfig  stm32u0xx_hal_uart.o
    0x08003a62   0x08003a62   0x00000002   PAD
    0x08003a64   0x08003a64   0x000000c8   Code   RO          596    .text.UART_CheckIdleState  stm32u0xx_hal_uart.o
    0x08003b2c   0x08003b2c   0x00000228   Code   RO          594    .text.UART_SetConfig  stm32u0xx_hal_uart.o
    0x08003d54   0x08003d54   0x00000184   Code   RO          610    .text.UART_WaitOnFlagUntilTimeout  stm32u0xx_hal_uart.o
    0x08003ed8   0x08003ed8   0x0000023c   Code   RO          940    .text.USBD_Device_Framework_Builder  ux_device_descriptors.o
    0x08004114   0x08004114   0x00000004   Code   RO          948    .text.USBD_Get_Configuration_Number  ux_device_descriptors.o
    0x08004118   0x08004118   0x00000058   Code   RO          938    .text.USBD_Get_Device_Framework_Speed  ux_device_descriptors.o
    0x08004170   0x08004170   0x00000054   Code   RO          946    .text.USBD_Get_Interface_Number  ux_device_descriptors.o
    0x080041c4   0x080041c4   0x00000020   Code   RO          944    .text.USBD_Get_Language_Id_Framework  ux_device_descriptors.o
    0x080041e4   0x080041e4   0x0000008c   Code   RO          942    .text.USBD_Get_String_Framework  ux_device_descriptors.o
    0x08004270   0x08004270   0x00000002   Code   RO          992    .text.USBD_HID_Keyboard_Activate  ux_device_keyboard.o
    0x08004272   0x08004272   0x00000002   Code   RO          994    .text.USBD_HID_Keyboard_Deactivate  ux_device_keyboard.o
    0x08004274   0x08004274   0x00000004   Code   RO          998    .text.USBD_HID_Keyboard_GetReport  ux_device_keyboard.o
    0x08004278   0x08004278   0x00000004   Code   RO          996    .text.USBD_HID_Keyboard_SetReport  ux_device_keyboard.o
    0x0800427c   0x0800427c   0x00000010   Code   RO          950    .text.USBD_HID_ReportDesc  ux_device_descriptors.o
    0x0800428c   0x0800428c   0x0000000c   Code   RO          952    .text.USBD_HID_ReportDesc_length  ux_device_descriptors.o
    0x08004298   0x08004298   0x00000008   Code   RO          980    .text.USBX_Device_Process  app_usbx_device.o
    0x080042a0   0x080042a0   0x0000029c   Code   RO          884    .text.USB_ActivateEndpoint  stm32u0xx_ll_usb.o
    0x0800453c   0x0800453c   0x00000010   Code   RO           42    .text.USB_DRD_FS_IRQHandler  stm32u0xx_it.o
    0x0800454c   0x0800454c   0x000000cc   Code   RO          886    .text.USB_DeactivateEndpoint  stm32u0xx_ll_usb.o
    0x08004618   0x08004618   0x0000000e   Code   RO          902    .text.USB_DevConnect  stm32u0xx_ll_usb.o
    0x08004626   0x08004626   0x0000000e   Code   RO          904    .text.USB_DevDisconnect  stm32u0xx_ll_usb.o
    0x08004634   0x08004634   0x0000001a   Code   RO          878    .text.USB_DevInit   stm32u0xx_ll_usb.o
    0x0800464e   0x0800464e   0x00000002   PAD
    0x08004650   0x08004650   0x00000010   Code   RO          874    .text.USB_DisableGlobalInt  stm32u0xx_ll_usb.o
    0x08004660   0x08004660   0x00000068   Code   RO          894    .text.USB_EPClearStall  stm32u0xx_ll_usb.o
    0x080046c8   0x080046c8   0x0000003c   Code   RO          892    .text.USB_EPSetStall  stm32u0xx_ll_usb.o
    0x08004704   0x08004704   0x00000580   Code   RO          888    .text.USB_EPStartXfer  stm32u0xx_ll_usb.o
    0x08004c84   0x08004c84   0x00000070   Code   RO          896    .text.USB_EPStopXfer  stm32u0xx_ll_usb.o
    0x08004cf4   0x08004cf4   0x00000010   Code   RO          872    .text.USB_EnableGlobalInt  stm32u0xx_ll_usb.o
    0x08004d04   0x08004d04   0x00000004   Code   RO          882    .text.USB_FlushRxFifo  stm32u0xx_ll_usb.o
    0x08004d08   0x08004d08   0x00000004   Code   RO          880    .text.USB_FlushTxFifo  stm32u0xx_ll_usb.o
    0x08004d0c   0x08004d0c   0x00000004   Code   RO          906    .text.USB_ReadInterrupts  stm32u0xx_ll_usb.o
    0x08004d10   0x08004d10   0x00000050   Code   RO          912    .text.USB_ReadPMA   stm32u0xx_ll_usb.o
    0x08004d60   0x08004d60   0x00000010   Code   RO          900    .text.USB_SetDevAddress  stm32u0xx_ll_usb.o
    0x08004d70   0x08004d70   0x00000058   Code   RO          890    .text.USB_WritePMA  stm32u0xx_ll_usb.o
    0x08004dc8   0x08004dc8   0x0000006a   Code   RO         1036    .text._ux_dcd_stm32_endpoint_create  ux_dcd_stm32_endpoint_create.o
    0x08004e32   0x08004e32   0x00000016   Code   RO         1045    .text._ux_dcd_stm32_endpoint_destroy  ux_dcd_stm32_endpoint_destroy.o
    0x08004e48   0x08004e48   0x0000003c   Code   RO         1054    .text._ux_dcd_stm32_endpoint_reset  ux_dcd_stm32_endpoint_reset.o
    0x08004e84   0x08004e84   0x0000001e   Code   RO         1063    .text._ux_dcd_stm32_endpoint_stall  ux_dcd_stm32_endpoint_stall.o
    0x08004ea2   0x08004ea2   0x00000028   Code   RO         1072    .text._ux_dcd_stm32_endpoint_status  ux_dcd_stm32_endpoint_status.o
    0x08004eca   0x08004eca   0x00000004   Code   RO         1081    .text._ux_dcd_stm32_frame_number_get  ux_dcd_stm32_frame_number_get.o
    0x08004ece   0x08004ece   0x00000002   PAD
    0x08004ed0   0x08004ed0   0x000000a0   Code   RO         1090    .text._ux_dcd_stm32_function  ux_dcd_stm32_function.o
    0x08004f70   0x08004f70   0x00000038   Code   RO         1099    .text._ux_dcd_stm32_initialize  ux_dcd_stm32_initialize.o
    0x08004fa8   0x08004fa8   0x000000e0   Code   RO         1108    .text._ux_dcd_stm32_initialize_complete  ux_dcd_stm32_initialize_complete.o
    0x08005088   0x08005088   0x000000a8   Code   RO         1008    .text._ux_dcd_stm32_setup_isr_pending  ux_dcd_stm32_callback.o
    0x08005130   0x08005130   0x0000001c   Code   RO         1126    .text._ux_dcd_stm32_transfer_abort  ux_dcd_stm32_transfer_abort.o
    0x0800514c   0x0800514c   0x00000090   Code   RO         1135    .text._ux_dcd_stm32_transfer_run  ux_dcd_stm32_transfer_run.o
    0x080051dc   0x080051dc   0x00000052   Code   RO         1759    .text._ux_device_class_hid_activate  ux_device_class_hid_activate.o
    0x0800522e   0x0800522e   0x00000002   PAD
    0x08005230   0x08005230   0x000000dc   Code   RO         1768    .text._ux_device_class_hid_control_request  ux_device_class_hid_control_request.o
    0x0800530c   0x0800530c   0x0000001c   Code   RO         1777    .text._ux_device_class_hid_deactivate  ux_device_class_hid_deactivate.o
    0x08005328   0x08005328   0x000000c8   Code   RO         1786    .text._ux_device_class_hid_descriptor_send  ux_device_class_hid_descriptor_send.o
    0x080053f0   0x080053f0   0x00000056   Code   RO         1795    .text._ux_device_class_hid_entry  ux_device_class_hid_entry.o
    0x08005446   0x08005446   0x00000002   PAD
    0x08005448   0x08005448   0x00000020   Code   RO         1804    .text._ux_device_class_hid_event_check  ux_device_class_hid_event_get.o
    0x08005468   0x08005468   0x00000010   Code   RO         1806    .text._ux_device_class_hid_event_free  ux_device_class_hid_event_get.o
    0x08005478   0x08005478   0x0000004c   Code   RO         1808    .text._ux_device_class_hid_event_get  ux_device_class_hid_event_get.o
    0x080054c4   0x080054c4   0x00000088   Code   RO         1832    .text._ux_device_class_hid_initialize  ux_device_class_hid_initialize.o
    0x0800554c   0x0800554c   0x00000090   Code   RO         1878    .text._ux_device_class_hid_report_get  ux_device_class_hid_report_get.o
    0x080055dc   0x080055dc   0x00000054   Code   RO         1887    .text._ux_device_class_hid_report_set  ux_device_class_hid_report_set.o
    0x08005630   0x08005630   0x000000b4   Code   RO         1905    .text._ux_device_class_hid_tasks_run  ux_device_class_hid_tasks_run.o
    0x080056e4   0x080056e4   0x00000016   Code   RO         1896    .text._ux_device_class_hid_uninitialize  ux_device_class_hid_uninitialize.o
    0x080056fa   0x080056fa   0x00000002   PAD
    0x080056fc   0x080056fc   0x00000048   Code   RO         1503    .text._ux_device_stack_alternate_setting_get  ux_device_stack_alternate_setting_get.o
    0x08005744   0x08005744   0x00000224   Code   RO         1512    .text._ux_device_stack_alternate_setting_set  ux_device_stack_alternate_setting_set.o
    0x08005968   0x08005968   0x00000078   Code   RO         1521    .text._ux_device_stack_class_register  ux_device_stack_class_register.o
    0x080059e0   0x080059e0   0x00000070   Code   RO         1545    .text._ux_device_stack_clear_feature  ux_device_stack_clear_feature.o
    0x08005a50   0x08005a50   0x00000028   Code   RO         1554    .text._ux_device_stack_configuration_get  ux_device_stack_configuration_get.o
    0x08005a78   0x08005a78   0x000001d8   Code   RO         1563    .text._ux_device_stack_configuration_set  ux_device_stack_configuration_set.o
    0x08005c50   0x08005c50   0x000005d4   Code   RO         1572    .text._ux_device_stack_control_request_process  ux_device_stack_control_request_process.o
    0x08006224   0x08006224   0x00000288   Code   RO         1581    .text._ux_device_stack_descriptor_send  ux_device_stack_descriptor_send.o
    0x080064ac   0x080064ac   0x00000078   Code   RO         1590    .text._ux_device_stack_disconnect  ux_device_stack_disconnect.o
    0x08006524   0x08006524   0x00000044   Code   RO         1599    .text._ux_device_stack_endpoint_stall  ux_device_stack_endpoint_stall.o
    0x08006568   0x08006568   0x000000a0   Code   RO         1608    .text._ux_device_stack_get_status  ux_device_stack_get_status.o
    0x08006608   0x08006608   0x0000023c   Code   RO         1626    .text._ux_device_stack_initialize  ux_device_stack_initialize.o
    0x08006844   0x08006844   0x00000068   Code   RO         1651    .text._ux_device_stack_interface_delete  ux_device_stack_interface_delete.o
    0x080068ac   0x080068ac   0x00000168   Code   RO         1669    .text._ux_device_stack_interface_set  ux_device_stack_interface_set.o
    0x08006a14   0x08006a14   0x00000064   Code   RO         1678    .text._ux_device_stack_interface_start  ux_device_stack_interface_start.o
    0x08006a78   0x08006a78   0x0000006c   Code   RO         1696    .text._ux_device_stack_set_feature  ux_device_stack_set_feature.o
    0x08006ae4   0x08006ae4   0x0000002c   Code   RO         1741    .text._ux_device_stack_tasks_run  ux_device_stack_tasks_run.o
    0x08006b10   0x08006b10   0x0000003c   Code   RO         1705    .text._ux_device_stack_transfer_abort  ux_device_stack_transfer_abort.o
    0x08006b4c   0x08006b4c   0x0000000c   Code   RO         1714    .text._ux_device_stack_transfer_all_request_abort  ux_device_stack_transfer_all_request_abort.o
    0x08006b58   0x08006b58   0x0000001e   Code   RO         1723    .text._ux_device_stack_transfer_request  ux_device_stack_transfer_request.o
    0x08006b76   0x08006b76   0x00000002   PAD
    0x08006b78   0x08006b78   0x000000e4   Code   RO         1750    .text._ux_device_stack_transfer_run  ux_device_stack_transfer_run.o
    0x08006c5c   0x08006c5c   0x00000018   Code   RO         1450    .text._ux_system_error_handler  ux_system_error_handler.o
    0x08006c74   0x08006c74   0x000000b4   Code   RO         1459    .text._ux_system_initialize  ux_system_initialize.o
    0x08006d28   0x08006d28   0x00000084   Code   RO         1181    .text._ux_utility_descriptor_parse  ux_utility_descriptor_parse.o
    0x08006dac   0x08006dac   0x00000008   Code   RO          974    .text._ux_utility_interrupt_disable  app_usbx_device.o
    0x08006db4   0x08006db4   0x00000006   Code   RO          976    .text._ux_utility_interrupt_restore  app_usbx_device.o
    0x08006dba   0x08006dba   0x00000016   Code   RO         1201    .text._ux_utility_long_get  ux_utility_long_get.o
    0x08006dd0   0x08006dd0   0x000000d8   Code   RO         1237    .text._ux_utility_memory_allocate  ux_utility_memory_allocate.o
    0x08006ea8   0x08006ea8   0x00000038   Code   RO         1255    .text._ux_utility_memory_allocate_mulc_safe  ux_utility_memory_allocate_mulc_safe.o
    0x08006ee0   0x08006ee0   0x0000003c   Code   RO         1300    .text._ux_utility_memory_byte_pool_create  ux_utility_memory_byte_pool_create.o
    0x08006f1c   0x08006f1c   0x000000a0   Code   RO         1309    .text._ux_utility_memory_byte_pool_search  ux_utility_memory_byte_pool_search.o
    0x08006fbc   0x08006fbc   0x00000012   Code   RO         1282    .text._ux_utility_memory_copy  ux_utility_memory_copy.o
    0x08006fce   0x08006fce   0x00000002   PAD
    0x08006fd0   0x08006fd0   0x00000054   Code   RO         1291    .text._ux_utility_memory_free  ux_utility_memory_free.o
    0x08007024   0x08007024   0x00000012   Code   RO         1318    .text._ux_utility_memory_set  ux_utility_memory_set.o
    0x08007036   0x08007036   0x0000000a   Code   RO         1370    .text._ux_utility_short_get  ux_utility_short_get.o
    0x08007040   0x08007040   0x00000034   Code   RO         1406    .text._ux_utility_string_length_check  ux_utility_string_length_check.o
    0x08007074   0x08007074   0x00000004   Code   RO          978    .text._ux_utility_time_get  app_usbx_device.o
    0x08007078   0x08007078   0x00000016   Code   RO         1461    .text._uxe_system_initialize  ux_system_initialize.o
    0x0800708e   0x0800708e   0x00000002   PAD
    0x08007090   0x08007090   0x00000194   Code   RO           13    .text.main          main.o
    0x08007224   0x08007224   0x000001f6   Code   RO         1943    .text_divfast       c_p.l(aeabi_sdivfast.o)
    0x0800741a   0x0800741a   0x0000001e   Code   RO         1993    i.fputc             c_p.l(fputc.o)
    0x08007438   0x08007438   0x00000004   Data   RO         2004    .constdata          c_p.l(sys_io_names.o)
    0x0800743c   0x0800743c   0x00000004   Data   RO         2005    .constdata          c_p.l(sys_io_names.o)
    0x08007440   0x08007440   0x00000004   Data   RO         2006    .constdata          c_p.l(sys_io_names.o)
    0x08007444   0x08007444   0x00000010   Data   RO          927    .rodata.AHBPrescTable  system_stm32u0xx.o
    0x08007454   0x08007454   0x00000008   Data   RO          928    .rodata.APBPrescTable  system_stm32u0xx.o
    0x0800745c   0x0800745c   0x00000030   Data   RO          929    .rodata.MSIRangeTable  system_stm32u0xx.o
    0x0800748c   0x0800748c   0x00000018   Data   RO          722    .rodata.UARTPrescTable  stm32u0xx_hal_uart.o
    0x080074a4   0x080074a4   0x00000010   Data   RO          763    .rodata.cst8        stm32u0xx_hal_uart_ex.o
    0x080074b4   0x080074b4   0x00000020   Data   RO         2317    Region$$Table       anon$$obj.o


    Execution Region RW_IRAM1 (Exec base: 0x20000000, Load base: 0x080074d8, Size: 0x00001c68, Max: 0x00008000, ABSOLUTE)

    Exec Addr    Load Addr    Size         Type   Attr      Idx    E Section Name        Object

    0x20000000   0x080074d8   0x00000004   Data   RW         1968    .data               c_p.l(stdio_streams.o)
    0x20000004   0x080074dc   0x00000004   Data   RW         1969    .data               c_p.l(stdio_streams.o)
    0x20000008   0x080074e0   0x00000004   Data   RW         1970    .data               c_p.l(stdio_streams.o)
    0x2000000c   0x080074e4   0x00000008   Data   RW          553    .data..L_MergedGlobals  stm32u0xx_hal.o
    0x20000014   0x080074ec   0x0000000c   Data   RW          961    .data..L_MergedGlobals  ux_device_descriptors.o
    0x20000020   0x080074f8   0x00000004   Data   RW          926    .data.SystemCoreClock  system_stm32u0xx.o
    0x20000024   0x080074fc   0x00000022   Data   RW          956    .data.USBD_HID_KEYBOARD_ReportDesc  ux_device_descriptors.o
    0x20000046   0x0800751e   0x00000004   Data   RW         1482    .data._ux_system_bos_descriptor_structure  ux_system_initialize.o
    0x2000004a   0x08007522   0x00000008   Data   RW         1466    .data._ux_system_configuration_descriptor_structure  ux_system_initialize.o
    0x20000052   0x0800752a   0x0000000e   Data   RW         1465    .data._ux_system_device_descriptor_structure  ux_system_initialize.o
    0x20000060   0x08007538   0x00000006   Data   RW         1464    .data._ux_system_endpoint_descriptor_structure  ux_system_initialize.o
    0x20000066   0x0800753e   0x00000009   Data   RW         1467    .data._ux_system_interface_descriptor_structure  ux_system_initialize.o
    0x2000006f   0x08007547   0x00000013   Data   RW         1634    .data._ux_system_slave_class_hid_name  ux_device_stack_initialize.o
    0x20000082   0x0800755a   0x00000006   PAD
    0x20000088        -       0x00000054   Zero   RW         1965    .bss                c_p.l(stdio_streams.o)
    0x200000dc        -       0x00000054   Zero   RW         1966    .bss                c_p.l(stdio_streams.o)
    0x20000130        -       0x00000054   Zero   RW         1967    .bss                c_p.l(stdio_streams.o)
    0x20000184        -       0x00000060   Zero   RW         2167    .bss                c_p.l(libspace.o)
    0x200001e4        -       0x00000020   Zero   RW          983    .bss..L_MergedGlobals  app_usbx_device.o
    0x20000204        -       0x000000c8   Zero   RW          959    .bss.DevFrameWorkDesc_FS  ux_device_descriptors.o
    0x200002cc        -       0x000000c8   Zero   RW          960    .bss.DevFrameWorkDesc_HS  ux_device_descriptors.o
    0x20000394        -       0x00000128   Zero   RW          957    .bss.USBD_Device_FS  ux_device_descriptors.o
    0x200004bc        -       0x00000128   Zero   RW          958    .bss.USBD_Device_HS  ux_device_descriptors.o
    0x200005e4        -       0x00000002   Zero   RW          955    .bss.USBD_language_id_framework  ux_device_descriptors.o
    0x200005e6   0x0800755a   0x00000002   PAD
    0x200005e8        -       0x00000100   Zero   RW          954    .bss.USBD_string_framework  ux_device_descriptors.o
    0x200006e8        -       0x00000004   Zero   RW         1485    .bss._ux_system     ux_system_initialize.o
    0x200006ec        -       0x00000004   Zero   RW         1642    .bss._ux_system_slave  ux_device_stack_initialize.o
    0x200006f0        -       0x000002dc   Zero   RW           22    .bss.hpcd_USB_DRD_FS  main.o
    0x200009cc        -       0x00000094   Zero   RW           21    .bss.huart2         main.o
    0x20000a60        -       0x00000004   Zero   RW          552    .bss.uwTick         stm32u0xx_hal.o
    0x20000a64        -       0x00000c00   Zero   RW          982    .bss.ux_device_byte_pool_buffer  app_usbx_device.o
    0x20001664   0x0800755a   0x00000004   PAD
    0x20001668        -       0x00000200   Zero   RW            2    HEAP                startup_stm32u083xx.o
    0x20001868        -       0x00000400   Zero   RW            1    STACK               startup_stm32u083xx.o


==============================================================================

Image component sizes


      Code (inc. data)   RO Data    RW Data    ZI Data      Debug   Object Name

       298         32          0          0       3104      10299   app_usbx_device.o
       612         64          0          0        880      10058   main.o
        56         26        192          0       1536        620   startup_stm32u083xx.o
       124         12          0          8          4       8296   stm32u0xx_hal.o
       140         24          0          0          0       7160   stm32u0xx_hal_cortex.o
       462         12          0          0          0       5067   stm32u0xx_hal_gpio.o
       284         20          0          0          0       9479   stm32u0xx_hal_msp.o
      3248         92          0          0          0      15587   stm32u0xx_hal_pcd.o
        94          0          0          0          0       5374   stm32u0xx_hal_pcd_ex.o
       140         16          0          0          0       8981   stm32u0xx_hal_pwr_ex.o
      2372        132          0          0          0      11578   stm32u0xx_hal_rcc.o
      2084        396          0          0          0      13871   stm32u0xx_hal_rcc_ex.o
      1458         72         24          0          0      49600   stm32u0xx_hal_uart.o
       302          8         16          0          0      12436   stm32u0xx_hal_uart_ex.o
        32          4          0          0          0        809   stm32u0xx_it.o
      2838        152          0          0          0      16161   stm32u0xx_ll_usb.o
        56         12         72          4          0       3412   system_stm32u0xx.o
       816          8          0          0          0      12839   ux_dcd_stm32_callback.o
       106          0          0          0          0       9022   ux_dcd_stm32_endpoint_create.o
        22          0          0          0          0       8590   ux_dcd_stm32_endpoint_destroy.o
        60          0          0          0          0       8655   ux_dcd_stm32_endpoint_reset.o
        30          0          0          0          0       8588   ux_dcd_stm32_endpoint_stall.o
        40          0          0          0          0       8907   ux_dcd_stm32_endpoint_status.o
         4          0          0          0          0       8429   ux_dcd_stm32_frame_number_get.o
       160         12          0          0          0       9450   ux_dcd_stm32_function.o
        56          4          0          0          0       8631   ux_dcd_stm32_initialize.o
       224          8          0          0          0       8894   ux_dcd_stm32_initialize_complete.o
        28          0          0          0          0       8604   ux_dcd_stm32_transfer_abort.o
       144          4          0          0          0       9042   ux_dcd_stm32_transfer_run.o
        82          0          0          0          0       7405   ux_device_class_hid_activate.o
       220         16          0          0          0       8070   ux_device_class_hid_control_request.o
        28          0          0          0          0       7176   ux_device_class_hid_deactivate.o
       200          4          0          0          0       8706   ux_device_class_hid_descriptor_send.o
        86          8          0          0          0       5607   ux_device_class_hid_entry.o
       124          4          0          0          0       8596   ux_device_class_hid_event_get.o
       136          4          0          0          0       8193   ux_device_class_hid_initialize.o
       144          0          0          0          0       7775   ux_device_class_hid_report_get.o
        84          4          0          0          0       7568   ux_device_class_hid_report_set.o
       180         10          0          0          0       7572   ux_device_class_hid_tasks_run.o
        22          0          0          0          0       7160   ux_device_class_hid_uninitialize.o
       948         80          0         46       1250       8882   ux_device_descriptors.o
        12          0          0          0          0       7354   ux_device_keyboard.o
        72          4          0          0          0       5793   ux_device_stack_alternate_setting_get.o
       548         16          0          0          0       8174   ux_device_stack_alternate_setting_set.o
       120          4          0          0          0       7461   ux_device_stack_class_register.o
       112          0          0          0          0       6566   ux_device_stack_clear_feature.o
        40          4          0          0          0       5561   ux_device_stack_configuration_get.o
       472         12          0          0          0       7592   ux_device_stack_configuration_set.o
      1492         40          0          0          0      11155   ux_device_stack_control_request_process.o
       648         68          0          0          0       9027   ux_device_stack_descriptor_send.o
       120          0          0          0          0       6359   ux_device_stack_disconnect.o
        68          0          0          0          0       6010   ux_device_stack_endpoint_stall.o
       160          4          0          0          0       6461   ux_device_stack_get_status.o
       572          4          0         19          4      11526   ux_device_stack_initialize.o
       104          4          0          0          0       6226   ux_device_stack_interface_delete.o
       360         16          0          0          0       7428   ux_device_stack_interface_set.o
       100          0          0          0          0       5780   ux_device_stack_interface_start.o
       108          0          0          0          0       6526   ux_device_stack_set_feature.o
        44          0          0          0          0       5947   ux_device_stack_tasks_run.o
        60          4          0          0          0       6010   ux_device_stack_transfer_abort.o
        12          0          0          0          0       5558   ux_device_stack_transfer_all_request_abort.o
        30          0          0          0          0       5580   ux_device_stack_transfer_request.o
       228          4          0          0          0       6638   ux_device_stack_transfer_run.o
        24          0          0          0          0        765   ux_system_error_handler.o
       202          4          0         41          4      11449   ux_system_initialize.o
       132          0          0          0          0       1808   ux_utility_descriptor_parse.o
        22          0          0          0          0        758   ux_utility_long_get.o
       216          0          0          0          0       2162   ux_utility_memory_allocate.o
        56          0          0          0          0        920   ux_utility_memory_allocate_mulc_safe.o
        60          0          0          0          0       1533   ux_utility_memory_byte_pool_create.o
       160          0          0          0          0       2133   ux_utility_memory_byte_pool_search.o
        18          0          0          0          0        905   ux_utility_memory_copy.o
        84          8          0          0          0       1515   ux_utility_memory_free.o
        18          0          0          0          0        856   ux_utility_memory_set.o
        10          0          0          0          0        768   ux_utility_short_get.o
        52          0          0          0          0       1073   ux_utility_string_length_check.o

    ----------------------------------------------------------------------
     25112       1436        336        120       6792     572526   Object Totals
         0          0         32          0          0          0   (incl. Generated)
        32          0          0          2         10          0   (incl. Padding)

    ----------------------------------------------------------------------

      Code (inc. data)   RO Data    RW Data    ZI Data      Debug   Library Member Name

         8          0          0          0          0         68   __main.o
        36          0          0          0          0         76   __printf_nopercent.o
         0          0          0          0          0          0   __rtentry.o
        12          0          0          0          0          0   __rtentry2.o
         6          0          0          0          0          0   __rtentry4.o
        60          8          0          0          0          0   __scatter.o
        26          0          0          0          0          0   __scatter_copy.o
        28          0          0          0          0          0   __scatter_zi.o
        48          6          0          0          0         88   _printf_char_common.o
        40          6          0          0          0         72   _printf_char_file.o
        18          0          0          0          0         68   aeabi_memset.o
      1006          4          0          0          0        184   aeabi_sdivfast.o
        12          0          0          0          0         68   defsig_exit.o
        52          0          0          0          0         72   defsig_general.o
        80         58          0          0          0         68   defsig_rtmem_inner.o
        12          0          0          0          0         68   defsig_rtmem_outer.o
        52         38          0          0          0         68   defsig_rtred_inner.o
        12          0          0          0          0         68   defsig_rtred_outer.o
        16          0          0          0          0         68   exit.o
        76          4          0          0          0         76   fclose.o
         8          0          0          0          0         60   ferror.o
       496         10          0          0          0         76   flsbuf.o
       240         10          0          0          0        108   fopen.o
        30          0          0          0          0         68   fputc.o
       244          4          0          0          0         76   fseek.o
        66          0          0          0          0         68   ftell.o
        98          0          0          0          0         72   h1_alloc.o
        52          0          0          0          0         68   h1_extend.o
        76          0          0          0          0         72   h1_free.o
        14          0          0          0          0         76   h1_init.o
         6          0          0          0          0        136   heapauxi.o
         4          0          0          0          0        120   hguard.o
         0          0          0          0          0          0   indicate_semi.o
       136          0          0          0          0        160   init_alloc.o
       316         44          0          0          0         96   initio.o
         2          0          0          0          0          0   libinit.o
        14          0          0          0          0          0   libinit2.o
         2          0          0          0          0          0   libshutdown.o
         6          0          0          0          0          0   libshutdown2.o
         8          4          0          0         96         68   libspace.o
        48          0          0          0          0         72   llmul.o
       272          0          0          0          0         88   lludiv.o
         0          0          0          0          0          0   maybetermalloc1.o
        28          6          0          0          0         84   noretval__2printf.o
         8          4          0          0          0         68   rt_errno_addr_intlibspace.o
         8          4          0          0          0         68   rt_heap_descriptor_intlibspace.o
        64          0          0          0          0        108   rt_memclr.o
         2          0          0          0          0          0   rtexit.o
        10          0          0          0          0          0   rtexit2.o
        76          4          0          0          0         72   setvbuf.o
       240          8          0          0          0        144   stdio.o
         0          0          0         12        252          0   stdio_streams.o
        68          6          0          0          0         72   strlen.o
        12          4          0          0          0         60   sys_exit.o
       102          0          0          0          0        232   sys_io.o
         0          0         12          0          0          0   sys_io_names.o
        62          0          0          0          0         80   sys_stackheap_outer.o
        12          0          0          0          0         68   sys_wrch.o
         2          0          0          0          0         68   use_no_semi.o

    ----------------------------------------------------------------------
      4448        232         12         12        348       3720   Library Totals
        16          0          0          0          0          0   (incl. Padding)

    ----------------------------------------------------------------------

      Code (inc. data)   RO Data    RW Data    ZI Data      Debug   Library Name

      4432        232         12         12        348       3720   c_p.l

    ----------------------------------------------------------------------
      4448        232         12         12        348       3720   Library Totals

    ----------------------------------------------------------------------

==============================================================================


      Code (inc. data)   RO Data    RW Data    ZI Data      Debug   

     29560       1668        348        132       7140     573266   Grand Totals
     29560       1668        348        132       7140     573266   ELF Image Totals
     29560       1668        348        132          0          0   ROM Totals

==============================================================================

    Total RO  Size (Code + RO Data)                29908 (  29.21kB)
    Total RW  Size (RW Data + ZI Data)              7272 (   7.10kB)
    Total ROM Size (Code + RO Data + RW Data)      30040 (  29.34kB)

==============================================================================

