<html>
<body>
<pre>
<h1>µVision Build Log</h1>
<h2>Tool Versions:</h2>
IDE-Version: µVision V5.34.0.0
Copyright (C) 2021 ARM Ltd and ARM Germany GmbH. All rights reserved.
License Information: Wedy Hsiao, Wacom, LIC=22BNM-X4AAT-XE0HI-RI9K8-T85HB-IUFE9
 
Tool Versions:
Toolchain:       MDK-ARM Essential  Version: 5.34.0.0
Toolchain Path:  C:\Keil_v5\ARM\ARMCLANG\Bin
C Compiler:      ArmClang.exe V6.16
Assembler:       Armasm.exe V6.16
Linker/Locator:  ArmLink.exe V6.16
Library Manager: ArmAr.exe V6.16
Hex Converter:   FromElf.exe V6.16
CPU DLL:         SARMCM3.DLL V5.34.0.0
Dialog DLL:      DARMCM1.DLL V1.19.4.0
Target DLL:      STLink\ST-LINKIII-KEIL_SWO.dll V3.0.8.0
Dialog DLL:      TARMCM1.DLL V1.14.3.0
 
<h2>Project:</h2>
C:\SpaceX\STM32Cube_FW_U0_V1.2.0\Projects\STM32U083HCY6\MDK-ARM\STM32U083HCY6.uvprojx
Project File Date:  04/30/2025

<h2>Output:</h2>
*** Using Compiler 'V6.16', folder: 'C:\Keil_v5\ARM\ARMCLANG\Bin'
Rebuild target 'STM32U083HCY6'
compiling stm32u0xx_it.c...
assembling startup_stm32u083xx.s...
compiling stm32u0xx_hal_msp.c...
compiling main.c...
compiling stm32u0xx_hal_flash_ex.c...
compiling stm32u0xx_hal_flash.c...
compiling stm32u0xx_hal_gpio.c...
compiling stm32u0xx_hal_rcc.c...
compiling stm32u0xx_hal_cortex.c...
compiling stm32u0xx_hal_dma.c...
compiling stm32u0xx_hal_rcc_ex.c...
compiling stm32u0xx_hal_dma_ex.c...
compiling stm32u0xx_hal.c...
compiling stm32u0xx_hal_pwr.c...
compiling stm32u0xx_hal_exti.c...
compiling stm32u0xx_hal_pwr_ex.c...
compiling stm32u0xx_hal_uart_ex.c...
compiling stm32u0xx_hal_pcd_ex.c...
compiling system_stm32u0xx.c...
compiling ux_device_keyboard.c...
compiling stm32u0xx_hal_pcd.c...
compiling app_usbx_device.c...
compiling ux_dcd_stm32_callback.c...
compiling stm32u0xx_ll_usb.c...
compiling ux_device_descriptors.c...
compiling ux_dcd_stm32_endpoint_create.c...
compiling stm32u0xx_hal_uart.c...
compiling ux_dcd_stm32_endpoint_stall.c...
compiling ux_dcd_stm32_endpoint_reset.c...
compiling ux_dcd_stm32_endpoint_destroy.c...
compiling ux_dcd_stm32_endpoint_status.c...
compiling ux_dcd_stm32_function.c...
compiling ux_dcd_stm32_frame_number_get.c...
compiling ux_dcd_stm32_initialize.c...
compiling ux_dcd_stm32_interrupt_handler.c...
compiling ux_dcd_stm32_initialize_complete.c...
compiling ux_dcd_stm32_transfer_abort.c...
compiling ux_utility_debug_callback_register.c...
compiling ux_system_tasks_run.c...
compiling ux_utility_debug_log.c...
compiling ux_dcd_stm32_uninitialize.c...
compiling ux_dcd_stm32_transfer_run.c...
compiling ux_utility_delay_ms.c...
compiling ux_utility_descriptor_pack.c...
compiling ux_utility_long_get.c...
compiling ux_utility_long_put_big_endian.c...
compiling ux_utility_error_callback_register.c...
compiling ux_utility_descriptor_parse.c...
compiling ux_utility_long_get_big_endian.c...
compiling ux_utility_memory_allocate_add_safe.c...
compiling ux_utility_long_put.c...
compiling ux_utility_memory_compare.c...
compiling ux_utility_memory_allocate_mulc_safe.c...
compiling ux_utility_memory_allocate.c...
compiling ux_utility_memory_allocate_mulv_safe.c...
compiling ux_utility_memory_copy.c...
compiling ux_utility_memory_free.c...
compiling ux_utility_memory_byte_pool_search.c...
compiling ux_utility_memory_byte_pool_create.c...
compiling ux_utility_pci_class_scan.c...
compiling ux_utility_memory_set.c...
compiling ux_utility_pci_read.c...
compiling ux_utility_pci_write.c...
compiling ux_utility_physical_address.c...
compiling ux_utility_set_interrupt_handler.c...
compiling ux_utility_short_get.c...
compiling ux_utility_short_get_big_endian.c...
compiling ux_utility_short_put.c...
compiling ux_utility_short_put_big_endian.c...
compiling ux_utility_string_length_check.c...
compiling ux_utility_string_length_get.c...
compiling ux_utility_virtual_address.c...
compiling ux_utility_unicode_to_string.c...
compiling ux_utility_string_to_unicode.c...
compiling ux_system_error_handler.c...
compiling ux_system_initialize.c...
compiling ux_system_uninitialize.c...
compiling ux_device_stack_alternate_setting_get.c...
compiling ux_device_stack_clear_feature.c...
compiling ux_device_stack_class_unregister.c...
compiling ux_device_stack_alternate_setting_set.c...
compiling ux_device_stack_class_register.c...
compiling ux_device_stack_configuration_get.c...
compiling ux_device_stack_disconnect.c...
compiling ux_device_stack_configuration_set.c...
compiling ux_device_stack_descriptor_send.c...
compiling ux_device_stack_endpoint_stall.c...
compiling ux_device_stack_control_request_process.c...
compiling ux_device_stack_get_status.c...
compiling ux_device_stack_host_wakeup.c...
compiling ux_device_stack_interface_get.c...
compiling ux_device_stack_interface_delete.c...
compiling ux_device_stack_initialize.c...
compiling ux_device_stack_interface_start.c...
compiling ux_device_stack_microsoft_extension_register.c...
compiling ux_device_stack_interface_set.c...
compiling ux_device_stack_set_feature.c...
compiling ux_device_stack_transfer_abort.c...
compiling ux_device_stack_transfer_all_request_abort.c...
compiling ux_device_stack_uninitialize.c...
compiling ux_device_stack_transfer_request.c...
compiling ux_device_stack_tasks_run.c...
compiling ux_device_stack_transfer_run.c...
compiling ux_device_class_hid_activate.c...
compiling ux_device_class_hid_control_request.c...
compiling ux_device_class_hid_deactivate.c...
compiling ux_device_class_hid_descriptor_send.c...
compiling ux_device_class_hid_entry.c...
compiling ux_device_class_hid_event_get.c...
compiling ux_device_class_hid_receiver_event_free.c...
compiling ux_device_class_hid_event_set.c...
compiling ux_device_class_hid_initialize.c...
compiling ux_device_class_hid_receiver_event_get.c...
compiling ux_device_class_hid_receiver_uninitialize.c...
compiling ux_device_class_hid_receiver_initialize.c...
compiling ux_device_class_hid_report_get.c...
compiling ux_device_class_hid_uninitialize.c...
compiling ux_device_class_hid_report_set.c...
compiling ux_device_class_hid_tasks_run.c...
compiling ux_device_class_hid_receiver_tasks_run.c...
compiling ux_device_class_hid_read_run.c...
linking...
Program Size: Code=29560 RO-data=348 RW-data=132 ZI-data=7140  
FromELF: creating hex file...
"STM32U083HCY6\STM32U083HCY6.axf" - 0 Error(s), 0 Warning(s).

<h2>Software Packages used:</h2>

Package Vendor: ARM
                http://www.keil.com/pack/ARM.CMSIS.5.7.0.pack
                ARM.CMSIS.5.7.0
                CMSIS (Cortex Microcontroller Software Interface Standard)
   * Component: CORE Version: 5.4.0

Package Vendor: Keil
                https://www.keil.com/pack/Keil.STM32U0xx_DFP.2.0.0.pack
                Keil.STM32U0xx_DFP.2.0.0
                STMicroelectronics STM32U0 Series Device Support

<h2>Collection of Component include folders:</h2>
  .\RTE\_STM32U083HCY6
  C:\Users\wedy.hsiao\AppData\Local\Arm\Packs\ARM\CMSIS\5.7.0\CMSIS\Core\Include

<h2>Collection of Component Files used:</h2>

   * Component: ARM::CMSIS:CORE:5.4.0
Build Time Elapsed:  00:00:16
</pre>
</body>
</html>
