C:/SpaceX/STM32Cube_FW_U0_V1.2.0/Projects/STM32U083HCY6/Core/Src/main.c:64:5:_write	24	static
C:/SpaceX/STM32Cube_FW_U0_V1.2.0/Projects/STM32U083HCY6/Core/Src/main.c:75:5:main	8	static
C:/SpaceX/STM32Cube_FW_U0_V1.2.0/Projects/STM32U083HCY6/Core/Src/main.c:126:6:SystemClock_Config	136	static
C:/SpaceX/STM32Cube_FW_U0_V1.2.0/Projects/STM32U083HCY6/Core/Src/main.c:184:13:MX_USART2_UART_Init	8	static
C:/SpaceX/STM32Cube_FW_U0_V1.2.0/Projects/STM32U083HCY6/Core/Src/main.c:232:6:MX_USB_PCD_Init	8	static
C:/SpaceX/STM32Cube_FW_U0_V1.2.0/Projects/STM32U083HCY6/Core/Src/main.c:265:13:MX_GPIO_Init	48	static
C:/SpaceX/STM32Cube_FW_U0_V1.2.0/Projects/STM32U083HCY6/Core/Src/main.c:313:13:CheckPA15State	24	static
C:/SpaceX/STM32Cube_FW_U0_V1.2.0/Projects/STM32U083HCY6/Core/Src/main.c:341:6:Error_Handler	8	static,ignoring_inline_asm
